[0.016s] Invoking command in '/home/doja/athena_ws/build/athena_interfaces': CMAKE_PREFIX_PATH=${CMAKE_PREFIX_PATH}:/home/doja/athena_ws/install/athena_health_manager:/home/doja/athena_ws/install/athena_core:/home/doja/athena_ws/install/athena_bringup:/opt/ros/jazzy /usr/bin/cmake --build /home/doja/athena_ws/build/athena_interfaces -- -j12 -l12
[0.111s] [  1%] [34m[1mGenerating Rust code for ROS interfaces[0m
[0.112s] [  3%] [34m[1mGenerating type hashes for ROS interfaces[0m
[0.120s] [  3%] Built target ament_cmake_python_symlink_athena_interfaces
[0.278s] running egg_info
[0.279s] creating athena_interfaces.egg-info
[0.283s] [  3%] Built target athena_interfaces__rosidl_generator_type_description
[0.292s] writing athena_interfaces.egg-info/PKG-INFO
[0.293s] writing dependency_links to athena_interfaces.egg-info/dependency_links.txt
[0.293s] writing top-level names to athena_interfaces.egg-info/top_level.txt
[0.293s] [  5%] [34m[1mGenerating C code for ROS interfaces[0m
[0.293s] writing manifest file 'athena_interfaces.egg-info/SOURCES.txt'
[0.301s] [  7%] [34m[1mGenerating C++ code for ROS interfaces[0m
[0.305s] [  7%] Built target athena_interfaces__rs
[0.327s] reading manifest file 'athena_interfaces.egg-info/SOURCES.txt'
[0.328s] writing manifest file 'athena_interfaces.egg-info/SOURCES.txt'
[0.348s] [  7%] Built target ament_cmake_python_build_athena_interfaces_egg
[0.520s] [  7%] Built target athena_interfaces__cpp
[0.555s] [ 10%] [32mBuilding C object CMakeFiles/athena_interfaces__rosidl_generator_c.dir/rosidl_generator_c/athena_interfaces/msg/detail/system_health__description.c.o[0m
[0.555s] [ 10%] [32mBuilding C object CMakeFiles/athena_interfaces__rosidl_generator_c.dir/rosidl_generator_c/athena_interfaces/msg/detail/system_health__functions.c.o[0m
[0.556s] [ 12%] [32mBuilding C object CMakeFiles/athena_interfaces__rosidl_generator_c.dir/rosidl_generator_c/athena_interfaces/msg/detail/system_health__type_support.c.o[0m
[0.556s] [ 14%] [32mBuilding C object CMakeFiles/athena_interfaces__rosidl_generator_c.dir/rosidl_generator_c/athena_interfaces/msg/detail/vehicle_state__type_support.c.o[0m
[0.557s] [ 16%] [32mBuilding C object CMakeFiles/athena_interfaces__rosidl_generator_c.dir/rosidl_generator_c/athena_interfaces/msg/detail/mission_status__description.c.o[0m
[0.558s] [ 18%] [32mBuilding C object CMakeFiles/athena_interfaces__rosidl_generator_c.dir/rosidl_generator_c/athena_interfaces/msg/detail/vehicle_state__functions.c.o[0m
[0.558s] [ 20%] [32mBuilding C object CMakeFiles/athena_interfaces__rosidl_generator_c.dir/rosidl_generator_c/athena_interfaces/msg/detail/vehicle_state__description.c.o[0m
[0.559s] [ 21%] [32mBuilding C object CMakeFiles/athena_interfaces__rosidl_generator_c.dir/rosidl_generator_c/athena_interfaces/msg/detail/mission_status__functions.c.o[0m
[0.559s] [ 23%] [32mBuilding C object CMakeFiles/athena_interfaces__rosidl_generator_c.dir/rosidl_generator_c/athena_interfaces/msg/detail/mission_status__type_support.c.o[0m
[0.695s] [ 25%] [32m[1mLinking C shared library libathena_interfaces__rosidl_generator_c.so[0m
[0.790s] [ 25%] Built target athena_interfaces__rosidl_generator_c
[0.801s] [ 29%] [34m[1mGenerating C++ introspection for ROS interfaces[0m
[0.801s] [ 29%] [34m[1mGenerating C type support for eProsima Fast-RTPS[0m
[0.801s] [ 30%] [34m[1mGenerating C++ type support dispatch for ROS interfaces[0m
[0.802s] [ 32%] [34m[1mGenerating C introspection for ROS interfaces[0m
[0.805s] [ 36%] [34m[1mGenerating C type support dispatch for ROS interfaces[0m
[0.805s] [ 36%] [34m[1mGenerating C++ type support for eProsima Fast-RTPS[0m
[1.023s] [ 40%] [32mBuilding CXX object CMakeFiles/athena_interfaces__rosidl_typesupport_cpp.dir/rosidl_typesupport_cpp/athena_interfaces/msg/vehicle_state__type_support.cpp.o[0m
[1.024s] [ 40%] [32mBuilding CXX object CMakeFiles/athena_interfaces__rosidl_typesupport_cpp.dir/rosidl_typesupport_cpp/athena_interfaces/msg/system_health__type_support.cpp.o[0m
[1.025s] [ 41%] [32mBuilding CXX object CMakeFiles/athena_interfaces__rosidl_typesupport_cpp.dir/rosidl_typesupport_cpp/athena_interfaces/msg/mission_status__type_support.cpp.o[0m
[1.075s] [ 45%] [32mBuilding CXX object CMakeFiles/athena_interfaces__rosidl_typesupport_c.dir/rosidl_typesupport_c/athena_interfaces/msg/vehicle_state__type_support.cpp.o[0m
[1.075s] [ 45%] [32mBuilding CXX object CMakeFiles/athena_interfaces__rosidl_typesupport_introspection_cpp.dir/rosidl_typesupport_introspection_cpp/athena_interfaces/msg/detail/vehicle_state__type_support.cpp.o[0m
[1.076s] [ 49%] [32mBuilding CXX object CMakeFiles/athena_interfaces__rosidl_typesupport_introspection_cpp.dir/rosidl_typesupport_introspection_cpp/athena_interfaces/msg/detail/system_health__type_support.cpp.o[0m
[1.076s] [ 49%] [32mBuilding CXX object CMakeFiles/athena_interfaces__rosidl_typesupport_c.dir/rosidl_typesupport_c/athena_interfaces/msg/system_health__type_support.cpp.o[0m
[1.078s] [ 50%] [32mBuilding CXX object CMakeFiles/athena_interfaces__rosidl_typesupport_introspection_cpp.dir/rosidl_typesupport_introspection_cpp/athena_interfaces/msg/detail/mission_status__type_support.cpp.o[0m
[1.079s] [ 52%] [32mBuilding C object CMakeFiles/athena_interfaces__rosidl_typesupport_introspection_c.dir/rosidl_typesupport_introspection_c/athena_interfaces/msg/detail/system_health__type_support.c.o[0m
[1.085s] [ 54%] [32mBuilding CXX object CMakeFiles/athena_interfaces__rosidl_typesupport_c.dir/rosidl_typesupport_c/athena_interfaces/msg/mission_status__type_support.cpp.o[0m
[1.125s] [ 56%] [32mBuilding C object CMakeFiles/athena_interfaces__rosidl_typesupport_introspection_c.dir/rosidl_typesupport_introspection_c/athena_interfaces/msg/detail/vehicle_state__type_support.c.o[0m
[1.125s] [ 58%] [32mBuilding C object CMakeFiles/athena_interfaces__rosidl_typesupport_introspection_c.dir/rosidl_typesupport_introspection_c/athena_interfaces/msg/detail/mission_status__type_support.c.o[0m
[1.126s] [ 60%] [32m[1mLinking CXX shared library libathena_interfaces__rosidl_typesupport_c.so[0m
[1.158s] [ 63%] [32mBuilding CXX object CMakeFiles/athena_interfaces__rosidl_typesupport_fastrtps_c.dir/rosidl_typesupport_fastrtps_c/athena_interfaces/msg/detail/system_health__type_support_c.cpp.o[0m
[1.158s] [ 63%] [32mBuilding CXX object CMakeFiles/athena_interfaces__rosidl_typesupport_fastrtps_c.dir/rosidl_typesupport_fastrtps_c/athena_interfaces/msg/detail/vehicle_state__type_support_c.cpp.o[0m
[1.159s] [ 65%] [32mBuilding CXX object CMakeFiles/athena_interfaces__rosidl_typesupport_fastrtps_c.dir/rosidl_typesupport_fastrtps_c/athena_interfaces/msg/detail/mission_status__type_support_c.cpp.o[0m
[1.166s] [ 67%] [32m[1mLinking C shared library libathena_interfaces__rosidl_typesupport_introspection_c.so[0m
[1.172s] [ 69%] [32mBuilding CXX object CMakeFiles/athena_interfaces__rosidl_typesupport_fastrtps_cpp.dir/rosidl_typesupport_fastrtps_cpp/athena_interfaces/msg/detail/dds_fastrtps/system_health__type_support.cpp.o[0m
[1.365s] [ 69%] Built target athena_interfaces__rosidl_typesupport_c
[1.376s] [ 70%] [32mBuilding CXX object CMakeFiles/athena_interfaces__rosidl_typesupport_fastrtps_cpp.dir/rosidl_typesupport_fastrtps_cpp/athena_interfaces/msg/detail/dds_fastrtps/vehicle_state__type_support.cpp.o[0m
[1.400s] [ 70%] Built target athena_interfaces__rosidl_typesupport_introspection_c
[1.427s] [ 72%] [32mBuilding CXX object CMakeFiles/athena_interfaces__rosidl_typesupport_fastrtps_cpp.dir/rosidl_typesupport_fastrtps_cpp/athena_interfaces/msg/detail/dds_fastrtps/mission_status__type_support.cpp.o[0m
[1.583s] [ 74%] [32m[1mLinking CXX shared library libathena_interfaces__rosidl_typesupport_cpp.so[0m
[1.601s] [ 76%] [32m[1mLinking CXX shared library libathena_interfaces__rosidl_typesupport_introspection_cpp.so[0m
[1.699s] [ 76%] Built target athena_interfaces__rosidl_typesupport_cpp
[1.745s] [ 76%] Built target athena_interfaces__rosidl_typesupport_introspection_cpp
[1.800s] [ 78%] [32m[1mLinking CXX shared library libathena_interfaces__rosidl_typesupport_fastrtps_c.so[0m
[1.931s] [ 80%] [32m[1mLinking CXX shared library libathena_interfaces__rosidl_typesupport_fastrtps_cpp.so[0m
[1.932s] [ 80%] Built target athena_interfaces__rosidl_typesupport_fastrtps_c
[2.047s] [ 80%] Built target athena_interfaces__rosidl_typesupport_fastrtps_cpp
[2.062s] [ 80%] Built target athena_interfaces
[2.077s] [ 81%] [34m[1mGenerating Python code for ROS interfaces[0m
[2.341s] [ 81%] Built target athena_interfaces__py
[2.357s] [ 85%] [32mBuilding C object CMakeFiles/athena_interfaces__rosidl_generator_py.dir/rosidl_generator_py/athena_interfaces/msg/_vehicle_state_s.c.o[0m
[2.357s] [ 85%] [32mBuilding C object CMakeFiles/athena_interfaces__rosidl_generator_py.dir/rosidl_generator_py/athena_interfaces/msg/_system_health_s.c.o[0m
[2.359s] [ 87%] [32mBuilding C object CMakeFiles/athena_interfaces__rosidl_generator_py.dir/rosidl_generator_py/athena_interfaces/msg/_mission_status_s.c.o[0m
[2.474s] [ 89%] [32m[1mLinking C shared library libathena_interfaces__rosidl_generator_py.so[0m
[2.569s] [ 89%] Built target athena_interfaces__rosidl_generator_py
[2.583s] [ 90%] [32mBuilding C object CMakeFiles/athena_interfaces_s__rosidl_typesupport_c.dir/rosidl_generator_py/athena_interfaces/_athena_interfaces_s.ep.rosidl_typesupport_c.c.o[0m
[2.583s] [ 92%] [32mBuilding C object CMakeFiles/athena_interfaces_s__rosidl_typesupport_introspection_c.dir/rosidl_generator_py/athena_interfaces/_athena_interfaces_s.ep.rosidl_typesupport_introspection_c.c.o[0m
[2.583s] [ 94%] [32mBuilding C object CMakeFiles/athena_interfaces_s__rosidl_typesupport_fastrtps_c.dir/rosidl_generator_py/athena_interfaces/_athena_interfaces_s.ep.rosidl_typesupport_fastrtps_c.c.o[0m
[2.649s] [ 98%] [32m[1mLinking C shared module rosidl_generator_py/athena_interfaces/athena_interfaces_s__rosidl_typesupport_c.so[0m
[2.649s] [ 98%] [32m[1mLinking C shared module rosidl_generator_py/athena_interfaces/athena_interfaces_s__rosidl_typesupport_fastrtps_c.so[0m
[2.649s] [100%] [32m[1mLinking C shared module rosidl_generator_py/athena_interfaces/athena_interfaces_s__rosidl_typesupport_introspection_c.so[0m
[2.758s] [100%] Built target athena_interfaces_s__rosidl_typesupport_fastrtps_c
[2.766s] [100%] Built target athena_interfaces_s__rosidl_typesupport_c
[2.779s] [100%] Built target athena_interfaces_s__rosidl_typesupport_introspection_c
