[0.917s] Invoking command in '/home/doja/athena_ws/build/athena_core': PYTHONPATH=/home/doja/athena_ws/build/athena_core/prefix_override:/usr/lib/python3/dist-packages/colcon_core/task/python/colcon_distutils_commands:/home/doja/athena_ws/install/athena_core/lib/python3.12/site-packages:/home/doja/athena_ws/install/athena_interfaces/lib/python3.12/site-packages:/home/doja/athena_ws/build/athena_health_manager:/home/doja/athena_ws/install/athena_health_manager/lib/python3.12/site-packages:/home/doja/athena_ws/build/athena_core:/home/doja/athena_ws/build/athena_bringup:/home/doja/athena_ws/install/athena_core/lib/python3.12/site-packages:/home/doja/athena_ws/install/athena_bringup/lib/python3.12/site-packages:/opt/ros/jazzy/lib/python3.12/site-packages /usr/bin/python3 -W ignore:setup.py install is deprecated -W ignore:easy_install command is deprecated setup.py develop --editable --build-directory /home/doja/athena_ws/build/athena_core/build --no-deps symlink_data
[1.112s] running develop
[1.217s] running egg_info
[1.217s] creating athena_core.egg-info
[1.226s] writing athena_core.egg-info/PKG-INFO
[1.226s] writing dependency_links to athena_core.egg-info/dependency_links.txt
[1.226s] writing entry points to athena_core.egg-info/entry_points.txt
[1.226s] writing requirements to athena_core.egg-info/requires.txt
[1.226s] writing top-level names to athena_core.egg-info/top_level.txt
[1.226s] writing manifest file 'athena_core.egg-info/SOURCES.txt'
[1.246s] reading manifest file 'athena_core.egg-info/SOURCES.txt'
[1.247s] writing manifest file 'athena_core.egg-info/SOURCES.txt'
[1.258s] running build_ext
[1.258s] Creating /home/doja/athena_ws/install/athena_core/lib/python3.12/site-packages/athena-core.egg-link (link to .)
[1.259s] Installing athena_manager script to /home/doja/athena_ws/install/athena_core/lib/athena_core
[1.259s] 
[1.259s] Installed /home/doja/athena_ws/build/athena_core
[1.259s] running symlink_data
[1.259s] creating /home/doja/athena_ws/install/athena_core/share/ament_index
[1.259s] creating /home/doja/athena_ws/install/athena_core/share/ament_index/resource_index
[1.259s] creating /home/doja/athena_ws/install/athena_core/share/ament_index/resource_index/packages
[1.259s] symbolically linking /home/doja/athena_ws/build/athena_core/resource/athena_core -> /home/doja/athena_ws/install/athena_core/share/ament_index/resource_index/packages
[1.259s] symbolically linking /home/doja/athena_ws/build/athena_core/package.xml -> /home/doja/athena_ws/install/athena_core/share/athena_core
[1.283s] Invoked command in '/home/doja/athena_ws/build/athena_core' returned '0': PYTHONPATH=/home/doja/athena_ws/build/athena_core/prefix_override:/usr/lib/python3/dist-packages/colcon_core/task/python/colcon_distutils_commands:/home/doja/athena_ws/install/athena_core/lib/python3.12/site-packages:/home/doja/athena_ws/install/athena_interfaces/lib/python3.12/site-packages:/home/doja/athena_ws/build/athena_health_manager:/home/doja/athena_ws/install/athena_health_manager/lib/python3.12/site-packages:/home/doja/athena_ws/build/athena_core:/home/doja/athena_ws/build/athena_bringup:/home/doja/athena_ws/install/athena_core/lib/python3.12/site-packages:/home/doja/athena_ws/install/athena_bringup/lib/python3.12/site-packages:/opt/ros/jazzy/lib/python3.12/site-packages /usr/bin/python3 -W ignore:setup.py install is deprecated -W ignore:easy_install command is deprecated setup.py develop --editable --build-directory /home/doja/athena_ws/build/athena_core/build --no-deps symlink_data
