[  1%] Built target athena_interfaces__rs
[  3%] Built target athena_interfaces__rosidl_generator_type_description
[  3%] Built target ament_cmake_python_symlink_athena_interfaces
[  5%] Built target athena_interfaces__cpp
[ 25%] Built target athena_interfaces__rosidl_generator_c
[ 40%] Built target athena_interfaces__rosidl_typesupport_introspection_cpp
[ 43%] Built target athena_interfaces__rosidl_typesupport_cpp
[ 61%] Built target athena_interfaces__rosidl_typesupport_c
[ 61%] Built target athena_interfaces__rosidl_typesupport_introspection_c
[ 78%] Built target athena_interfaces__rosidl_typesupport_fastrtps_cpp
[ 80%] Built target athena_interfaces__rosidl_typesupport_fastrtps_c
[ 80%] Built target athena_interfaces
[ 81%] Built target athena_interfaces__py
[ 89%] Built target athena_interfaces__rosidl_generator_py
[ 96%] Built target athena_interfaces_s__rosidl_typesupport_c
[ 96%] Built target athena_interfaces_s__rosidl_typesupport_fastrtps_c
[100%] Built target athena_interfaces_s__rosidl_typesupport_introspection_c
running egg_info
writing athena_interfaces.egg-info/PKG-INFO
writing dependency_links to athena_interfaces.egg-info/dependency_links.txt
writing top-level names to athena_interfaces.egg-info/top_level.txt
reading manifest file 'athena_interfaces.egg-info/SOURCES.txt'
writing manifest file 'athena_interfaces.egg-info/SOURCES.txt'
[100%] Built target ament_cmake_python_build_athena_interfaces_egg
-- Install configuration: ""
-- Execute custom install script
-- Symlinking: /home/doja/athena_ws/install/athena_interfaces/share/ament_index/resource_index/rosidl_interfaces/athena_interfaces
-- Symlinking: /home/doja/athena_ws/install/athena_interfaces/share/athena_interfaces/msg/SystemHealth.json
-- Symlinking: /home/doja/athena_ws/install/athena_interfaces/share/athena_interfaces/msg/VehicleState.json
-- Symlinking: /home/doja/athena_ws/install/athena_interfaces/share/athena_interfaces/msg/MissionStatus.json
-- Symlinking: /home/doja/athena_ws/install/athena_interfaces/include/athena_interfaces/athena_interfaces/msg/detail/mission_status__functions.h
-- Symlinking: /home/doja/athena_ws/install/athena_interfaces/include/athena_interfaces/athena_interfaces/msg/detail/mission_status__struct.h
-- Symlinking: /home/doja/athena_ws/install/athena_interfaces/include/athena_interfaces/athena_interfaces/msg/detail/mission_status__type_support.h
-- Symlinking: /home/doja/athena_ws/install/athena_interfaces/include/athena_interfaces/athena_interfaces/msg/detail/system_health__functions.h
-- Symlinking: /home/doja/athena_ws/install/athena_interfaces/include/athena_interfaces/athena_interfaces/msg/detail/system_health__struct.h
-- Symlinking: /home/doja/athena_ws/install/athena_interfaces/include/athena_interfaces/athena_interfaces/msg/detail/system_health__type_support.h
-- Symlinking: /home/doja/athena_ws/install/athena_interfaces/include/athena_interfaces/athena_interfaces/msg/detail/vehicle_state__functions.h
-- Symlinking: /home/doja/athena_ws/install/athena_interfaces/include/athena_interfaces/athena_interfaces/msg/detail/vehicle_state__struct.h
-- Symlinking: /home/doja/athena_ws/install/athena_interfaces/include/athena_interfaces/athena_interfaces/msg/detail/vehicle_state__type_support.h
-- Symlinking: /home/doja/athena_ws/install/athena_interfaces/include/athena_interfaces/athena_interfaces/msg/mission_status.h
-- Symlinking: /home/doja/athena_ws/install/athena_interfaces/include/athena_interfaces/athena_interfaces/msg/rosidl_generator_c__visibility_control.h
-- Symlinking: /home/doja/athena_ws/install/athena_interfaces/include/athena_interfaces/athena_interfaces/msg/system_health.h
-- Symlinking: /home/doja/athena_ws/install/athena_interfaces/include/athena_interfaces/athena_interfaces/msg/vehicle_state.h
-- Symlinking: /home/doja/athena_ws/install/athena_interfaces/share/athena_interfaces/environment/library_path.sh
-- Symlinking: /home/doja/athena_ws/install/athena_interfaces/share/athena_interfaces/environment/library_path.dsv
-- Symlinking: /home/doja/athena_ws/install/athena_interfaces/include/athena_interfaces/athena_interfaces/msg/detail/mission_status__rosidl_typesupport_fastrtps_c.h
-- Symlinking: /home/doja/athena_ws/install/athena_interfaces/include/athena_interfaces/athena_interfaces/msg/detail/system_health__rosidl_typesupport_fastrtps_c.h
-- Symlinking: /home/doja/athena_ws/install/athena_interfaces/include/athena_interfaces/athena_interfaces/msg/detail/vehicle_state__rosidl_typesupport_fastrtps_c.h
-- Symlinking: /home/doja/athena_ws/install/athena_interfaces/include/athena_interfaces/athena_interfaces/msg/rosidl_typesupport_fastrtps_c__visibility_control.h
-- Symlinking: /home/doja/athena_ws/install/athena_interfaces/include/athena_interfaces/athena_interfaces/msg/detail/mission_status__rosidl_typesupport_introspection_c.h
-- Symlinking: /home/doja/athena_ws/install/athena_interfaces/include/athena_interfaces/athena_interfaces/msg/detail/system_health__rosidl_typesupport_introspection_c.h
-- Symlinking: /home/doja/athena_ws/install/athena_interfaces/include/athena_interfaces/athena_interfaces/msg/detail/vehicle_state__rosidl_typesupport_introspection_c.h
-- Symlinking: /home/doja/athena_ws/install/athena_interfaces/include/athena_interfaces/athena_interfaces/msg/rosidl_typesupport_introspection_c__visibility_control.h
-- Symlinking: /home/doja/athena_ws/install/athena_interfaces/include/athena_interfaces/athena_interfaces/msg/detail/mission_status__builder.hpp
-- Symlinking: /home/doja/athena_ws/install/athena_interfaces/include/athena_interfaces/athena_interfaces/msg/detail/mission_status__struct.hpp
-- Symlinking: /home/doja/athena_ws/install/athena_interfaces/include/athena_interfaces/athena_interfaces/msg/detail/mission_status__traits.hpp
-- Symlinking: /home/doja/athena_ws/install/athena_interfaces/include/athena_interfaces/athena_interfaces/msg/detail/mission_status__type_support.hpp
-- Symlinking: /home/doja/athena_ws/install/athena_interfaces/include/athena_interfaces/athena_interfaces/msg/detail/system_health__builder.hpp
-- Symlinking: /home/doja/athena_ws/install/athena_interfaces/include/athena_interfaces/athena_interfaces/msg/detail/system_health__struct.hpp
-- Symlinking: /home/doja/athena_ws/install/athena_interfaces/include/athena_interfaces/athena_interfaces/msg/detail/system_health__traits.hpp
-- Symlinking: /home/doja/athena_ws/install/athena_interfaces/include/athena_interfaces/athena_interfaces/msg/detail/system_health__type_support.hpp
-- Symlinking: /home/doja/athena_ws/install/athena_interfaces/include/athena_interfaces/athena_interfaces/msg/detail/vehicle_state__builder.hpp
-- Symlinking: /home/doja/athena_ws/install/athena_interfaces/include/athena_interfaces/athena_interfaces/msg/detail/vehicle_state__struct.hpp
-- Symlinking: /home/doja/athena_ws/install/athena_interfaces/include/athena_interfaces/athena_interfaces/msg/detail/vehicle_state__traits.hpp
-- Symlinking: /home/doja/athena_ws/install/athena_interfaces/include/athena_interfaces/athena_interfaces/msg/detail/vehicle_state__type_support.hpp
-- Symlinking: /home/doja/athena_ws/install/athena_interfaces/include/athena_interfaces/athena_interfaces/msg/mission_status.hpp
-- Symlinking: /home/doja/athena_ws/install/athena_interfaces/include/athena_interfaces/athena_interfaces/msg/rosidl_generator_cpp__visibility_control.hpp
-- Symlinking: /home/doja/athena_ws/install/athena_interfaces/include/athena_interfaces/athena_interfaces/msg/system_health.hpp
-- Symlinking: /home/doja/athena_ws/install/athena_interfaces/include/athena_interfaces/athena_interfaces/msg/vehicle_state.hpp
-- Symlinking: /home/doja/athena_ws/install/athena_interfaces/include/athena_interfaces/athena_interfaces/msg/detail/mission_status__rosidl_typesupport_fastrtps_cpp.hpp
-- Symlinking: /home/doja/athena_ws/install/athena_interfaces/include/athena_interfaces/athena_interfaces/msg/detail/system_health__rosidl_typesupport_fastrtps_cpp.hpp
-- Symlinking: /home/doja/athena_ws/install/athena_interfaces/include/athena_interfaces/athena_interfaces/msg/detail/vehicle_state__rosidl_typesupport_fastrtps_cpp.hpp
-- Symlinking: /home/doja/athena_ws/install/athena_interfaces/include/athena_interfaces/athena_interfaces/msg/rosidl_typesupport_fastrtps_cpp__visibility_control.h
-- Symlinking: /home/doja/athena_ws/install/athena_interfaces/include/athena_interfaces/athena_interfaces/msg/detail/mission_status__rosidl_typesupport_introspection_cpp.hpp
-- Symlinking: /home/doja/athena_ws/install/athena_interfaces/include/athena_interfaces/athena_interfaces/msg/detail/system_health__rosidl_typesupport_introspection_cpp.hpp
-- Symlinking: /home/doja/athena_ws/install/athena_interfaces/include/athena_interfaces/athena_interfaces/msg/detail/vehicle_state__rosidl_typesupport_introspection_cpp.hpp
-- Symlinking: /home/doja/athena_ws/install/athena_interfaces/share/athena_interfaces/environment/pythonpath.sh
-- Symlinking: /home/doja/athena_ws/install/athena_interfaces/share/athena_interfaces/environment/pythonpath.dsv
-- Symlinking: /home/doja/athena_ws/install/athena_interfaces/lib/python3.12/site-packages/athena_interfaces-0.0.0-py3.12.egg-info/PKG-INFO
-- Symlinking: /home/doja/athena_ws/install/athena_interfaces/lib/python3.12/site-packages/athena_interfaces-0.0.0-py3.12.egg-info/SOURCES.txt
-- Symlinking: /home/doja/athena_ws/install/athena_interfaces/lib/python3.12/site-packages/athena_interfaces-0.0.0-py3.12.egg-info/dependency_links.txt
-- Symlinking: /home/doja/athena_ws/install/athena_interfaces/lib/python3.12/site-packages/athena_interfaces-0.0.0-py3.12.egg-info/top_level.txt
-- Symlinking: /home/doja/athena_ws/install/athena_interfaces/lib/python3.12/site-packages/athena_interfaces/__init__.py
-- Symlinking: /home/doja/athena_ws/install/athena_interfaces/lib/python3.12/site-packages/athena_interfaces/_athena_interfaces_s.ep.rosidl_typesupport_c.c
-- Symlinking: /home/doja/athena_ws/install/athena_interfaces/lib/python3.12/site-packages/athena_interfaces/_athena_interfaces_s.ep.rosidl_typesupport_fastrtps_c.c
-- Symlinking: /home/doja/athena_ws/install/athena_interfaces/lib/python3.12/site-packages/athena_interfaces/_athena_interfaces_s.ep.rosidl_typesupport_introspection_c.c
-- Symlinking: /home/doja/athena_ws/install/athena_interfaces/lib/python3.12/site-packages/athena_interfaces/athena_interfaces_s__rosidl_typesupport_c.so
-- Symlinking: /home/doja/athena_ws/install/athena_interfaces/lib/python3.12/site-packages/athena_interfaces/athena_interfaces_s__rosidl_typesupport_fastrtps_c.so
-- Symlinking: /home/doja/athena_ws/install/athena_interfaces/lib/python3.12/site-packages/athena_interfaces/athena_interfaces_s__rosidl_typesupport_introspection_c.so
-- Symlinking: /home/doja/athena_ws/install/athena_interfaces/lib/python3.12/site-packages/athena_interfaces/msg/__init__.py
-- Symlinking: /home/doja/athena_ws/install/athena_interfaces/lib/python3.12/site-packages/athena_interfaces/msg/_mission_status.py
-- Symlinking: /home/doja/athena_ws/install/athena_interfaces/lib/python3.12/site-packages/athena_interfaces/msg/_mission_status_s.c
-- Symlinking: /home/doja/athena_ws/install/athena_interfaces/lib/python3.12/site-packages/athena_interfaces/msg/_system_health.py
-- Symlinking: /home/doja/athena_ws/install/athena_interfaces/lib/python3.12/site-packages/athena_interfaces/msg/_system_health_s.c
-- Symlinking: /home/doja/athena_ws/install/athena_interfaces/lib/python3.12/site-packages/athena_interfaces/msg/_vehicle_state.py
-- Symlinking: /home/doja/athena_ws/install/athena_interfaces/lib/python3.12/site-packages/athena_interfaces/msg/_vehicle_state_s.c
-- Up-to-date symlink: /home/doja/athena_ws/install/athena_interfaces/lib/python3.12/site-packages/athena_interfaces/athena_interfaces_s__rosidl_typesupport_fastrtps_c.so
-- Up-to-date symlink: /home/doja/athena_ws/install/athena_interfaces/lib/python3.12/site-packages/athena_interfaces/athena_interfaces_s__rosidl_typesupport_introspection_c.so
-- Up-to-date symlink: /home/doja/athena_ws/install/athena_interfaces/lib/python3.12/site-packages/athena_interfaces/athena_interfaces_s__rosidl_typesupport_c.so
-- Symlinking: /home/doja/athena_ws/install/athena_interfaces/share/ament_index/resource_index/rust_packages/athena_interfaces
-- Symlinking: /home/doja/athena_ws/install/athena_interfaces/share/athena_interfaces/rust/Cargo.toml
-- Symlinking: /home/doja/athena_ws/install/athena_interfaces/share/athena_interfaces/rust/build.rs
-- Symlinking: /home/doja/athena_ws/install/athena_interfaces/share/athena_interfaces/rust/src/lib.rs
-- Symlinking: /home/doja/athena_ws/install/athena_interfaces/share/athena_interfaces/rust/src/msg.rs
-- Symlinking: /home/doja/athena_ws/install/athena_interfaces/share/athena_interfaces/rust/src/msg/rmw.rs
-- Symlinking: /home/doja/athena_ws/install/athena_interfaces/share/athena_interfaces/msg/SystemHealth.idl
-- Symlinking: /home/doja/athena_ws/install/athena_interfaces/share/athena_interfaces/msg/VehicleState.idl
-- Symlinking: /home/doja/athena_ws/install/athena_interfaces/share/athena_interfaces/msg/MissionStatus.idl
-- Symlinking: /home/doja/athena_ws/install/athena_interfaces/share/athena_interfaces/msg/SystemHealth.msg
-- Symlinking: /home/doja/athena_ws/install/athena_interfaces/share/athena_interfaces/msg/VehicleState.msg
-- Symlinking: /home/doja/athena_ws/install/athena_interfaces/share/athena_interfaces/msg/MissionStatus.msg
-- Symlinking: /home/doja/athena_ws/install/athena_interfaces/share/ament_index/resource_index/package_run_dependencies/athena_interfaces
-- Symlinking: /home/doja/athena_ws/install/athena_interfaces/share/ament_index/resource_index/parent_prefix_path/athena_interfaces
-- Symlinking: /home/doja/athena_ws/install/athena_interfaces/share/athena_interfaces/environment/ament_prefix_path.sh
-- Symlinking: /home/doja/athena_ws/install/athena_interfaces/share/athena_interfaces/environment/ament_prefix_path.dsv
-- Symlinking: /home/doja/athena_ws/install/athena_interfaces/share/athena_interfaces/environment/path.sh
-- Symlinking: /home/doja/athena_ws/install/athena_interfaces/share/athena_interfaces/environment/path.dsv
-- Symlinking: /home/doja/athena_ws/install/athena_interfaces/share/athena_interfaces/local_setup.bash
-- Symlinking: /home/doja/athena_ws/install/athena_interfaces/share/athena_interfaces/local_setup.sh
-- Symlinking: /home/doja/athena_ws/install/athena_interfaces/share/athena_interfaces/local_setup.zsh
-- Symlinking: /home/doja/athena_ws/install/athena_interfaces/share/athena_interfaces/local_setup.dsv
-- Symlinking: /home/doja/athena_ws/install/athena_interfaces/share/athena_interfaces/package.dsv
-- Symlinking: /home/doja/athena_ws/install/athena_interfaces/share/ament_index/resource_index/packages/athena_interfaces
-- Symlinking: /home/doja/athena_ws/install/athena_interfaces/share/athena_interfaces/cmake/rosidl_cmake-extras.cmake
-- Symlinking: /home/doja/athena_ws/install/athena_interfaces/share/athena_interfaces/cmake/ament_cmake_export_dependencies-extras.cmake
-- Symlinking: /home/doja/athena_ws/install/athena_interfaces/share/athena_interfaces/cmake/ament_cmake_export_include_directories-extras.cmake
-- Symlinking: /home/doja/athena_ws/install/athena_interfaces/share/athena_interfaces/cmake/ament_cmake_export_libraries-extras.cmake
-- Symlinking: /home/doja/athena_ws/install/athena_interfaces/share/athena_interfaces/cmake/ament_cmake_export_targets-extras.cmake
-- Symlinking: /home/doja/athena_ws/install/athena_interfaces/share/athena_interfaces/cmake/rosidl_cmake_export_typesupport_targets-extras.cmake
-- Symlinking: /home/doja/athena_ws/install/athena_interfaces/share/athena_interfaces/cmake/rosidl_cmake_export_typesupport_libraries-extras.cmake
-- Symlinking: /home/doja/athena_ws/install/athena_interfaces/share/athena_interfaces/cmake/rosidl_cmake_aggregate_target-extras.cmake
-- Symlinking: /home/doja/athena_ws/install/athena_interfaces/share/athena_interfaces/cmake/athena_interfacesConfig.cmake
-- Symlinking: /home/doja/athena_ws/install/athena_interfaces/share/athena_interfaces/cmake/athena_interfacesConfig-version.cmake
-- Symlinking: /home/doja/athena_ws/install/athena_interfaces/share/athena_interfaces/package.xml
-- Installing: /home/doja/athena_ws/install/athena_interfaces/lib/libathena_interfaces__rosidl_generator_c.so
-- Set non-toolchain portion of runtime path of "/home/doja/athena_ws/install/athena_interfaces/lib/libathena_interfaces__rosidl_generator_c.so" to ""
-- Installing: /home/doja/athena_ws/install/athena_interfaces/lib/libathena_interfaces__rosidl_typesupport_fastrtps_c.so
-- Set non-toolchain portion of runtime path of "/home/doja/athena_ws/install/athena_interfaces/lib/libathena_interfaces__rosidl_typesupport_fastrtps_c.so" to ""
-- Installing: /home/doja/athena_ws/install/athena_interfaces/lib/libathena_interfaces__rosidl_typesupport_introspection_c.so
-- Set non-toolchain portion of runtime path of "/home/doja/athena_ws/install/athena_interfaces/lib/libathena_interfaces__rosidl_typesupport_introspection_c.so" to ""
-- Installing: /home/doja/athena_ws/install/athena_interfaces/lib/libathena_interfaces__rosidl_typesupport_c.so
-- Set non-toolchain portion of runtime path of "/home/doja/athena_ws/install/athena_interfaces/lib/libathena_interfaces__rosidl_typesupport_c.so" to ""
-- Installing: /home/doja/athena_ws/install/athena_interfaces/lib/libathena_interfaces__rosidl_typesupport_fastrtps_cpp.so
-- Set non-toolchain portion of runtime path of "/home/doja/athena_ws/install/athena_interfaces/lib/libathena_interfaces__rosidl_typesupport_fastrtps_cpp.so" to ""
-- Installing: /home/doja/athena_ws/install/athena_interfaces/lib/libathena_interfaces__rosidl_typesupport_introspection_cpp.so
-- Set non-toolchain portion of runtime path of "/home/doja/athena_ws/install/athena_interfaces/lib/libathena_interfaces__rosidl_typesupport_introspection_cpp.so" to ""
-- Installing: /home/doja/athena_ws/install/athena_interfaces/lib/libathena_interfaces__rosidl_typesupport_cpp.so
-- Set non-toolchain portion of runtime path of "/home/doja/athena_ws/install/athena_interfaces/lib/libathena_interfaces__rosidl_typesupport_cpp.so" to ""
Listing '/home/doja/athena_ws/install/athena_interfaces/lib/python3.12/site-packages/athena_interfaces'...
Compiling '/home/doja/athena_ws/install/athena_interfaces/lib/python3.12/site-packages/athena_interfaces/__init__.py'...
Listing '/home/doja/athena_ws/install/athena_interfaces/lib/python3.12/site-packages/athena_interfaces/msg'...
Compiling '/home/doja/athena_ws/install/athena_interfaces/lib/python3.12/site-packages/athena_interfaces/msg/__init__.py'...
Compiling '/home/doja/athena_ws/install/athena_interfaces/lib/python3.12/site-packages/athena_interfaces/msg/_mission_status.py'...
Compiling '/home/doja/athena_ws/install/athena_interfaces/lib/python3.12/site-packages/athena_interfaces/msg/_system_health.py'...
Compiling '/home/doja/athena_ws/install/athena_interfaces/lib/python3.12/site-packages/athena_interfaces/msg/_vehicle_state.py'...
-- Installing: /home/doja/athena_ws/install/athena_interfaces/lib/libathena_interfaces__rosidl_generator_py.so
-- Set non-toolchain portion of runtime path of "/home/doja/athena_ws/install/athena_interfaces/lib/libathena_interfaces__rosidl_generator_py.so" to ""
-- Installing: /home/doja/athena_ws/install/athena_interfaces/share/athena_interfaces/cmake/export_athena_interfaces__rosidl_generator_cExport.cmake
-- Installing: /home/doja/athena_ws/install/athena_interfaces/share/athena_interfaces/cmake/export_athena_interfaces__rosidl_generator_cExport-noconfig.cmake
-- Installing: /home/doja/athena_ws/install/athena_interfaces/share/athena_interfaces/cmake/export_athena_interfaces__rosidl_typesupport_fastrtps_cExport.cmake
-- Installing: /home/doja/athena_ws/install/athena_interfaces/share/athena_interfaces/cmake/export_athena_interfaces__rosidl_typesupport_fastrtps_cExport-noconfig.cmake
-- Installing: /home/doja/athena_ws/install/athena_interfaces/share/athena_interfaces/cmake/athena_interfaces__rosidl_typesupport_introspection_cExport.cmake
-- Installing: /home/doja/athena_ws/install/athena_interfaces/share/athena_interfaces/cmake/athena_interfaces__rosidl_typesupport_introspection_cExport-noconfig.cmake
-- Installing: /home/doja/athena_ws/install/athena_interfaces/share/athena_interfaces/cmake/athena_interfaces__rosidl_typesupport_cExport.cmake
-- Installing: /home/doja/athena_ws/install/athena_interfaces/share/athena_interfaces/cmake/athena_interfaces__rosidl_typesupport_cExport-noconfig.cmake
-- Installing: /home/doja/athena_ws/install/athena_interfaces/share/athena_interfaces/cmake/export_athena_interfaces__rosidl_generator_cppExport.cmake
-- Installing: /home/doja/athena_ws/install/athena_interfaces/share/athena_interfaces/cmake/export_athena_interfaces__rosidl_typesupport_fastrtps_cppExport.cmake
-- Installing: /home/doja/athena_ws/install/athena_interfaces/share/athena_interfaces/cmake/export_athena_interfaces__rosidl_typesupport_fastrtps_cppExport-noconfig.cmake
-- Installing: /home/doja/athena_ws/install/athena_interfaces/share/athena_interfaces/cmake/athena_interfaces__rosidl_typesupport_introspection_cppExport.cmake
-- Installing: /home/doja/athena_ws/install/athena_interfaces/share/athena_interfaces/cmake/athena_interfaces__rosidl_typesupport_introspection_cppExport-noconfig.cmake
-- Installing: /home/doja/athena_ws/install/athena_interfaces/share/athena_interfaces/cmake/athena_interfaces__rosidl_typesupport_cppExport.cmake
-- Installing: /home/doja/athena_ws/install/athena_interfaces/share/athena_interfaces/cmake/athena_interfaces__rosidl_typesupport_cppExport-noconfig.cmake
-- Installing: /home/doja/athena_ws/install/athena_interfaces/share/athena_interfaces/cmake/export_athena_interfaces__rosidl_generator_pyExport.cmake
-- Installing: /home/doja/athena_ws/install/athena_interfaces/share/athena_interfaces/cmake/export_athena_interfaces__rosidl_generator_pyExport-noconfig.cmake
