running develop
running egg_info
creating athena_core.egg-info
writing athena_core.egg-info/PKG-INFO
writing dependency_links to athena_core.egg-info/dependency_links.txt
writing entry points to athena_core.egg-info/entry_points.txt
writing requirements to athena_core.egg-info/requires.txt
writing top-level names to athena_core.egg-info/top_level.txt
writing manifest file 'athena_core.egg-info/SOURCES.txt'
reading manifest file 'athena_core.egg-info/SOURCES.txt'
writing manifest file 'athena_core.egg-info/SOURCES.txt'
running build_ext
Creating /home/athena-uav/Athena/Athena-UAV/install/athena_core/lib/python3.12/site-packages/athena-core.egg-link (link to .)
Installing athena_manager script to /home/athena-uav/Athena/Athena-UAV/install/athena_core/lib/athena_core

Installed /home/athena-uav/Athena/Athena-UAV/build/athena_core
running symlink_data
creating /home/athena-uav/Athena/Athena-UAV/install/athena_core/share/ament_index
creating /home/athena-uav/Athena/Athena-UAV/install/athena_core/share/ament_index/resource_index
creating /home/athena-uav/Athena/Athena-UAV/install/athena_core/share/ament_index/resource_index/packages
symbolically linking /home/athena-uav/Athena/Athena-UAV/build/athena_core/resource/athena_core -> /home/athena-uav/Athena/Athena-UAV/install/athena_core/share/ament_index/resource_index/packages
symbolically linking /home/athena-uav/Athena/Athena-UAV/build/athena_core/package.xml -> /home/athena-uav/Athena/Athena-UAV/install/athena_core/share/athena_core
