[7.726s] Invoking command in '/home/athena-uav/Athena/Athena-UAV/build/athena_core': AMENT_PREFIX_PATH=/home/athena-uav/Athena/Athena-UAV/install/athena_interfaces:${AMENT_PREFIX_PATH} CMAKE_PREFIX_PATH=/home/athena-uav/Athena/Athena-UAV/install/athena_interfaces:${CMAKE_PREFIX_PATH} DEBUGINFOD_URLS=https://debuginfod.ubuntu.com LD_LIBRARY_PATH=/home/athena-uav/Athena/Athena-UAV/install/athena_interfaces/lib:${LD_LIBRARY_PATH} PYTHONPATH=/home/athena-uav/Athena/Athena-UAV/build/athena_core/prefix_override:/usr/lib/python3/dist-packages/colcon_core/task/python/colcon_distutils_commands:/home/athena-uav/Athena/Athena-UAV/install/athena_core/lib/python3.12/site-packages:/home/athena-uav/Athena/Athena-UAV/install/athena_interfaces/lib/python3.12/site-packages:${PYTHONPATH} /usr/bin/python3 -W ignore:setup.py install is deprecated -W ignore:easy_install command is deprecated setup.py develop --editable --build-directory /home/athena-uav/Athena/Athena-UAV/build/athena_core/build --no-deps symlink_data
[9.917s] running develop
[11.414s] running egg_info
[11.414s] creating athena_core.egg-info
[11.549s] writing athena_core.egg-info/PKG-INFO
[11.549s] writing dependency_links to athena_core.egg-info/dependency_links.txt
[11.551s] writing entry points to athena_core.egg-info/entry_points.txt
[11.552s] writing requirements to athena_core.egg-info/requires.txt
[11.552s] writing top-level names to athena_core.egg-info/top_level.txt
[11.553s] writing manifest file 'athena_core.egg-info/SOURCES.txt'
[11.836s] reading manifest file 'athena_core.egg-info/SOURCES.txt'
[11.838s] writing manifest file 'athena_core.egg-info/SOURCES.txt'
[12.064s] running build_ext
[12.065s] Creating /home/athena-uav/Athena/Athena-UAV/install/athena_core/lib/python3.12/site-packages/athena-core.egg-link (link to .)
[12.067s] Installing athena_manager script to /home/athena-uav/Athena/Athena-UAV/install/athena_core/lib/athena_core
[12.067s] 
[12.070s] Installed /home/athena-uav/Athena/Athena-UAV/build/athena_core
[12.071s] running symlink_data
[12.078s] creating /home/athena-uav/Athena/Athena-UAV/install/athena_core/share/ament_index
[12.083s] creating /home/athena-uav/Athena/Athena-UAV/install/athena_core/share/ament_index/resource_index
[12.086s] creating /home/athena-uav/Athena/Athena-UAV/install/athena_core/share/ament_index/resource_index/packages
[12.088s] symbolically linking /home/athena-uav/Athena/Athena-UAV/build/athena_core/resource/athena_core -> /home/athena-uav/Athena/Athena-UAV/install/athena_core/share/ament_index/resource_index/packages
[12.095s] symbolically linking /home/athena-uav/Athena/Athena-UAV/build/athena_core/package.xml -> /home/athena-uav/Athena/Athena-UAV/install/athena_core/share/athena_core
[12.307s] Invoked command in '/home/athena-uav/Athena/Athena-UAV/build/athena_core' returned '0': AMENT_PREFIX_PATH=/home/athena-uav/Athena/Athena-UAV/install/athena_interfaces:${AMENT_PREFIX_PATH} CMAKE_PREFIX_PATH=/home/athena-uav/Athena/Athena-UAV/install/athena_interfaces:${CMAKE_PREFIX_PATH} DEBUGINFOD_URLS=https://debuginfod.ubuntu.com LD_LIBRARY_PATH=/home/athena-uav/Athena/Athena-UAV/install/athena_interfaces/lib:${LD_LIBRARY_PATH} PYTHONPATH=/home/athena-uav/Athena/Athena-UAV/build/athena_core/prefix_override:/usr/lib/python3/dist-packages/colcon_core/task/python/colcon_distutils_commands:/home/athena-uav/Athena/Athena-UAV/install/athena_core/lib/python3.12/site-packages:/home/athena-uav/Athena/Athena-UAV/install/athena_interfaces/lib/python3.12/site-packages:${PYTHONPATH} /usr/bin/python3 -W ignore:setup.py install is deprecated -W ignore:easy_install command is deprecated setup.py develop --editable --build-directory /home/athena-uav/Athena/Athena-UAV/build/athena_core/build --no-deps symlink_data
