[0.223s] DEBUG:colcon:Command line arguments: ['/usr/bin/colcon', 'build', '--symlink-install']
[0.223s] DEBUG:colcon:Parsed command line arguments: Namespace(log_base=None, log_level=None, verb_name='build', build_base='build', install_base='install', merge_install=False, symlink_install=True, test_result_base=None, continue_on_error=False, executor='parallel', parallel_workers=12, event_handlers=None, ignore_user_meta=False, metas=['./colcon.meta'], base_paths=['.'], packages_ignore=None, packages_ignore_regex=None, paths=None, packages_up_to=None, packages_up_to_regex=None, packages_above=None, packages_above_and_dependencies=None, packages_above_depth=None, packages_select_by_dep=None, packages_skip_by_dep=None, packages_skip_up_to=None, packages_select_build_failed=False, packages_skip_build_finished=False, packages_select_test_failures=False, packages_skip_test_passed=False, packages_select=None, packages_skip=None, packages_select_regex=None, packages_skip_regex=None, packages_start=None, packages_end=None, allow_overriding=[], cmake_args=None, cmake_target=None, cmake_target_skip_unavailable=False, cmake_clean_cache=False, cmake_clean_first=False, cmake_force_configure=False, ament_cmake_args=None, catkin_cmake_args=None, catkin_skip_building_tests=False, mixin_files=None, mixin=None, verb_parser=<colcon_mixin.mixin.mixin_argument.MixinArgumentDecorator object at 0x717ef6f90cb0>, verb_extension=<colcon_core.verb.build.BuildVerb object at 0x717ef70b9490>, main=<bound method BuildVerb.main of <colcon_core.verb.build.BuildVerb object at 0x717ef70b9490>>, mixin_verb=('build',))
[0.281s] Level 1:colcon.colcon_core.package_discovery:discover_packages(colcon_meta) check parameters
[0.281s] Level 1:colcon.colcon_core.package_discovery:discover_packages(recursive) check parameters
[0.281s] Level 1:colcon.colcon_core.package_discovery:discover_packages(ignore) check parameters
[0.281s] Level 1:colcon.colcon_core.package_discovery:discover_packages(path) check parameters
[0.282s] Level 1:colcon.colcon_core.package_discovery:discover_packages(colcon_meta) discover
[0.282s] Level 1:colcon.colcon_core.package_discovery:discover_packages(recursive) discover
[0.282s] INFO:colcon.colcon_core.package_discovery:Crawling recursively for packages in '/home/doja/athena_ws'
[0.282s] Level 1:colcon.colcon_core.package_identification:_identify(.) by extensions ['ignore', 'ignore_ament_install']
[0.282s] Level 1:colcon.colcon_core.package_identification:_identify(.) by extension 'ignore'
[0.282s] Level 1:colcon.colcon_core.package_identification:_identify(.) by extension 'ignore_ament_install'
[0.282s] Level 1:colcon.colcon_core.package_identification:_identify(.) by extensions ['colcon_pkg']
[0.282s] Level 1:colcon.colcon_core.package_identification:_identify(.) by extension 'colcon_pkg'
[0.282s] Level 1:colcon.colcon_core.package_identification:_identify(.) by extensions ['colcon_meta']
[0.282s] Level 1:colcon.colcon_core.package_identification:_identify(.) by extension 'colcon_meta'
[0.282s] Level 1:colcon.colcon_core.package_identification:_identify(.) by extensions ['ros']
[0.282s] Level 1:colcon.colcon_core.package_identification:_identify(.) by extension 'ros'
[0.311s] Level 1:colcon.colcon_core.package_identification:_identify(.) by extensions ['cmake', 'python']
[0.311s] Level 1:colcon.colcon_core.package_identification:_identify(.) by extension 'cmake'
[0.311s] Level 1:colcon.colcon_core.package_identification:_identify(.) by extension 'python'
[0.311s] Level 1:colcon.colcon_core.package_identification:_identify(.) by extensions ['python_setup_py']
[0.311s] Level 1:colcon.colcon_core.package_identification:_identify(.) by extension 'python_setup_py'
[0.311s] Level 1:colcon.colcon_core.package_identification:_identify(build) by extensions ['ignore', 'ignore_ament_install']
[0.311s] Level 1:colcon.colcon_core.package_identification:_identify(build) by extension 'ignore'
[0.311s] Level 1:colcon.colcon_core.package_identification:_identify(build) ignored
[0.312s] Level 1:colcon.colcon_core.package_identification:_identify(docs) by extensions ['ignore', 'ignore_ament_install']
[0.312s] Level 1:colcon.colcon_core.package_identification:_identify(docs) by extension 'ignore'
[0.312s] Level 1:colcon.colcon_core.package_identification:_identify(docs) by extension 'ignore_ament_install'
[0.312s] Level 1:colcon.colcon_core.package_identification:_identify(docs) by extensions ['colcon_pkg']
[0.312s] Level 1:colcon.colcon_core.package_identification:_identify(docs) by extension 'colcon_pkg'
[0.312s] Level 1:colcon.colcon_core.package_identification:_identify(docs) by extensions ['colcon_meta']
[0.312s] Level 1:colcon.colcon_core.package_identification:_identify(docs) by extension 'colcon_meta'
[0.312s] Level 1:colcon.colcon_core.package_identification:_identify(docs) by extensions ['ros']
[0.312s] Level 1:colcon.colcon_core.package_identification:_identify(docs) by extension 'ros'
[0.312s] Level 1:colcon.colcon_core.package_identification:_identify(docs) by extensions ['cmake', 'python']
[0.312s] Level 1:colcon.colcon_core.package_identification:_identify(docs) by extension 'cmake'
[0.312s] Level 1:colcon.colcon_core.package_identification:_identify(docs) by extension 'python'
[0.312s] Level 1:colcon.colcon_core.package_identification:_identify(docs) by extensions ['python_setup_py']
[0.312s] Level 1:colcon.colcon_core.package_identification:_identify(docs) by extension 'python_setup_py'
[0.312s] Level 1:colcon.colcon_core.package_identification:_identify(install) by extensions ['ignore', 'ignore_ament_install']
[0.312s] Level 1:colcon.colcon_core.package_identification:_identify(install) by extension 'ignore'
[0.312s] Level 1:colcon.colcon_core.package_identification:_identify(install) ignored
[0.312s] Level 1:colcon.colcon_core.package_identification:_identify(log) by extensions ['ignore', 'ignore_ament_install']
[0.312s] Level 1:colcon.colcon_core.package_identification:_identify(log) by extension 'ignore'
[0.312s] Level 1:colcon.colcon_core.package_identification:_identify(log) ignored
[0.313s] Level 1:colcon.colcon_core.package_identification:_identify(src) by extensions ['ignore', 'ignore_ament_install']
[0.313s] Level 1:colcon.colcon_core.package_identification:_identify(src) by extension 'ignore'
[0.313s] Level 1:colcon.colcon_core.package_identification:_identify(src) by extension 'ignore_ament_install'
[0.313s] Level 1:colcon.colcon_core.package_identification:_identify(src) by extensions ['colcon_pkg']
[0.313s] Level 1:colcon.colcon_core.package_identification:_identify(src) by extension 'colcon_pkg'
[0.313s] Level 1:colcon.colcon_core.package_identification:_identify(src) by extensions ['colcon_meta']
[0.313s] Level 1:colcon.colcon_core.package_identification:_identify(src) by extension 'colcon_meta'
[0.313s] Level 1:colcon.colcon_core.package_identification:_identify(src) by extensions ['ros']
[0.313s] Level 1:colcon.colcon_core.package_identification:_identify(src) by extension 'ros'
[0.313s] Level 1:colcon.colcon_core.package_identification:_identify(src) by extensions ['cmake', 'python']
[0.313s] Level 1:colcon.colcon_core.package_identification:_identify(src) by extension 'cmake'
[0.313s] Level 1:colcon.colcon_core.package_identification:_identify(src) by extension 'python'
[0.313s] Level 1:colcon.colcon_core.package_identification:_identify(src) by extensions ['python_setup_py']
[0.313s] Level 1:colcon.colcon_core.package_identification:_identify(src) by extension 'python_setup_py'
[0.313s] Level 1:colcon.colcon_core.package_identification:_identify(src/athena_bringup) by extensions ['ignore', 'ignore_ament_install']
[0.313s] Level 1:colcon.colcon_core.package_identification:_identify(src/athena_bringup) by extension 'ignore'
[0.313s] Level 1:colcon.colcon_core.package_identification:_identify(src/athena_bringup) by extension 'ignore_ament_install'
[0.313s] Level 1:colcon.colcon_core.package_identification:_identify(src/athena_bringup) by extensions ['colcon_pkg']
[0.313s] Level 1:colcon.colcon_core.package_identification:_identify(src/athena_bringup) by extension 'colcon_pkg'
[0.313s] Level 1:colcon.colcon_core.package_identification:_identify(src/athena_bringup) by extensions ['colcon_meta']
[0.313s] Level 1:colcon.colcon_core.package_identification:_identify(src/athena_bringup) by extension 'colcon_meta'
[0.313s] Level 1:colcon.colcon_core.package_identification:_identify(src/athena_bringup) by extensions ['ros']
[0.313s] Level 1:colcon.colcon_core.package_identification:_identify(src/athena_bringup) by extension 'ros'
[0.316s] DEBUG:colcon.colcon_core.package_identification:Package 'src/athena_bringup' with type 'ros.ament_python' and name 'athena_bringup'
[0.316s] Level 1:colcon.colcon_core.package_identification:_identify(src/athena_core) by extensions ['ignore', 'ignore_ament_install']
[0.316s] Level 1:colcon.colcon_core.package_identification:_identify(src/athena_core) by extension 'ignore'
[0.316s] Level 1:colcon.colcon_core.package_identification:_identify(src/athena_core) by extension 'ignore_ament_install'
[0.316s] Level 1:colcon.colcon_core.package_identification:_identify(src/athena_core) by extensions ['colcon_pkg']
[0.316s] Level 1:colcon.colcon_core.package_identification:_identify(src/athena_core) by extension 'colcon_pkg'
[0.316s] Level 1:colcon.colcon_core.package_identification:_identify(src/athena_core) by extensions ['colcon_meta']
[0.316s] Level 1:colcon.colcon_core.package_identification:_identify(src/athena_core) by extension 'colcon_meta'
[0.316s] Level 1:colcon.colcon_core.package_identification:_identify(src/athena_core) by extensions ['ros']
[0.316s] Level 1:colcon.colcon_core.package_identification:_identify(src/athena_core) by extension 'ros'
[0.317s] DEBUG:colcon.colcon_core.package_identification:Package 'src/athena_core' with type 'ros.ament_python' and name 'athena_core'
[0.317s] Level 1:colcon.colcon_core.package_identification:_identify(src/athena_health_manager) by extensions ['ignore', 'ignore_ament_install']
[0.317s] Level 1:colcon.colcon_core.package_identification:_identify(src/athena_health_manager) by extension 'ignore'
[0.317s] Level 1:colcon.colcon_core.package_identification:_identify(src/athena_health_manager) by extension 'ignore_ament_install'
[0.317s] Level 1:colcon.colcon_core.package_identification:_identify(src/athena_health_manager) by extensions ['colcon_pkg']
[0.317s] Level 1:colcon.colcon_core.package_identification:_identify(src/athena_health_manager) by extension 'colcon_pkg'
[0.317s] Level 1:colcon.colcon_core.package_identification:_identify(src/athena_health_manager) by extensions ['colcon_meta']
[0.317s] Level 1:colcon.colcon_core.package_identification:_identify(src/athena_health_manager) by extension 'colcon_meta'
[0.317s] Level 1:colcon.colcon_core.package_identification:_identify(src/athena_health_manager) by extensions ['ros']
[0.317s] Level 1:colcon.colcon_core.package_identification:_identify(src/athena_health_manager) by extension 'ros'
[0.318s] DEBUG:colcon.colcon_core.package_identification:Package 'src/athena_health_manager' with type 'ros.ament_python' and name 'athena_health_manager'
[0.318s] Level 1:colcon.colcon_core.package_identification:_identify(src/athena_interfaces) by extensions ['ignore', 'ignore_ament_install']
[0.318s] Level 1:colcon.colcon_core.package_identification:_identify(src/athena_interfaces) by extension 'ignore'
[0.318s] Level 1:colcon.colcon_core.package_identification:_identify(src/athena_interfaces) by extension 'ignore_ament_install'
[0.318s] Level 1:colcon.colcon_core.package_identification:_identify(src/athena_interfaces) by extensions ['colcon_pkg']
[0.318s] Level 1:colcon.colcon_core.package_identification:_identify(src/athena_interfaces) by extension 'colcon_pkg'
[0.318s] Level 1:colcon.colcon_core.package_identification:_identify(src/athena_interfaces) by extensions ['colcon_meta']
[0.318s] Level 1:colcon.colcon_core.package_identification:_identify(src/athena_interfaces) by extension 'colcon_meta'
[0.318s] Level 1:colcon.colcon_core.package_identification:_identify(src/athena_interfaces) by extensions ['ros']
[0.318s] Level 1:colcon.colcon_core.package_identification:_identify(src/athena_interfaces) by extension 'ros'
[0.319s] DEBUG:colcon.colcon_core.package_identification:Package 'src/athena_interfaces' with type 'ros.ament_cmake' and name 'athena_interfaces'
[0.319s] Level 1:colcon.colcon_core.package_discovery:discover_packages(recursive) using defaults
[0.319s] Level 1:colcon.colcon_core.package_discovery:discover_packages(ignore) discover
[0.319s] Level 1:colcon.colcon_core.package_discovery:discover_packages(ignore) using defaults
[0.319s] Level 1:colcon.colcon_core.package_discovery:discover_packages(path) discover
[0.319s] Level 1:colcon.colcon_core.package_discovery:discover_packages(path) using defaults
[0.343s] Level 1:colcon.colcon_core.package_discovery:discover_packages(prefix_path) check parameters
[0.343s] Level 1:colcon.colcon_core.package_discovery:discover_packages(prefix_path) discover
[0.346s] DEBUG:colcon.colcon_installed_package_information.package_discovery:Found 4 installed packages in /home/doja/athena_ws/install
[0.348s] DEBUG:colcon.colcon_installed_package_information.package_discovery:Found 287 installed packages in /opt/ros/jazzy
[0.349s] Level 1:colcon.colcon_core.package_discovery:discover_packages(prefix_path) using defaults
[0.420s] Level 5:colcon.colcon_core.verb:set package 'athena_bringup' build argument 'cmake_args' from command line to 'None'
[0.420s] Level 5:colcon.colcon_core.verb:set package 'athena_bringup' build argument 'cmake_target' from command line to 'None'
[0.420s] Level 5:colcon.colcon_core.verb:set package 'athena_bringup' build argument 'cmake_target_skip_unavailable' from command line to 'False'
[0.420s] Level 5:colcon.colcon_core.verb:set package 'athena_bringup' build argument 'cmake_clean_cache' from command line to 'False'
[0.420s] Level 5:colcon.colcon_core.verb:set package 'athena_bringup' build argument 'cmake_clean_first' from command line to 'False'
[0.420s] Level 5:colcon.colcon_core.verb:set package 'athena_bringup' build argument 'cmake_force_configure' from command line to 'False'
[0.420s] Level 5:colcon.colcon_core.verb:set package 'athena_bringup' build argument 'ament_cmake_args' from command line to 'None'
[0.420s] Level 5:colcon.colcon_core.verb:set package 'athena_bringup' build argument 'catkin_cmake_args' from command line to 'None'
[0.420s] Level 5:colcon.colcon_core.verb:set package 'athena_bringup' build argument 'catkin_skip_building_tests' from command line to 'False'
[0.420s] DEBUG:colcon.colcon_core.verb:Building package 'athena_bringup' with the following arguments: {'ament_cmake_args': None, 'build_base': '/home/doja/athena_ws/build/athena_bringup', 'catkin_cmake_args': None, 'catkin_skip_building_tests': False, 'cmake_args': None, 'cmake_clean_cache': False, 'cmake_clean_first': False, 'cmake_force_configure': False, 'cmake_target': None, 'cmake_target_skip_unavailable': False, 'install_base': '/home/doja/athena_ws/install/athena_bringup', 'merge_install': False, 'path': '/home/doja/athena_ws/src/athena_bringup', 'symlink_install': True, 'test_result_base': None}
[0.421s] Level 5:colcon.colcon_core.verb:set package 'athena_interfaces' build argument 'cmake_args' from command line to 'None'
[0.421s] Level 5:colcon.colcon_core.verb:set package 'athena_interfaces' build argument 'cmake_target' from command line to 'None'
[0.421s] Level 5:colcon.colcon_core.verb:set package 'athena_interfaces' build argument 'cmake_target_skip_unavailable' from command line to 'False'
[0.421s] Level 5:colcon.colcon_core.verb:set package 'athena_interfaces' build argument 'cmake_clean_cache' from command line to 'False'
[0.421s] Level 5:colcon.colcon_core.verb:set package 'athena_interfaces' build argument 'cmake_clean_first' from command line to 'False'
[0.421s] Level 5:colcon.colcon_core.verb:set package 'athena_interfaces' build argument 'cmake_force_configure' from command line to 'False'
[0.421s] Level 5:colcon.colcon_core.verb:set package 'athena_interfaces' build argument 'ament_cmake_args' from command line to 'None'
[0.421s] Level 5:colcon.colcon_core.verb:set package 'athena_interfaces' build argument 'catkin_cmake_args' from command line to 'None'
[0.421s] Level 5:colcon.colcon_core.verb:set package 'athena_interfaces' build argument 'catkin_skip_building_tests' from command line to 'False'
[0.421s] DEBUG:colcon.colcon_core.verb:Building package 'athena_interfaces' with the following arguments: {'ament_cmake_args': None, 'build_base': '/home/doja/athena_ws/build/athena_interfaces', 'catkin_cmake_args': None, 'catkin_skip_building_tests': False, 'cmake_args': None, 'cmake_clean_cache': False, 'cmake_clean_first': False, 'cmake_force_configure': False, 'cmake_target': None, 'cmake_target_skip_unavailable': False, 'install_base': '/home/doja/athena_ws/install/athena_interfaces', 'merge_install': False, 'path': '/home/doja/athena_ws/src/athena_interfaces', 'symlink_install': True, 'test_result_base': None}
[0.421s] Level 5:colcon.colcon_core.verb:set package 'athena_core' build argument 'cmake_args' from command line to 'None'
[0.421s] Level 5:colcon.colcon_core.verb:set package 'athena_core' build argument 'cmake_target' from command line to 'None'
[0.421s] Level 5:colcon.colcon_core.verb:set package 'athena_core' build argument 'cmake_target_skip_unavailable' from command line to 'False'
[0.421s] Level 5:colcon.colcon_core.verb:set package 'athena_core' build argument 'cmake_clean_cache' from command line to 'False'
[0.421s] Level 5:colcon.colcon_core.verb:set package 'athena_core' build argument 'cmake_clean_first' from command line to 'False'
[0.421s] Level 5:colcon.colcon_core.verb:set package 'athena_core' build argument 'cmake_force_configure' from command line to 'False'
[0.421s] Level 5:colcon.colcon_core.verb:set package 'athena_core' build argument 'ament_cmake_args' from command line to 'None'
[0.421s] Level 5:colcon.colcon_core.verb:set package 'athena_core' build argument 'catkin_cmake_args' from command line to 'None'
[0.421s] Level 5:colcon.colcon_core.verb:set package 'athena_core' build argument 'catkin_skip_building_tests' from command line to 'False'
[0.421s] DEBUG:colcon.colcon_core.verb:Building package 'athena_core' with the following arguments: {'ament_cmake_args': None, 'build_base': '/home/doja/athena_ws/build/athena_core', 'catkin_cmake_args': None, 'catkin_skip_building_tests': False, 'cmake_args': None, 'cmake_clean_cache': False, 'cmake_clean_first': False, 'cmake_force_configure': False, 'cmake_target': None, 'cmake_target_skip_unavailable': False, 'install_base': '/home/doja/athena_ws/install/athena_core', 'merge_install': False, 'path': '/home/doja/athena_ws/src/athena_core', 'symlink_install': True, 'test_result_base': None}
[0.421s] Level 5:colcon.colcon_core.verb:set package 'athena_health_manager' build argument 'cmake_args' from command line to 'None'
[0.421s] Level 5:colcon.colcon_core.verb:set package 'athena_health_manager' build argument 'cmake_target' from command line to 'None'
[0.421s] Level 5:colcon.colcon_core.verb:set package 'athena_health_manager' build argument 'cmake_target_skip_unavailable' from command line to 'False'
[0.422s] Level 5:colcon.colcon_core.verb:set package 'athena_health_manager' build argument 'cmake_clean_cache' from command line to 'False'
[0.422s] Level 5:colcon.colcon_core.verb:set package 'athena_health_manager' build argument 'cmake_clean_first' from command line to 'False'
[0.422s] Level 5:colcon.colcon_core.verb:set package 'athena_health_manager' build argument 'cmake_force_configure' from command line to 'False'
[0.422s] Level 5:colcon.colcon_core.verb:set package 'athena_health_manager' build argument 'ament_cmake_args' from command line to 'None'
[0.422s] Level 5:colcon.colcon_core.verb:set package 'athena_health_manager' build argument 'catkin_cmake_args' from command line to 'None'
[0.422s] Level 5:colcon.colcon_core.verb:set package 'athena_health_manager' build argument 'catkin_skip_building_tests' from command line to 'False'
[0.422s] DEBUG:colcon.colcon_core.verb:Building package 'athena_health_manager' with the following arguments: {'ament_cmake_args': None, 'build_base': '/home/doja/athena_ws/build/athena_health_manager', 'catkin_cmake_args': None, 'catkin_skip_building_tests': False, 'cmake_args': None, 'cmake_clean_cache': False, 'cmake_clean_first': False, 'cmake_force_configure': False, 'cmake_target': None, 'cmake_target_skip_unavailable': False, 'install_base': '/home/doja/athena_ws/install/athena_health_manager', 'merge_install': False, 'path': '/home/doja/athena_ws/src/athena_health_manager', 'symlink_install': True, 'test_result_base': None}
[0.422s] INFO:colcon.colcon_core.executor:Executing jobs using 'parallel' executor
[0.423s] DEBUG:colcon.colcon_parallel_executor.executor.parallel:run_until_complete
[0.423s] INFO:colcon.colcon_ros.task.ament_cmake.build:Building ROS package in '/home/doja/athena_ws/src/athena_interfaces' with build type 'ament_cmake'
[0.423s] INFO:colcon.colcon_cmake.task.cmake.build:Building CMake package in '/home/doja/athena_ws/src/athena_interfaces'
[0.429s] INFO:colcon.colcon_core.plugin_system:Skipping extension 'colcon_core.shell.bat': Not used on non-Windows systems
[0.429s] INFO:colcon.colcon_core.shell:Skip shell extension 'powershell' for command environment: Not usable outside of PowerShell
[0.429s] DEBUG:colcon.colcon_core.shell:Skip shell extension 'dsv' for command environment
[0.433s] INFO:colcon.colcon_ros.task.ament_python.build:Building ROS package in '/home/doja/athena_ws/src/athena_bringup' with build type 'ament_python'
[0.433s] Level 1:colcon.colcon_core.shell:create_environment_hook('athena_bringup', 'ament_prefix_path')
[0.433s] INFO:colcon.colcon_core.shell:Creating environment hook '/home/doja/athena_ws/install/athena_bringup/share/athena_bringup/hook/ament_prefix_path.ps1'
[0.436s] INFO:colcon.colcon_core.shell:Creating environment descriptor '/home/doja/athena_ws/install/athena_bringup/share/athena_bringup/hook/ament_prefix_path.dsv'
[0.436s] INFO:colcon.colcon_core.shell:Creating environment hook '/home/doja/athena_ws/install/athena_bringup/share/athena_bringup/hook/ament_prefix_path.sh'
[0.437s] INFO:colcon.colcon_core.shell:Skip shell extension 'powershell' for command environment: Not usable outside of PowerShell
[0.437s] DEBUG:colcon.colcon_core.shell:Skip shell extension 'dsv' for command environment
[0.444s] DEBUG:colcon.colcon_core.event_handler.log_command:Invoking command in '/home/doja/athena_ws/build/athena_interfaces': CMAKE_PREFIX_PATH=${CMAKE_PREFIX_PATH}:/home/doja/athena_ws/install/athena_health_manager:/home/doja/athena_ws/install/athena_core:/home/doja/athena_ws/install/athena_bringup:/opt/ros/jazzy /usr/bin/cmake --build /home/doja/athena_ws/build/athena_interfaces -- -j12 -l12
[0.624s] INFO:colcon.colcon_core.task.python.build:Building Python package in '/home/doja/athena_ws/src/athena_bringup'
[0.625s] INFO:colcon.colcon_core.shell:Skip shell extension 'powershell' for command environment: Not usable outside of PowerShell
[0.625s] DEBUG:colcon.colcon_core.shell:Skip shell extension 'dsv' for command environment
[0.794s] DEBUG:colcon.colcon_core.event_handler.log_command:Invoked command in '/home/doja/athena_ws/build/athena_interfaces' returned '0': CMAKE_PREFIX_PATH=${CMAKE_PREFIX_PATH}:/home/doja/athena_ws/install/athena_health_manager:/home/doja/athena_ws/install/athena_core:/home/doja/athena_ws/install/athena_bringup:/opt/ros/jazzy /usr/bin/cmake --build /home/doja/athena_ws/build/athena_interfaces -- -j12 -l12
[0.800s] DEBUG:colcon.colcon_core.event_handler.log_command:Invoking command in '/home/doja/athena_ws/build/athena_interfaces': CMAKE_PREFIX_PATH=${CMAKE_PREFIX_PATH}:/home/doja/athena_ws/install/athena_health_manager:/home/doja/athena_ws/install/athena_core:/home/doja/athena_ws/install/athena_bringup:/opt/ros/jazzy /usr/bin/cmake --install /home/doja/athena_ws/build/athena_interfaces
[0.885s] Level 1:colcon.colcon_core.environment:create_environment_scripts_only(athena_interfaces)
[0.885s] DEBUG:colcon.colcon_core.event_handler.log_command:Invoked command in '/home/doja/athena_ws/build/athena_interfaces' returned '0': CMAKE_PREFIX_PATH=${CMAKE_PREFIX_PATH}:/home/doja/athena_ws/install/athena_health_manager:/home/doja/athena_ws/install/athena_core:/home/doja/athena_ws/install/athena_bringup:/opt/ros/jazzy /usr/bin/cmake --install /home/doja/athena_ws/build/athena_interfaces
[0.890s] Level 1:colcon.colcon_core.environment:checking '/home/doja/athena_ws/install/athena_interfaces' for CMake module files
[0.891s] Level 1:colcon.colcon_core.environment:checking '/home/doja/athena_ws/install/athena_interfaces' for CMake config files
[0.893s] Level 1:colcon.colcon_core.shell:create_environment_hook('athena_interfaces', 'cmake_prefix_path')
[0.894s] INFO:colcon.colcon_core.shell:Creating environment hook '/home/doja/athena_ws/install/athena_interfaces/share/athena_interfaces/hook/cmake_prefix_path.ps1'
[0.894s] INFO:colcon.colcon_core.shell:Creating environment descriptor '/home/doja/athena_ws/install/athena_interfaces/share/athena_interfaces/hook/cmake_prefix_path.dsv'
[0.894s] INFO:colcon.colcon_core.shell:Creating environment hook '/home/doja/athena_ws/install/athena_interfaces/share/athena_interfaces/hook/cmake_prefix_path.sh'
[0.894s] Level 1:colcon.colcon_core.environment:checking '/home/doja/athena_ws/install/athena_interfaces/lib'
[0.894s] Level 1:colcon.colcon_core.shell:create_environment_hook('athena_interfaces', 'ld_library_path_lib')
[0.895s] INFO:colcon.colcon_core.shell:Creating environment hook '/home/doja/athena_ws/install/athena_interfaces/share/athena_interfaces/hook/ld_library_path_lib.ps1'
[0.895s] INFO:colcon.colcon_core.shell:Creating environment descriptor '/home/doja/athena_ws/install/athena_interfaces/share/athena_interfaces/hook/ld_library_path_lib.dsv'
[0.895s] INFO:colcon.colcon_core.shell:Creating environment hook '/home/doja/athena_ws/install/athena_interfaces/share/athena_interfaces/hook/ld_library_path_lib.sh'
[0.895s] Level 1:colcon.colcon_core.environment:checking '/home/doja/athena_ws/install/athena_interfaces/bin'
[0.895s] Level 1:colcon.colcon_core.environment:checking '/home/doja/athena_ws/install/athena_interfaces/lib/pkgconfig/athena_interfaces.pc'
[0.895s] Level 1:colcon.colcon_core.environment:checking '/home/doja/athena_ws/install/athena_interfaces/lib/python3.12/site-packages'
[0.895s] Level 1:colcon.colcon_core.shell:create_environment_hook('athena_interfaces', 'pythonpath')
[0.896s] INFO:colcon.colcon_core.shell:Creating environment hook '/home/doja/athena_ws/install/athena_interfaces/share/athena_interfaces/hook/pythonpath.ps1'
[0.896s] INFO:colcon.colcon_core.shell:Creating environment descriptor '/home/doja/athena_ws/install/athena_interfaces/share/athena_interfaces/hook/pythonpath.dsv'
[0.896s] INFO:colcon.colcon_core.shell:Creating environment hook '/home/doja/athena_ws/install/athena_interfaces/share/athena_interfaces/hook/pythonpath.sh'
[0.896s] Level 1:colcon.colcon_core.environment:checking '/home/doja/athena_ws/install/athena_interfaces/bin'
[0.896s] INFO:colcon.colcon_core.shell:Creating package script '/home/doja/athena_ws/install/athena_interfaces/share/athena_interfaces/package.ps1'
[0.898s] INFO:colcon.colcon_core.shell:Creating package descriptor '/home/doja/athena_ws/install/athena_interfaces/share/athena_interfaces/package.dsv'
[0.899s] INFO:colcon.colcon_core.shell:Creating package script '/home/doja/athena_ws/install/athena_interfaces/share/athena_interfaces/package.sh'
[0.899s] INFO:colcon.colcon_core.shell:Creating package script '/home/doja/athena_ws/install/athena_interfaces/share/athena_interfaces/package.bash'
[0.900s] INFO:colcon.colcon_core.shell:Creating package script '/home/doja/athena_ws/install/athena_interfaces/share/athena_interfaces/package.zsh'
[0.901s] Level 1:colcon.colcon_core.environment:create_file_with_runtime_dependencies(/home/doja/athena_ws/install/athena_interfaces/share/colcon-core/packages/athena_interfaces)
[0.902s] Level 1:colcon.colcon_core.environment:create_environment_scripts_only(athena_interfaces)
[0.902s] Level 1:colcon.colcon_core.environment:checking '/home/doja/athena_ws/install/athena_interfaces' for CMake module files
[0.902s] Level 1:colcon.colcon_core.environment:checking '/home/doja/athena_ws/install/athena_interfaces' for CMake config files
[0.902s] Level 1:colcon.colcon_core.shell:create_environment_hook('athena_interfaces', 'cmake_prefix_path')
[0.903s] INFO:colcon.colcon_core.shell:Creating environment hook '/home/doja/athena_ws/install/athena_interfaces/share/athena_interfaces/hook/cmake_prefix_path.ps1'
[0.903s] INFO:colcon.colcon_core.shell:Creating environment descriptor '/home/doja/athena_ws/install/athena_interfaces/share/athena_interfaces/hook/cmake_prefix_path.dsv'
[0.903s] INFO:colcon.colcon_core.shell:Creating environment hook '/home/doja/athena_ws/install/athena_interfaces/share/athena_interfaces/hook/cmake_prefix_path.sh'
[0.903s] Level 1:colcon.colcon_core.environment:checking '/home/doja/athena_ws/install/athena_interfaces/lib'
[0.903s] Level 1:colcon.colcon_core.shell:create_environment_hook('athena_interfaces', 'ld_library_path_lib')
[0.903s] INFO:colcon.colcon_core.shell:Creating environment hook '/home/doja/athena_ws/install/athena_interfaces/share/athena_interfaces/hook/ld_library_path_lib.ps1'
[0.904s] INFO:colcon.colcon_core.shell:Creating environment descriptor '/home/doja/athena_ws/install/athena_interfaces/share/athena_interfaces/hook/ld_library_path_lib.dsv'
[0.904s] INFO:colcon.colcon_core.shell:Creating environment hook '/home/doja/athena_ws/install/athena_interfaces/share/athena_interfaces/hook/ld_library_path_lib.sh'
[0.904s] Level 1:colcon.colcon_core.environment:checking '/home/doja/athena_ws/install/athena_interfaces/bin'
[0.904s] Level 1:colcon.colcon_core.environment:checking '/home/doja/athena_ws/install/athena_interfaces/lib/pkgconfig/athena_interfaces.pc'
[0.904s] Level 1:colcon.colcon_core.environment:checking '/home/doja/athena_ws/install/athena_interfaces/lib/python3.12/site-packages'
[0.904s] Level 1:colcon.colcon_core.shell:create_environment_hook('athena_interfaces', 'pythonpath')
[0.904s] INFO:colcon.colcon_core.shell:Creating environment hook '/home/doja/athena_ws/install/athena_interfaces/share/athena_interfaces/hook/pythonpath.ps1'
[0.905s] INFO:colcon.colcon_core.shell:Creating environment descriptor '/home/doja/athena_ws/install/athena_interfaces/share/athena_interfaces/hook/pythonpath.dsv'
[0.905s] INFO:colcon.colcon_core.shell:Creating environment hook '/home/doja/athena_ws/install/athena_interfaces/share/athena_interfaces/hook/pythonpath.sh'
[0.905s] Level 1:colcon.colcon_core.environment:checking '/home/doja/athena_ws/install/athena_interfaces/bin'
[0.905s] INFO:colcon.colcon_core.shell:Creating package script '/home/doja/athena_ws/install/athena_interfaces/share/athena_interfaces/package.ps1'
[0.906s] INFO:colcon.colcon_core.shell:Creating package descriptor '/home/doja/athena_ws/install/athena_interfaces/share/athena_interfaces/package.dsv'
[0.906s] INFO:colcon.colcon_core.shell:Creating package script '/home/doja/athena_ws/install/athena_interfaces/share/athena_interfaces/package.sh'
[0.906s] INFO:colcon.colcon_core.shell:Creating package script '/home/doja/athena_ws/install/athena_interfaces/share/athena_interfaces/package.bash'
[0.907s] INFO:colcon.colcon_core.shell:Creating package script '/home/doja/athena_ws/install/athena_interfaces/share/athena_interfaces/package.zsh'
[0.907s] Level 1:colcon.colcon_core.environment:create_file_with_runtime_dependencies(/home/doja/athena_ws/install/athena_interfaces/share/colcon-core/packages/athena_interfaces)
[0.908s] INFO:colcon.colcon_ros.task.ament_python.build:Building ROS package in '/home/doja/athena_ws/src/athena_core' with build type 'ament_python'
[0.908s] Level 1:colcon.colcon_core.shell:create_environment_hook('athena_core', 'ament_prefix_path')
[0.908s] INFO:colcon.colcon_core.shell:Creating environment hook '/home/doja/athena_ws/install/athena_core/share/athena_core/hook/ament_prefix_path.ps1'
[0.910s] INFO:colcon.colcon_core.shell:Creating environment descriptor '/home/doja/athena_ws/install/athena_core/share/athena_core/hook/ament_prefix_path.dsv'
[0.910s] INFO:colcon.colcon_core.shell:Creating environment hook '/home/doja/athena_ws/install/athena_core/share/athena_core/hook/ament_prefix_path.sh'
[0.910s] INFO:colcon.colcon_core.shell:Skip shell extension 'powershell' for command environment: Not usable outside of PowerShell
[0.910s] DEBUG:colcon.colcon_core.shell:Skip shell extension 'dsv' for command environment
[0.913s] INFO:colcon.colcon_ros.task.ament_python.build:Building ROS package in '/home/doja/athena_ws/src/athena_health_manager' with build type 'ament_python'
[0.913s] Level 1:colcon.colcon_core.shell:create_environment_hook('athena_health_manager', 'ament_prefix_path')
[0.913s] INFO:colcon.colcon_core.shell:Creating environment hook '/home/doja/athena_ws/install/athena_health_manager/share/athena_health_manager/hook/ament_prefix_path.ps1'
[0.914s] INFO:colcon.colcon_core.shell:Creating environment descriptor '/home/doja/athena_ws/install/athena_health_manager/share/athena_health_manager/hook/ament_prefix_path.dsv'
[0.914s] INFO:colcon.colcon_core.shell:Creating environment hook '/home/doja/athena_ws/install/athena_health_manager/share/athena_health_manager/hook/ament_prefix_path.sh'
[0.914s] INFO:colcon.colcon_core.shell:Skip shell extension 'powershell' for command environment: Not usable outside of PowerShell
[0.914s] DEBUG:colcon.colcon_core.shell:Skip shell extension 'dsv' for command environment
[1.182s] INFO:colcon.colcon_core.task.python.build:Building Python package in '/home/doja/athena_ws/src/athena_core'
[1.182s] INFO:colcon.colcon_core.shell:Skip shell extension 'powershell' for command environment: Not usable outside of PowerShell
[1.182s] DEBUG:colcon.colcon_core.shell:Skip shell extension 'dsv' for command environment
[1.337s] INFO:colcon.colcon_core.task.python.build:Building Python package in '/home/doja/athena_ws/src/athena_health_manager'
[1.337s] INFO:colcon.colcon_core.shell:Skip shell extension 'powershell' for command environment: Not usable outside of PowerShell
[1.337s] DEBUG:colcon.colcon_core.shell:Skip shell extension 'dsv' for command environment
[1.339s] DEBUG:colcon.colcon_core.task.python.build:Available setuptools commands: install, compile_catalog, extract_messages, install_data, bdist_dumb, check, bdist_egg, init_catalog, bdist, dist_info, alias, egg_info, install_headers, install_lib, rotate, develop, upload, install_scripts, clean, symlink_data, editable_wheel, upload_docs, install_egg_info, build, setopt, bdist_rpm, build_ext, update_catalog, easy_install, build_scripts, build_clib, register, build_py, test, sdist, saveopts
[1.560s] DEBUG:colcon.colcon_core.task.python.build:Available setuptools 'develop' options: --uninstall, --force-installation-into-system-dir, --script-dir, --find-links, --local-snapshots-ok, --multi-version, --install-layout, --no-user-cfg, --index-url, --no-find-links, --upgrade, --zip-ok, --prefix, --verbose, --always-copy, --allow-hosts, --dry-run, --site-dirs, --always-unzip, --version, --no-deps, --user, --record, --build-directory, --quiet, --exclude-scripts, --optimize, --help, --install-dir, --egg-path, --editable
[1.562s] DEBUG:colcon.colcon_core.event_handler.log_command:Invoking command in '/home/doja/athena_ws/build/athena_bringup': PYTHONPATH=/home/doja/athena_ws/build/athena_bringup/prefix_override:/usr/lib/python3/dist-packages/colcon_core/task/python/colcon_distutils_commands:/home/doja/athena_ws/install/athena_bringup/lib/python3.12/site-packages:${PYTHONPATH} /usr/bin/python3 -W ignore:setup.py install is deprecated -W ignore:easy_install command is deprecated setup.py develop --editable --build-directory /home/doja/athena_ws/build/athena_bringup/build --no-deps symlink_data
[1.712s] DEBUG:colcon.colcon_core.task.python.build:Available setuptools commands: install, compile_catalog, extract_messages, install_data, bdist_dumb, check, bdist_egg, init_catalog, bdist, dist_info, alias, egg_info, install_headers, install_lib, rotate, develop, upload, install_scripts, clean, symlink_data, editable_wheel, upload_docs, install_egg_info, build, setopt, bdist_rpm, build_ext, update_catalog, easy_install, build_scripts, build_clib, register, build_py, test, sdist, saveopts
[1.789s] DEBUG:colcon.colcon_core.task.python.build:Available setuptools commands: install, compile_catalog, extract_messages, install_data, bdist_dumb, check, bdist_egg, init_catalog, bdist, dist_info, alias, egg_info, install_headers, install_lib, rotate, develop, upload, install_scripts, clean, symlink_data, editable_wheel, upload_docs, install_egg_info, build, setopt, bdist_rpm, build_ext, update_catalog, easy_install, build_scripts, build_clib, register, build_py, test, sdist, saveopts
[1.931s] DEBUG:colcon.colcon_core.task.python.build:Available setuptools 'develop' options: --uninstall, --force-installation-into-system-dir, --script-dir, --find-links, --local-snapshots-ok, --multi-version, --install-layout, --no-user-cfg, --index-url, --no-find-links, --upgrade, --zip-ok, --prefix, --verbose, --always-copy, --allow-hosts, --dry-run, --site-dirs, --always-unzip, --version, --no-deps, --user, --record, --build-directory, --quiet, --exclude-scripts, --optimize, --help, --install-dir, --egg-path, --editable
[1.934s] DEBUG:colcon.colcon_core.event_handler.log_command:Invoking command in '/home/doja/athena_ws/build/athena_core': PYTHONPATH=/home/doja/athena_ws/build/athena_core/prefix_override:/usr/lib/python3/dist-packages/colcon_core/task/python/colcon_distutils_commands:/home/doja/athena_ws/install/athena_core/lib/python3.12/site-packages:/home/doja/athena_ws/install/athena_interfaces/lib/python3.12/site-packages:/home/doja/athena_ws/build/athena_health_manager:/home/doja/athena_ws/install/athena_health_manager/lib/python3.12/site-packages:/home/doja/athena_ws/build/athena_core:/home/doja/athena_ws/install/athena_core/lib/python3.12/site-packages:/home/doja/athena_ws/build/athena_bringup:/home/doja/athena_ws/install/athena_bringup/lib/python3.12/site-packages:/opt/ros/jazzy/lib/python3.12/site-packages /usr/bin/python3 -W ignore:setup.py install is deprecated -W ignore:easy_install command is deprecated setup.py develop --editable --build-directory /home/doja/athena_ws/build/athena_core/build --no-deps symlink_data
[1.956s] Level 1:colcon.colcon_core.shell:create_environment_hook('athena_bringup', 'pythonpath_develop')
[1.956s] INFO:colcon.colcon_core.shell:Creating environment hook '/home/doja/athena_ws/build/athena_bringup/share/athena_bringup/hook/pythonpath_develop.ps1'
[1.957s] DEBUG:colcon.colcon_core.event_handler.log_command:Invoked command in '/home/doja/athena_ws/build/athena_bringup' returned '0': PYTHONPATH=/home/doja/athena_ws/build/athena_bringup/prefix_override:/usr/lib/python3/dist-packages/colcon_core/task/python/colcon_distutils_commands:/home/doja/athena_ws/install/athena_bringup/lib/python3.12/site-packages:${PYTHONPATH} /usr/bin/python3 -W ignore:setup.py install is deprecated -W ignore:easy_install command is deprecated setup.py develop --editable --build-directory /home/doja/athena_ws/build/athena_bringup/build --no-deps symlink_data
[1.957s] INFO:colcon.colcon_core.shell:Creating environment descriptor '/home/doja/athena_ws/build/athena_bringup/share/athena_bringup/hook/pythonpath_develop.dsv'
[1.957s] INFO:colcon.colcon_core.shell:Creating environment hook '/home/doja/athena_ws/build/athena_bringup/share/athena_bringup/hook/pythonpath_develop.sh'
[1.957s] Level 1:colcon.colcon_core.environment:checking '/home/doja/athena_ws/install/athena_bringup' for CMake module files
[1.958s] Level 1:colcon.colcon_core.environment:checking '/home/doja/athena_ws/install/athena_bringup' for CMake config files
[1.960s] Level 1:colcon.colcon_core.environment:checking '/home/doja/athena_ws/install/athena_bringup/lib'
[1.960s] Level 1:colcon.colcon_core.environment:checking '/home/doja/athena_ws/install/athena_bringup/bin'
[1.960s] Level 1:colcon.colcon_core.environment:checking '/home/doja/athena_ws/install/athena_bringup/lib/pkgconfig/athena_bringup.pc'
[1.960s] Level 1:colcon.colcon_core.environment:checking '/home/doja/athena_ws/install/athena_bringup/lib/python3.12/site-packages'
[1.960s] Level 1:colcon.colcon_core.shell:create_environment_hook('athena_bringup', 'pythonpath')
[1.960s] INFO:colcon.colcon_core.shell:Creating environment hook '/home/doja/athena_ws/install/athena_bringup/share/athena_bringup/hook/pythonpath.ps1'
[1.961s] INFO:colcon.colcon_core.shell:Creating environment descriptor '/home/doja/athena_ws/install/athena_bringup/share/athena_bringup/hook/pythonpath.dsv'
[1.961s] INFO:colcon.colcon_core.shell:Creating environment hook '/home/doja/athena_ws/install/athena_bringup/share/athena_bringup/hook/pythonpath.sh'
[1.961s] Level 1:colcon.colcon_core.environment:checking '/home/doja/athena_ws/install/athena_bringup/bin'
[1.961s] Level 1:colcon.colcon_core.environment:create_environment_scripts_only(athena_bringup)
[1.962s] INFO:colcon.colcon_core.shell:Creating package script '/home/doja/athena_ws/install/athena_bringup/share/athena_bringup/package.ps1'
[1.962s] INFO:colcon.colcon_core.shell:Creating package descriptor '/home/doja/athena_ws/install/athena_bringup/share/athena_bringup/package.dsv'
[1.962s] INFO:colcon.colcon_core.shell:Creating package script '/home/doja/athena_ws/install/athena_bringup/share/athena_bringup/package.sh'
[1.962s] INFO:colcon.colcon_core.shell:Creating package script '/home/doja/athena_ws/install/athena_bringup/share/athena_bringup/package.bash'
[1.963s] INFO:colcon.colcon_core.shell:Creating package script '/home/doja/athena_ws/install/athena_bringup/share/athena_bringup/package.zsh'
[1.963s] Level 1:colcon.colcon_core.environment:create_file_with_runtime_dependencies(/home/doja/athena_ws/install/athena_bringup/share/colcon-core/packages/athena_bringup)
[2.000s] DEBUG:colcon.colcon_core.task.python.build:Available setuptools 'develop' options: --uninstall, --force-installation-into-system-dir, --script-dir, --find-links, --local-snapshots-ok, --multi-version, --install-layout, --no-user-cfg, --index-url, --no-find-links, --upgrade, --zip-ok, --prefix, --verbose, --always-copy, --allow-hosts, --dry-run, --site-dirs, --always-unzip, --version, --no-deps, --user, --record, --build-directory, --quiet, --exclude-scripts, --optimize, --help, --install-dir, --egg-path, --editable
[2.002s] DEBUG:colcon.colcon_core.event_handler.log_command:Invoking command in '/home/doja/athena_ws/build/athena_health_manager': PYTHONPATH=/home/doja/athena_ws/build/athena_health_manager/prefix_override:/usr/lib/python3/dist-packages/colcon_core/task/python/colcon_distutils_commands:/home/doja/athena_ws/install/athena_health_manager/lib/python3.12/site-packages:/home/doja/athena_ws/install/athena_interfaces/lib/python3.12/site-packages:/home/doja/athena_ws/build/athena_health_manager:/home/doja/athena_ws/install/athena_health_manager/lib/python3.12/site-packages:/home/doja/athena_ws/build/athena_core:/home/doja/athena_ws/install/athena_core/lib/python3.12/site-packages:/home/doja/athena_ws/build/athena_bringup:/home/doja/athena_ws/install/athena_bringup/lib/python3.12/site-packages:/opt/ros/jazzy/lib/python3.12/site-packages /usr/bin/python3 -W ignore:setup.py install is deprecated -W ignore:easy_install command is deprecated setup.py develop --editable --build-directory /home/doja/athena_ws/build/athena_health_manager/build --no-deps symlink_data
[2.317s] Level 1:colcon.colcon_core.shell:create_environment_hook('athena_core', 'pythonpath_develop')
[2.317s] INFO:colcon.colcon_core.shell:Creating environment hook '/home/doja/athena_ws/build/athena_core/share/athena_core/hook/pythonpath_develop.ps1'
[2.318s] DEBUG:colcon.colcon_core.event_handler.log_command:Invoked command in '/home/doja/athena_ws/build/athena_core' returned '0': PYTHONPATH=/home/doja/athena_ws/build/athena_core/prefix_override:/usr/lib/python3/dist-packages/colcon_core/task/python/colcon_distutils_commands:/home/doja/athena_ws/install/athena_core/lib/python3.12/site-packages:/home/doja/athena_ws/install/athena_interfaces/lib/python3.12/site-packages:/home/doja/athena_ws/build/athena_health_manager:/home/doja/athena_ws/install/athena_health_manager/lib/python3.12/site-packages:/home/doja/athena_ws/build/athena_core:/home/doja/athena_ws/install/athena_core/lib/python3.12/site-packages:/home/doja/athena_ws/build/athena_bringup:/home/doja/athena_ws/install/athena_bringup/lib/python3.12/site-packages:/opt/ros/jazzy/lib/python3.12/site-packages /usr/bin/python3 -W ignore:setup.py install is deprecated -W ignore:easy_install command is deprecated setup.py develop --editable --build-directory /home/doja/athena_ws/build/athena_core/build --no-deps symlink_data
[2.318s] INFO:colcon.colcon_core.shell:Creating environment descriptor '/home/doja/athena_ws/build/athena_core/share/athena_core/hook/pythonpath_develop.dsv'
[2.318s] INFO:colcon.colcon_core.shell:Creating environment hook '/home/doja/athena_ws/build/athena_core/share/athena_core/hook/pythonpath_develop.sh'
[2.319s] Level 1:colcon.colcon_core.environment:checking '/home/doja/athena_ws/install/athena_core' for CMake module files
[2.320s] Level 1:colcon.colcon_core.environment:checking '/home/doja/athena_ws/install/athena_core' for CMake config files
[2.323s] Level 1:colcon.colcon_core.environment:checking '/home/doja/athena_ws/install/athena_core/lib'
[2.323s] Level 1:colcon.colcon_core.environment:checking '/home/doja/athena_ws/install/athena_core/bin'
[2.324s] Level 1:colcon.colcon_core.environment:checking '/home/doja/athena_ws/install/athena_core/lib/pkgconfig/athena_core.pc'
[2.324s] Level 1:colcon.colcon_core.environment:checking '/home/doja/athena_ws/install/athena_core/lib/python3.12/site-packages'
[2.324s] Level 1:colcon.colcon_core.shell:create_environment_hook('athena_core', 'pythonpath')
[2.324s] INFO:colcon.colcon_core.shell:Creating environment hook '/home/doja/athena_ws/install/athena_core/share/athena_core/hook/pythonpath.ps1'
[2.325s] INFO:colcon.colcon_core.shell:Creating environment descriptor '/home/doja/athena_ws/install/athena_core/share/athena_core/hook/pythonpath.dsv'
[2.325s] INFO:colcon.colcon_core.shell:Creating environment hook '/home/doja/athena_ws/install/athena_core/share/athena_core/hook/pythonpath.sh'
[2.325s] Level 1:colcon.colcon_core.environment:checking '/home/doja/athena_ws/install/athena_core/bin'
[2.325s] Level 1:colcon.colcon_core.environment:create_environment_scripts_only(athena_core)
[2.325s] INFO:colcon.colcon_core.shell:Creating package script '/home/doja/athena_ws/install/athena_core/share/athena_core/package.ps1'
[2.326s] INFO:colcon.colcon_core.shell:Creating package descriptor '/home/doja/athena_ws/install/athena_core/share/athena_core/package.dsv'
[2.326s] INFO:colcon.colcon_core.shell:Creating package script '/home/doja/athena_ws/install/athena_core/share/athena_core/package.sh'
[2.326s] INFO:colcon.colcon_core.shell:Creating package script '/home/doja/athena_ws/install/athena_core/share/athena_core/package.bash'
[2.327s] INFO:colcon.colcon_core.shell:Creating package script '/home/doja/athena_ws/install/athena_core/share/athena_core/package.zsh'
[2.327s] Level 1:colcon.colcon_core.environment:create_file_with_runtime_dependencies(/home/doja/athena_ws/install/athena_core/share/colcon-core/packages/athena_core)
[2.388s] Level 1:colcon.colcon_core.shell:create_environment_hook('athena_health_manager', 'pythonpath_develop')
[2.388s] DEBUG:colcon.colcon_core.event_handler.log_command:Invoked command in '/home/doja/athena_ws/build/athena_health_manager' returned '0': PYTHONPATH=/home/doja/athena_ws/build/athena_health_manager/prefix_override:/usr/lib/python3/dist-packages/colcon_core/task/python/colcon_distutils_commands:/home/doja/athena_ws/install/athena_health_manager/lib/python3.12/site-packages:/home/doja/athena_ws/install/athena_interfaces/lib/python3.12/site-packages:/home/doja/athena_ws/build/athena_health_manager:/home/doja/athena_ws/install/athena_health_manager/lib/python3.12/site-packages:/home/doja/athena_ws/build/athena_core:/home/doja/athena_ws/install/athena_core/lib/python3.12/site-packages:/home/doja/athena_ws/build/athena_bringup:/home/doja/athena_ws/install/athena_bringup/lib/python3.12/site-packages:/opt/ros/jazzy/lib/python3.12/site-packages /usr/bin/python3 -W ignore:setup.py install is deprecated -W ignore:easy_install command is deprecated setup.py develop --editable --build-directory /home/doja/athena_ws/build/athena_health_manager/build --no-deps symlink_data
[2.388s] INFO:colcon.colcon_core.shell:Creating environment hook '/home/doja/athena_ws/build/athena_health_manager/share/athena_health_manager/hook/pythonpath_develop.ps1'
[2.389s] INFO:colcon.colcon_core.shell:Creating environment descriptor '/home/doja/athena_ws/build/athena_health_manager/share/athena_health_manager/hook/pythonpath_develop.dsv'
[2.389s] INFO:colcon.colcon_core.shell:Creating environment hook '/home/doja/athena_ws/build/athena_health_manager/share/athena_health_manager/hook/pythonpath_develop.sh'
[2.389s] Level 1:colcon.colcon_core.environment:checking '/home/doja/athena_ws/install/athena_health_manager' for CMake module files
[2.390s] Level 1:colcon.colcon_core.environment:checking '/home/doja/athena_ws/install/athena_health_manager' for CMake config files
[2.393s] Level 1:colcon.colcon_core.environment:checking '/home/doja/athena_ws/install/athena_health_manager/lib'
[2.393s] Level 1:colcon.colcon_core.environment:checking '/home/doja/athena_ws/install/athena_health_manager/bin'
[2.393s] Level 1:colcon.colcon_core.environment:checking '/home/doja/athena_ws/install/athena_health_manager/lib/pkgconfig/athena_health_manager.pc'
[2.393s] Level 1:colcon.colcon_core.environment:checking '/home/doja/athena_ws/install/athena_health_manager/lib/python3.12/site-packages'
[2.393s] Level 1:colcon.colcon_core.shell:create_environment_hook('athena_health_manager', 'pythonpath')
[2.393s] INFO:colcon.colcon_core.shell:Creating environment hook '/home/doja/athena_ws/install/athena_health_manager/share/athena_health_manager/hook/pythonpath.ps1'
[2.393s] INFO:colcon.colcon_core.shell:Creating environment descriptor '/home/doja/athena_ws/install/athena_health_manager/share/athena_health_manager/hook/pythonpath.dsv'
[2.393s] INFO:colcon.colcon_core.shell:Creating environment hook '/home/doja/athena_ws/install/athena_health_manager/share/athena_health_manager/hook/pythonpath.sh'
[2.394s] Level 1:colcon.colcon_core.environment:checking '/home/doja/athena_ws/install/athena_health_manager/bin'
[2.394s] Level 1:colcon.colcon_core.environment:create_environment_scripts_only(athena_health_manager)
[2.394s] INFO:colcon.colcon_core.shell:Creating package script '/home/doja/athena_ws/install/athena_health_manager/share/athena_health_manager/package.ps1'
[2.394s] INFO:colcon.colcon_core.shell:Creating package descriptor '/home/doja/athena_ws/install/athena_health_manager/share/athena_health_manager/package.dsv'
[2.395s] INFO:colcon.colcon_core.shell:Creating package script '/home/doja/athena_ws/install/athena_health_manager/share/athena_health_manager/package.sh'
[2.395s] INFO:colcon.colcon_core.shell:Creating package script '/home/doja/athena_ws/install/athena_health_manager/share/athena_health_manager/package.bash'
[2.395s] INFO:colcon.colcon_core.shell:Creating package script '/home/doja/athena_ws/install/athena_health_manager/share/athena_health_manager/package.zsh'
[2.395s] Level 1:colcon.colcon_core.environment:create_file_with_runtime_dependencies(/home/doja/athena_ws/install/athena_health_manager/share/colcon-core/packages/athena_health_manager)
[2.395s] DEBUG:colcon.colcon_parallel_executor.executor.parallel:closing loop
[2.396s] DEBUG:colcon.colcon_parallel_executor.executor.parallel:loop closed
[2.396s] DEBUG:colcon.colcon_parallel_executor.executor.parallel:run_until_complete finished with '0'
[2.396s] DEBUG:colcon.colcon_core.event_reactor:joining thread
[2.440s] INFO:colcon.colcon_core.plugin_system:Skipping extension 'colcon_notification.desktop_notification.notify_send': Could not find 'notify-send'
[2.440s] INFO:colcon.colcon_core.plugin_system:Skipping extension 'colcon_notification.desktop_notification.terminal_notifier': Not used on non-Darwin systems
[2.440s] INFO:colcon.colcon_core.plugin_system:Skipping extension 'colcon_notification.desktop_notification.win32': Not used on non-Windows systems
[2.440s] INFO:colcon.colcon_notification.desktop_notification:Sending desktop notification using 'notify2'
[2.442s] DEBUG:colcon.colcon_notification.desktop_notification.notify2:Failed to initialize notify2: org.freedesktop.DBus.Error.ServiceUnknown: The name org.freedesktop.Notifications was not provided by any .service files
[2.442s] DEBUG:colcon.colcon_core.event_reactor:joined thread
[2.442s] INFO:colcon.colcon_core.shell:Creating prefix script '/home/doja/athena_ws/install/local_setup.ps1'
[2.443s] INFO:colcon.colcon_core.shell:Creating prefix util module '/home/doja/athena_ws/install/_local_setup_util_ps1.py'
[2.445s] INFO:colcon.colcon_core.shell:Creating prefix chain script '/home/doja/athena_ws/install/setup.ps1'
[2.446s] INFO:colcon.colcon_core.shell:Creating prefix script '/home/doja/athena_ws/install/local_setup.sh'
[2.447s] INFO:colcon.colcon_core.shell:Creating prefix util module '/home/doja/athena_ws/install/_local_setup_util_sh.py'
[2.447s] INFO:colcon.colcon_core.shell:Creating prefix chain script '/home/doja/athena_ws/install/setup.sh'
[2.448s] INFO:colcon.colcon_core.shell:Creating prefix script '/home/doja/athena_ws/install/local_setup.bash'
[2.449s] INFO:colcon.colcon_core.shell:Creating prefix chain script '/home/doja/athena_ws/install/setup.bash'
[2.450s] INFO:colcon.colcon_core.shell:Creating prefix script '/home/doja/athena_ws/install/local_setup.zsh'
[2.451s] INFO:colcon.colcon_core.shell:Creating prefix chain script '/home/doja/athena_ws/install/setup.zsh'
