[  1%] Built target athena_interfaces__rosidl_generator_type_description
[  3%] Built target athena_interfaces__rs
[  3%] Built target ament_cmake_python_symlink_athena_interfaces
[  4%] Built target athena_interfaces__cpp
[ 26%] Built target athena_interfaces__rosidl_generator_c
[ 35%] Built target athena_interfaces__rosidl_typesupport_introspection_c
[ 44%] Built target athena_interfaces__rosidl_typesupport_introspection_cpp
[ 53%] Built target athena_interfaces__rosidl_typesupport_cpp
[ 63%] Built target athena_interfaces__rosidl_typesupport_fastrtps_cpp
[ 81%] Built target athena_interfaces__rosidl_typesupport_c
[ 81%] Built target athena_interfaces__rosidl_typesupport_fastrtps_c
[ 81%] Built target athena_interfaces
[ 83%] Built target athena_interfaces__py
[ 90%] Built target athena_interfaces__rosidl_generator_py
[ 93%] Built target athena_interfaces_s__rosidl_typesupport_fastrtps_c
[ 96%] Built target athena_interfaces_s__rosidl_typesupport_c
[100%] Built target athena_interfaces_s__rosidl_typesupport_introspection_c
running egg_info
writing athena_interfaces.egg-info/PKG-INFO
writing dependency_links to athena_interfaces.egg-info/dependency_links.txt
writing top-level names to athena_interfaces.egg-info/top_level.txt
reading manifest file 'athena_interfaces.egg-info/SOURCES.txt'
writing manifest file 'athena_interfaces.egg-info/SOURCES.txt'
[100%] Built target ament_cmake_python_build_athena_interfaces_egg
-- Install configuration: ""
-- Execute custom install script
-- Up-to-date symlink: /home/athena-uav/Athena/athena_ws/install/athena_interfaces/share/ament_index/resource_index/rosidl_interfaces/athena_interfaces
-- Up-to-date symlink: /home/athena-uav/Athena/athena_ws/install/athena_interfaces/share/athena_interfaces/msg/SystemHealth.json
-- Up-to-date symlink: /home/athena-uav/Athena/athena_ws/install/athena_interfaces/share/athena_interfaces/msg/SystemStatus.json
-- Up-to-date symlink: /home/athena-uav/Athena/athena_ws/install/athena_interfaces/share/athena_interfaces/msg/VehicleState.json
-- Up-to-date symlink: /home/athena-uav/Athena/athena_ws/install/athena_interfaces/share/athena_interfaces/msg/MissionStatus.json
-- Up-to-date symlink: /home/athena-uav/Athena/athena_ws/install/athena_interfaces/include/athena_interfaces/athena_interfaces/msg/detail/mission_status__functions.h
-- Up-to-date symlink: /home/athena-uav/Athena/athena_ws/install/athena_interfaces/include/athena_interfaces/athena_interfaces/msg/detail/mission_status__struct.h
-- Up-to-date symlink: /home/athena-uav/Athena/athena_ws/install/athena_interfaces/include/athena_interfaces/athena_interfaces/msg/detail/mission_status__type_support.h
-- Up-to-date symlink: /home/athena-uav/Athena/athena_ws/install/athena_interfaces/include/athena_interfaces/athena_interfaces/msg/detail/system_health__functions.h
-- Up-to-date symlink: /home/athena-uav/Athena/athena_ws/install/athena_interfaces/include/athena_interfaces/athena_interfaces/msg/detail/system_health__struct.h
-- Up-to-date symlink: /home/athena-uav/Athena/athena_ws/install/athena_interfaces/include/athena_interfaces/athena_interfaces/msg/detail/system_health__type_support.h
-- Up-to-date symlink: /home/athena-uav/Athena/athena_ws/install/athena_interfaces/include/athena_interfaces/athena_interfaces/msg/detail/system_status__functions.h
-- Up-to-date symlink: /home/athena-uav/Athena/athena_ws/install/athena_interfaces/include/athena_interfaces/athena_interfaces/msg/detail/system_status__struct.h
-- Up-to-date symlink: /home/athena-uav/Athena/athena_ws/install/athena_interfaces/include/athena_interfaces/athena_interfaces/msg/detail/system_status__type_support.h
-- Up-to-date symlink: /home/athena-uav/Athena/athena_ws/install/athena_interfaces/include/athena_interfaces/athena_interfaces/msg/detail/vehicle_state__functions.h
-- Up-to-date symlink: /home/athena-uav/Athena/athena_ws/install/athena_interfaces/include/athena_interfaces/athena_interfaces/msg/detail/vehicle_state__struct.h
-- Up-to-date symlink: /home/athena-uav/Athena/athena_ws/install/athena_interfaces/include/athena_interfaces/athena_interfaces/msg/detail/vehicle_state__type_support.h
-- Up-to-date symlink: /home/athena-uav/Athena/athena_ws/install/athena_interfaces/include/athena_interfaces/athena_interfaces/msg/mission_status.h
-- Up-to-date symlink: /home/athena-uav/Athena/athena_ws/install/athena_interfaces/include/athena_interfaces/athena_interfaces/msg/rosidl_generator_c__visibility_control.h
-- Up-to-date symlink: /home/athena-uav/Athena/athena_ws/install/athena_interfaces/include/athena_interfaces/athena_interfaces/msg/system_health.h
-- Up-to-date symlink: /home/athena-uav/Athena/athena_ws/install/athena_interfaces/include/athena_interfaces/athena_interfaces/msg/system_status.h
-- Up-to-date symlink: /home/athena-uav/Athena/athena_ws/install/athena_interfaces/include/athena_interfaces/athena_interfaces/msg/vehicle_state.h
-- Up-to-date symlink: /home/athena-uav/Athena/athena_ws/install/athena_interfaces/share/athena_interfaces/environment/library_path.sh
-- Up-to-date symlink: /home/athena-uav/Athena/athena_ws/install/athena_interfaces/share/athena_interfaces/environment/library_path.dsv
-- Up-to-date symlink: /home/athena-uav/Athena/athena_ws/install/athena_interfaces/include/athena_interfaces/athena_interfaces/msg/detail/mission_status__rosidl_typesupport_fastrtps_c.h
-- Up-to-date symlink: /home/athena-uav/Athena/athena_ws/install/athena_interfaces/include/athena_interfaces/athena_interfaces/msg/detail/system_health__rosidl_typesupport_fastrtps_c.h
-- Up-to-date symlink: /home/athena-uav/Athena/athena_ws/install/athena_interfaces/include/athena_interfaces/athena_interfaces/msg/detail/system_status__rosidl_typesupport_fastrtps_c.h
-- Up-to-date symlink: /home/athena-uav/Athena/athena_ws/install/athena_interfaces/include/athena_interfaces/athena_interfaces/msg/detail/vehicle_state__rosidl_typesupport_fastrtps_c.h
-- Up-to-date symlink: /home/athena-uav/Athena/athena_ws/install/athena_interfaces/include/athena_interfaces/athena_interfaces/msg/rosidl_typesupport_fastrtps_c__visibility_control.h
-- Up-to-date symlink: /home/athena-uav/Athena/athena_ws/install/athena_interfaces/include/athena_interfaces/athena_interfaces/msg/detail/mission_status__rosidl_typesupport_introspection_c.h
-- Up-to-date symlink: /home/athena-uav/Athena/athena_ws/install/athena_interfaces/include/athena_interfaces/athena_interfaces/msg/detail/system_health__rosidl_typesupport_introspection_c.h
-- Up-to-date symlink: /home/athena-uav/Athena/athena_ws/install/athena_interfaces/include/athena_interfaces/athena_interfaces/msg/detail/system_status__rosidl_typesupport_introspection_c.h
-- Up-to-date symlink: /home/athena-uav/Athena/athena_ws/install/athena_interfaces/include/athena_interfaces/athena_interfaces/msg/detail/vehicle_state__rosidl_typesupport_introspection_c.h
-- Up-to-date symlink: /home/athena-uav/Athena/athena_ws/install/athena_interfaces/include/athena_interfaces/athena_interfaces/msg/rosidl_typesupport_introspection_c__visibility_control.h
-- Up-to-date symlink: /home/athena-uav/Athena/athena_ws/install/athena_interfaces/include/athena_interfaces/athena_interfaces/msg/detail/mission_status__builder.hpp
-- Up-to-date symlink: /home/athena-uav/Athena/athena_ws/install/athena_interfaces/include/athena_interfaces/athena_interfaces/msg/detail/mission_status__struct.hpp
-- Up-to-date symlink: /home/athena-uav/Athena/athena_ws/install/athena_interfaces/include/athena_interfaces/athena_interfaces/msg/detail/mission_status__traits.hpp
-- Up-to-date symlink: /home/athena-uav/Athena/athena_ws/install/athena_interfaces/include/athena_interfaces/athena_interfaces/msg/detail/mission_status__type_support.hpp
-- Up-to-date symlink: /home/athena-uav/Athena/athena_ws/install/athena_interfaces/include/athena_interfaces/athena_interfaces/msg/detail/system_health__builder.hpp
-- Up-to-date symlink: /home/athena-uav/Athena/athena_ws/install/athena_interfaces/include/athena_interfaces/athena_interfaces/msg/detail/system_health__struct.hpp
-- Up-to-date symlink: /home/athena-uav/Athena/athena_ws/install/athena_interfaces/include/athena_interfaces/athena_interfaces/msg/detail/system_health__traits.hpp
-- Up-to-date symlink: /home/athena-uav/Athena/athena_ws/install/athena_interfaces/include/athena_interfaces/athena_interfaces/msg/detail/system_health__type_support.hpp
-- Up-to-date symlink: /home/athena-uav/Athena/athena_ws/install/athena_interfaces/include/athena_interfaces/athena_interfaces/msg/detail/system_status__builder.hpp
-- Up-to-date symlink: /home/athena-uav/Athena/athena_ws/install/athena_interfaces/include/athena_interfaces/athena_interfaces/msg/detail/system_status__struct.hpp
-- Up-to-date symlink: /home/athena-uav/Athena/athena_ws/install/athena_interfaces/include/athena_interfaces/athena_interfaces/msg/detail/system_status__traits.hpp
-- Up-to-date symlink: /home/athena-uav/Athena/athena_ws/install/athena_interfaces/include/athena_interfaces/athena_interfaces/msg/detail/system_status__type_support.hpp
-- Up-to-date symlink: /home/athena-uav/Athena/athena_ws/install/athena_interfaces/include/athena_interfaces/athena_interfaces/msg/detail/vehicle_state__builder.hpp
-- Up-to-date symlink: /home/athena-uav/Athena/athena_ws/install/athena_interfaces/include/athena_interfaces/athena_interfaces/msg/detail/vehicle_state__struct.hpp
-- Up-to-date symlink: /home/athena-uav/Athena/athena_ws/install/athena_interfaces/include/athena_interfaces/athena_interfaces/msg/detail/vehicle_state__traits.hpp
-- Up-to-date symlink: /home/athena-uav/Athena/athena_ws/install/athena_interfaces/include/athena_interfaces/athena_interfaces/msg/detail/vehicle_state__type_support.hpp
-- Up-to-date symlink: /home/athena-uav/Athena/athena_ws/install/athena_interfaces/include/athena_interfaces/athena_interfaces/msg/mission_status.hpp
-- Up-to-date symlink: /home/athena-uav/Athena/athena_ws/install/athena_interfaces/include/athena_interfaces/athena_interfaces/msg/rosidl_generator_cpp__visibility_control.hpp
-- Up-to-date symlink: /home/athena-uav/Athena/athena_ws/install/athena_interfaces/include/athena_interfaces/athena_interfaces/msg/system_health.hpp
-- Up-to-date symlink: /home/athena-uav/Athena/athena_ws/install/athena_interfaces/include/athena_interfaces/athena_interfaces/msg/system_status.hpp
-- Up-to-date symlink: /home/athena-uav/Athena/athena_ws/install/athena_interfaces/include/athena_interfaces/athena_interfaces/msg/vehicle_state.hpp
-- Up-to-date symlink: /home/athena-uav/Athena/athena_ws/install/athena_interfaces/include/athena_interfaces/athena_interfaces/msg/detail/mission_status__rosidl_typesupport_fastrtps_cpp.hpp
-- Up-to-date symlink: /home/athena-uav/Athena/athena_ws/install/athena_interfaces/include/athena_interfaces/athena_interfaces/msg/detail/system_health__rosidl_typesupport_fastrtps_cpp.hpp
-- Up-to-date symlink: /home/athena-uav/Athena/athena_ws/install/athena_interfaces/include/athena_interfaces/athena_interfaces/msg/detail/system_status__rosidl_typesupport_fastrtps_cpp.hpp
-- Up-to-date symlink: /home/athena-uav/Athena/athena_ws/install/athena_interfaces/include/athena_interfaces/athena_interfaces/msg/detail/vehicle_state__rosidl_typesupport_fastrtps_cpp.hpp
-- Up-to-date symlink: /home/athena-uav/Athena/athena_ws/install/athena_interfaces/include/athena_interfaces/athena_interfaces/msg/rosidl_typesupport_fastrtps_cpp__visibility_control.h
-- Up-to-date symlink: /home/athena-uav/Athena/athena_ws/install/athena_interfaces/include/athena_interfaces/athena_interfaces/msg/detail/mission_status__rosidl_typesupport_introspection_cpp.hpp
-- Up-to-date symlink: /home/athena-uav/Athena/athena_ws/install/athena_interfaces/include/athena_interfaces/athena_interfaces/msg/detail/system_health__rosidl_typesupport_introspection_cpp.hpp
-- Up-to-date symlink: /home/athena-uav/Athena/athena_ws/install/athena_interfaces/include/athena_interfaces/athena_interfaces/msg/detail/system_status__rosidl_typesupport_introspection_cpp.hpp
-- Up-to-date symlink: /home/athena-uav/Athena/athena_ws/install/athena_interfaces/include/athena_interfaces/athena_interfaces/msg/detail/vehicle_state__rosidl_typesupport_introspection_cpp.hpp
-- Up-to-date symlink: /home/athena-uav/Athena/athena_ws/install/athena_interfaces/share/athena_interfaces/environment/pythonpath.sh
-- Up-to-date symlink: /home/athena-uav/Athena/athena_ws/install/athena_interfaces/share/athena_interfaces/environment/pythonpath.dsv
-- Up-to-date symlink: /home/athena-uav/Athena/athena_ws/install/athena_interfaces/lib/python3.12/site-packages/athena_interfaces-0.0.0-py3.12.egg-info/PKG-INFO
-- Up-to-date symlink: /home/athena-uav/Athena/athena_ws/install/athena_interfaces/lib/python3.12/site-packages/athena_interfaces-0.0.0-py3.12.egg-info/SOURCES.txt
-- Up-to-date symlink: /home/athena-uav/Athena/athena_ws/install/athena_interfaces/lib/python3.12/site-packages/athena_interfaces-0.0.0-py3.12.egg-info/dependency_links.txt
-- Up-to-date symlink: /home/athena-uav/Athena/athena_ws/install/athena_interfaces/lib/python3.12/site-packages/athena_interfaces-0.0.0-py3.12.egg-info/top_level.txt
-- Up-to-date symlink: /home/athena-uav/Athena/athena_ws/install/athena_interfaces/lib/python3.12/site-packages/athena_interfaces/__init__.py
-- Up-to-date symlink: /home/athena-uav/Athena/athena_ws/install/athena_interfaces/lib/python3.12/site-packages/athena_interfaces/_athena_interfaces_s.ep.rosidl_typesupport_c.c
-- Up-to-date symlink: /home/athena-uav/Athena/athena_ws/install/athena_interfaces/lib/python3.12/site-packages/athena_interfaces/_athena_interfaces_s.ep.rosidl_typesupport_fastrtps_c.c
-- Up-to-date symlink: /home/athena-uav/Athena/athena_ws/install/athena_interfaces/lib/python3.12/site-packages/athena_interfaces/_athena_interfaces_s.ep.rosidl_typesupport_introspection_c.c
-- Up-to-date symlink: /home/athena-uav/Athena/athena_ws/install/athena_interfaces/lib/python3.12/site-packages/athena_interfaces/athena_interfaces_s__rosidl_typesupport_c.so
-- Up-to-date symlink: /home/athena-uav/Athena/athena_ws/install/athena_interfaces/lib/python3.12/site-packages/athena_interfaces/athena_interfaces_s__rosidl_typesupport_fastrtps_c.so
-- Up-to-date symlink: /home/athena-uav/Athena/athena_ws/install/athena_interfaces/lib/python3.12/site-packages/athena_interfaces/athena_interfaces_s__rosidl_typesupport_introspection_c.so
-- Up-to-date symlink: /home/athena-uav/Athena/athena_ws/install/athena_interfaces/lib/python3.12/site-packages/athena_interfaces/msg/__init__.py
-- Up-to-date symlink: /home/athena-uav/Athena/athena_ws/install/athena_interfaces/lib/python3.12/site-packages/athena_interfaces/msg/_mission_status.py
-- Up-to-date symlink: /home/athena-uav/Athena/athena_ws/install/athena_interfaces/lib/python3.12/site-packages/athena_interfaces/msg/_mission_status_s.c
-- Up-to-date symlink: /home/athena-uav/Athena/athena_ws/install/athena_interfaces/lib/python3.12/site-packages/athena_interfaces/msg/_system_health.py
-- Up-to-date symlink: /home/athena-uav/Athena/athena_ws/install/athena_interfaces/lib/python3.12/site-packages/athena_interfaces/msg/_system_health_s.c
-- Up-to-date symlink: /home/athena-uav/Athena/athena_ws/install/athena_interfaces/lib/python3.12/site-packages/athena_interfaces/msg/_system_status.py
-- Up-to-date symlink: /home/athena-uav/Athena/athena_ws/install/athena_interfaces/lib/python3.12/site-packages/athena_interfaces/msg/_system_status_s.c
-- Up-to-date symlink: /home/athena-uav/Athena/athena_ws/install/athena_interfaces/lib/python3.12/site-packages/athena_interfaces/msg/_vehicle_state.py
-- Up-to-date symlink: /home/athena-uav/Athena/athena_ws/install/athena_interfaces/lib/python3.12/site-packages/athena_interfaces/msg/_vehicle_state_s.c
-- Up-to-date symlink: /home/athena-uav/Athena/athena_ws/install/athena_interfaces/lib/python3.12/site-packages/athena_interfaces/athena_interfaces_s__rosidl_typesupport_fastrtps_c.so
-- Up-to-date symlink: /home/athena-uav/Athena/athena_ws/install/athena_interfaces/lib/python3.12/site-packages/athena_interfaces/athena_interfaces_s__rosidl_typesupport_introspection_c.so
-- Up-to-date symlink: /home/athena-uav/Athena/athena_ws/install/athena_interfaces/lib/python3.12/site-packages/athena_interfaces/athena_interfaces_s__rosidl_typesupport_c.so
-- Up-to-date symlink: /home/athena-uav/Athena/athena_ws/install/athena_interfaces/share/ament_index/resource_index/rust_packages/athena_interfaces
-- Up-to-date symlink: /home/athena-uav/Athena/athena_ws/install/athena_interfaces/share/athena_interfaces/rust/Cargo.toml
-- Up-to-date symlink: /home/athena-uav/Athena/athena_ws/install/athena_interfaces/share/athena_interfaces/rust/build.rs
-- Up-to-date symlink: /home/athena-uav/Athena/athena_ws/install/athena_interfaces/share/athena_interfaces/rust/src/lib.rs
-- Up-to-date symlink: /home/athena-uav/Athena/athena_ws/install/athena_interfaces/share/athena_interfaces/rust/src/msg.rs
-- Up-to-date symlink: /home/athena-uav/Athena/athena_ws/install/athena_interfaces/share/athena_interfaces/rust/src/msg/rmw.rs
-- Up-to-date symlink: /home/athena-uav/Athena/athena_ws/install/athena_interfaces/share/athena_interfaces/msg/SystemHealth.idl
-- Up-to-date symlink: /home/athena-uav/Athena/athena_ws/install/athena_interfaces/share/athena_interfaces/msg/SystemStatus.idl
-- Up-to-date symlink: /home/athena-uav/Athena/athena_ws/install/athena_interfaces/share/athena_interfaces/msg/VehicleState.idl
-- Up-to-date symlink: /home/athena-uav/Athena/athena_ws/install/athena_interfaces/share/athena_interfaces/msg/MissionStatus.idl
-- Up-to-date symlink: /home/athena-uav/Athena/athena_ws/install/athena_interfaces/share/athena_interfaces/msg/SystemHealth.msg
-- Up-to-date symlink: /home/athena-uav/Athena/athena_ws/install/athena_interfaces/share/athena_interfaces/msg/SystemStatus.msg
-- Up-to-date symlink: /home/athena-uav/Athena/athena_ws/install/athena_interfaces/share/athena_interfaces/msg/VehicleState.msg
-- Up-to-date symlink: /home/athena-uav/Athena/athena_ws/install/athena_interfaces/share/athena_interfaces/msg/MissionStatus.msg
-- Up-to-date symlink: /home/athena-uav/Athena/athena_ws/install/athena_interfaces/share/ament_index/resource_index/package_run_dependencies/athena_interfaces
-- Up-to-date symlink: /home/athena-uav/Athena/athena_ws/install/athena_interfaces/share/ament_index/resource_index/parent_prefix_path/athena_interfaces
-- Up-to-date symlink: /home/athena-uav/Athena/athena_ws/install/athena_interfaces/share/athena_interfaces/environment/ament_prefix_path.sh
-- Up-to-date symlink: /home/athena-uav/Athena/athena_ws/install/athena_interfaces/share/athena_interfaces/environment/ament_prefix_path.dsv
-- Up-to-date symlink: /home/athena-uav/Athena/athena_ws/install/athena_interfaces/share/athena_interfaces/environment/path.sh
-- Up-to-date symlink: /home/athena-uav/Athena/athena_ws/install/athena_interfaces/share/athena_interfaces/environment/path.dsv
-- Up-to-date symlink: /home/athena-uav/Athena/athena_ws/install/athena_interfaces/share/athena_interfaces/local_setup.bash
-- Up-to-date symlink: /home/athena-uav/Athena/athena_ws/install/athena_interfaces/share/athena_interfaces/local_setup.sh
-- Up-to-date symlink: /home/athena-uav/Athena/athena_ws/install/athena_interfaces/share/athena_interfaces/local_setup.zsh
-- Up-to-date symlink: /home/athena-uav/Athena/athena_ws/install/athena_interfaces/share/athena_interfaces/local_setup.dsv
-- Symlinking: /home/athena-uav/Athena/athena_ws/install/athena_interfaces/share/athena_interfaces/package.dsv
-- Up-to-date symlink: /home/athena-uav/Athena/athena_ws/install/athena_interfaces/share/ament_index/resource_index/packages/athena_interfaces
-- Up-to-date symlink: /home/athena-uav/Athena/athena_ws/install/athena_interfaces/share/athena_interfaces/cmake/rosidl_cmake-extras.cmake
-- Up-to-date symlink: /home/athena-uav/Athena/athena_ws/install/athena_interfaces/share/athena_interfaces/cmake/ament_cmake_export_dependencies-extras.cmake
-- Up-to-date symlink: /home/athena-uav/Athena/athena_ws/install/athena_interfaces/share/athena_interfaces/cmake/ament_cmake_export_include_directories-extras.cmake
-- Up-to-date symlink: /home/athena-uav/Athena/athena_ws/install/athena_interfaces/share/athena_interfaces/cmake/ament_cmake_export_libraries-extras.cmake
-- Up-to-date symlink: /home/athena-uav/Athena/athena_ws/install/athena_interfaces/share/athena_interfaces/cmake/ament_cmake_export_targets-extras.cmake
-- Up-to-date symlink: /home/athena-uav/Athena/athena_ws/install/athena_interfaces/share/athena_interfaces/cmake/rosidl_cmake_export_typesupport_targets-extras.cmake
-- Up-to-date symlink: /home/athena-uav/Athena/athena_ws/install/athena_interfaces/share/athena_interfaces/cmake/rosidl_cmake_export_typesupport_libraries-extras.cmake
-- Up-to-date symlink: /home/athena-uav/Athena/athena_ws/install/athena_interfaces/share/athena_interfaces/cmake/rosidl_cmake_aggregate_target-extras.cmake
-- Up-to-date symlink: /home/athena-uav/Athena/athena_ws/install/athena_interfaces/share/athena_interfaces/cmake/athena_interfacesConfig.cmake
-- Up-to-date symlink: /home/athena-uav/Athena/athena_ws/install/athena_interfaces/share/athena_interfaces/cmake/athena_interfacesConfig-version.cmake
-- Up-to-date symlink: /home/athena-uav/Athena/athena_ws/install/athena_interfaces/share/athena_interfaces/package.xml
-- Up-to-date: /home/athena-uav/Athena/athena_ws/install/athena_interfaces/lib/libathena_interfaces__rosidl_generator_c.so
-- Up-to-date: /home/athena-uav/Athena/athena_ws/install/athena_interfaces/lib/libathena_interfaces__rosidl_typesupport_fastrtps_c.so
-- Up-to-date: /home/athena-uav/Athena/athena_ws/install/athena_interfaces/lib/libathena_interfaces__rosidl_typesupport_introspection_c.so
-- Up-to-date: /home/athena-uav/Athena/athena_ws/install/athena_interfaces/lib/libathena_interfaces__rosidl_typesupport_c.so
-- Up-to-date: /home/athena-uav/Athena/athena_ws/install/athena_interfaces/lib/libathena_interfaces__rosidl_typesupport_fastrtps_cpp.so
-- Up-to-date: /home/athena-uav/Athena/athena_ws/install/athena_interfaces/lib/libathena_interfaces__rosidl_typesupport_introspection_cpp.so
-- Up-to-date: /home/athena-uav/Athena/athena_ws/install/athena_interfaces/lib/libathena_interfaces__rosidl_typesupport_cpp.so
Listing '/home/athena-uav/Athena/athena_ws/install/athena_interfaces/lib/python3.12/site-packages/athena_interfaces'...
Listing '/home/athena-uav/Athena/athena_ws/install/athena_interfaces/lib/python3.12/site-packages/athena_interfaces/msg'...
-- Up-to-date: /home/athena-uav/Athena/athena_ws/install/athena_interfaces/lib/libathena_interfaces__rosidl_generator_py.so
-- Up-to-date: /home/athena-uav/Athena/athena_ws/install/athena_interfaces/share/athena_interfaces/cmake/export_athena_interfaces__rosidl_generator_cExport.cmake
-- Up-to-date: /home/athena-uav/Athena/athena_ws/install/athena_interfaces/share/athena_interfaces/cmake/export_athena_interfaces__rosidl_generator_cExport-noconfig.cmake
-- Up-to-date: /home/athena-uav/Athena/athena_ws/install/athena_interfaces/share/athena_interfaces/cmake/export_athena_interfaces__rosidl_typesupport_fastrtps_cExport.cmake
-- Up-to-date: /home/athena-uav/Athena/athena_ws/install/athena_interfaces/share/athena_interfaces/cmake/export_athena_interfaces__rosidl_typesupport_fastrtps_cExport-noconfig.cmake
-- Up-to-date: /home/athena-uav/Athena/athena_ws/install/athena_interfaces/share/athena_interfaces/cmake/athena_interfaces__rosidl_typesupport_introspection_cExport.cmake
-- Up-to-date: /home/athena-uav/Athena/athena_ws/install/athena_interfaces/share/athena_interfaces/cmake/athena_interfaces__rosidl_typesupport_introspection_cExport-noconfig.cmake
-- Up-to-date: /home/athena-uav/Athena/athena_ws/install/athena_interfaces/share/athena_interfaces/cmake/athena_interfaces__rosidl_typesupport_cExport.cmake
-- Up-to-date: /home/athena-uav/Athena/athena_ws/install/athena_interfaces/share/athena_interfaces/cmake/athena_interfaces__rosidl_typesupport_cExport-noconfig.cmake
-- Up-to-date: /home/athena-uav/Athena/athena_ws/install/athena_interfaces/share/athena_interfaces/cmake/export_athena_interfaces__rosidl_generator_cppExport.cmake
-- Up-to-date: /home/athena-uav/Athena/athena_ws/install/athena_interfaces/share/athena_interfaces/cmake/export_athena_interfaces__rosidl_typesupport_fastrtps_cppExport.cmake
-- Up-to-date: /home/athena-uav/Athena/athena_ws/install/athena_interfaces/share/athena_interfaces/cmake/export_athena_interfaces__rosidl_typesupport_fastrtps_cppExport-noconfig.cmake
-- Up-to-date: /home/athena-uav/Athena/athena_ws/install/athena_interfaces/share/athena_interfaces/cmake/athena_interfaces__rosidl_typesupport_introspection_cppExport.cmake
-- Up-to-date: /home/athena-uav/Athena/athena_ws/install/athena_interfaces/share/athena_interfaces/cmake/athena_interfaces__rosidl_typesupport_introspection_cppExport-noconfig.cmake
-- Up-to-date: /home/athena-uav/Athena/athena_ws/install/athena_interfaces/share/athena_interfaces/cmake/athena_interfaces__rosidl_typesupport_cppExport.cmake
-- Up-to-date: /home/athena-uav/Athena/athena_ws/install/athena_interfaces/share/athena_interfaces/cmake/athena_interfaces__rosidl_typesupport_cppExport-noconfig.cmake
-- Up-to-date: /home/athena-uav/Athena/athena_ws/install/athena_interfaces/share/athena_interfaces/cmake/export_athena_interfaces__rosidl_generator_pyExport.cmake
-- Up-to-date: /home/athena-uav/Athena/athena_ws/install/athena_interfaces/share/athena_interfaces/cmake/export_athena_interfaces__rosidl_generator_pyExport-noconfig.cmake
