[0.093s] Invoking command in '/home/athena-uav/Athena/athena_ws/build/athena_interfaces': CMAKE_PREFIX_PATH=${CMAKE_PREFIX_PATH}:/home/athena-uav/Athena/athena_ws/install/athena_health_manager:/home/athena-uav/Athena/athena_ws/install/athena_core:/home/athena-uav/Athena/athena_ws/install/athena_bringup:/opt/ros/jazzy DEBUGINFOD_URLS=https://debuginfod.ubuntu.com /usr/bin/cmake --build /home/athena-uav/Athena/athena_ws/build/athena_interfaces -- -j4 -l4
[0.720s] [  1%] Built target athena_interfaces__rosidl_generator_type_description
[0.721s] [  3%] Built target athena_interfaces__rs
[0.768s] [  3%] Built target ament_cmake_python_symlink_athena_interfaces
[0.858s] [  4%] Built target athena_interfaces__cpp
[0.933s] [ 26%] Built target athena_interfaces__rosidl_generator_c
[1.150s] [ 35%] Built target athena_interfaces__rosidl_typesupport_introspection_c
[1.185s] [ 44%] Built target athena_interfaces__rosidl_typesupport_introspection_cpp
[1.199s] [ 53%] Built target athena_interfaces__rosidl_typesupport_cpp
[1.396s] [ 63%] Built target athena_interfaces__rosidl_typesupport_fastrtps_cpp
[1.399s] [ 81%] Built target athena_interfaces__rosidl_typesupport_c
[1.406s] [ 81%] Built target athena_interfaces__rosidl_typesupport_fastrtps_c
[1.564s] [ 81%] Built target athena_interfaces
[1.699s] [ 83%] Built target athena_interfaces__py
[1.883s] [ 90%] Built target athena_interfaces__rosidl_generator_py
[2.063s] [ 93%] Built target athena_interfaces_s__rosidl_typesupport_fastrtps_c
[2.090s] [ 96%] Built target athena_interfaces_s__rosidl_typesupport_c
[2.131s] [100%] Built target athena_interfaces_s__rosidl_typesupport_introspection_c
[2.259s] running egg_info
[2.356s] writing athena_interfaces.egg-info/PKG-INFO
[2.357s] writing dependency_links to athena_interfaces.egg-info/dependency_links.txt
[2.358s] writing top-level names to athena_interfaces.egg-info/top_level.txt
[2.643s] reading manifest file 'athena_interfaces.egg-info/SOURCES.txt'
[2.646s] writing manifest file 'athena_interfaces.egg-info/SOURCES.txt'
[2.802s] [100%] Built target ament_cmake_python_build_athena_interfaces_egg
[2.867s] Invoked command in '/home/athena-uav/Athena/athena_ws/build/athena_interfaces' returned '0': CMAKE_PREFIX_PATH=${CMAKE_PREFIX_PATH}:/home/athena-uav/Athena/athena_ws/install/athena_health_manager:/home/athena-uav/Athena/athena_ws/install/athena_core:/home/athena-uav/Athena/athena_ws/install/athena_bringup:/opt/ros/jazzy DEBUGINFOD_URLS=https://debuginfod.ubuntu.com /usr/bin/cmake --build /home/athena-uav/Athena/athena_ws/build/athena_interfaces -- -j4 -l4
[2.925s] Invoking command in '/home/athena-uav/Athena/athena_ws/build/athena_interfaces': CMAKE_PREFIX_PATH=${CMAKE_PREFIX_PATH}:/home/athena-uav/Athena/athena_ws/install/athena_health_manager:/home/athena-uav/Athena/athena_ws/install/athena_core:/home/athena-uav/Athena/athena_ws/install/athena_bringup:/opt/ros/jazzy DEBUGINFOD_URLS=https://debuginfod.ubuntu.com /usr/bin/cmake --install /home/athena-uav/Athena/athena_ws/build/athena_interfaces
[2.970s] -- Install configuration: ""
[2.973s] -- Execute custom install script
[2.974s] -- Up-to-date symlink: /home/athena-uav/Athena/athena_ws/install/athena_interfaces/share/ament_index/resource_index/rosidl_interfaces/athena_interfaces
[2.976s] -- Up-to-date symlink: /home/athena-uav/Athena/athena_ws/install/athena_interfaces/share/athena_interfaces/msg/SystemHealth.json
[2.977s] -- Up-to-date symlink: /home/athena-uav/Athena/athena_ws/install/athena_interfaces/share/athena_interfaces/msg/SystemStatus.json
[2.978s] -- Up-to-date symlink: /home/athena-uav/Athena/athena_ws/install/athena_interfaces/share/athena_interfaces/msg/VehicleState.json
[2.980s] -- Up-to-date symlink: /home/athena-uav/Athena/athena_ws/install/athena_interfaces/share/athena_interfaces/msg/MissionStatus.json
[2.987s] -- Up-to-date symlink: /home/athena-uav/Athena/athena_ws/install/athena_interfaces/include/athena_interfaces/athena_interfaces/msg/detail/mission_status__functions.h
[2.988s] -- Up-to-date symlink: /home/athena-uav/Athena/athena_ws/install/athena_interfaces/include/athena_interfaces/athena_interfaces/msg/detail/mission_status__struct.h
[2.989s] -- Up-to-date symlink: /home/athena-uav/Athena/athena_ws/install/athena_interfaces/include/athena_interfaces/athena_interfaces/msg/detail/mission_status__type_support.h
[2.990s] -- Up-to-date symlink: /home/athena-uav/Athena/athena_ws/install/athena_interfaces/include/athena_interfaces/athena_interfaces/msg/detail/system_health__functions.h
[2.992s] -- Up-to-date symlink: /home/athena-uav/Athena/athena_ws/install/athena_interfaces/include/athena_interfaces/athena_interfaces/msg/detail/system_health__struct.h
[2.993s] -- Up-to-date symlink: /home/athena-uav/Athena/athena_ws/install/athena_interfaces/include/athena_interfaces/athena_interfaces/msg/detail/system_health__type_support.h
[2.994s] -- Up-to-date symlink: /home/athena-uav/Athena/athena_ws/install/athena_interfaces/include/athena_interfaces/athena_interfaces/msg/detail/system_status__functions.h
[2.996s] -- Up-to-date symlink: /home/athena-uav/Athena/athena_ws/install/athena_interfaces/include/athena_interfaces/athena_interfaces/msg/detail/system_status__struct.h
[2.997s] -- Up-to-date symlink: /home/athena-uav/Athena/athena_ws/install/athena_interfaces/include/athena_interfaces/athena_interfaces/msg/detail/system_status__type_support.h
[2.998s] -- Up-to-date symlink: /home/athena-uav/Athena/athena_ws/install/athena_interfaces/include/athena_interfaces/athena_interfaces/msg/detail/vehicle_state__functions.h
[2.999s] -- Up-to-date symlink: /home/athena-uav/Athena/athena_ws/install/athena_interfaces/include/athena_interfaces/athena_interfaces/msg/detail/vehicle_state__struct.h
[3.001s] -- Up-to-date symlink: /home/athena-uav/Athena/athena_ws/install/athena_interfaces/include/athena_interfaces/athena_interfaces/msg/detail/vehicle_state__type_support.h
[3.001s] -- Up-to-date symlink: /home/athena-uav/Athena/athena_ws/install/athena_interfaces/include/athena_interfaces/athena_interfaces/msg/mission_status.h
[3.003s] -- Up-to-date symlink: /home/athena-uav/Athena/athena_ws/install/athena_interfaces/include/athena_interfaces/athena_interfaces/msg/rosidl_generator_c__visibility_control.h
[3.004s] -- Up-to-date symlink: /home/athena-uav/Athena/athena_ws/install/athena_interfaces/include/athena_interfaces/athena_interfaces/msg/system_health.h
[3.005s] -- Up-to-date symlink: /home/athena-uav/Athena/athena_ws/install/athena_interfaces/include/athena_interfaces/athena_interfaces/msg/system_status.h
[3.006s] -- Up-to-date symlink: /home/athena-uav/Athena/athena_ws/install/athena_interfaces/include/athena_interfaces/athena_interfaces/msg/vehicle_state.h
[3.007s] -- Up-to-date symlink: /home/athena-uav/Athena/athena_ws/install/athena_interfaces/share/athena_interfaces/environment/library_path.sh
[3.008s] -- Up-to-date symlink: /home/athena-uav/Athena/athena_ws/install/athena_interfaces/share/athena_interfaces/environment/library_path.dsv
[3.013s] -- Up-to-date symlink: /home/athena-uav/Athena/athena_ws/install/athena_interfaces/include/athena_interfaces/athena_interfaces/msg/detail/mission_status__rosidl_typesupport_fastrtps_c.h
[3.014s] -- Up-to-date symlink: /home/athena-uav/Athena/athena_ws/install/athena_interfaces/include/athena_interfaces/athena_interfaces/msg/detail/system_health__rosidl_typesupport_fastrtps_c.h
[3.015s] -- Up-to-date symlink: /home/athena-uav/Athena/athena_ws/install/athena_interfaces/include/athena_interfaces/athena_interfaces/msg/detail/system_status__rosidl_typesupport_fastrtps_c.h
[3.016s] -- Up-to-date symlink: /home/athena-uav/Athena/athena_ws/install/athena_interfaces/include/athena_interfaces/athena_interfaces/msg/detail/vehicle_state__rosidl_typesupport_fastrtps_c.h
[3.017s] -- Up-to-date symlink: /home/athena-uav/Athena/athena_ws/install/athena_interfaces/include/athena_interfaces/athena_interfaces/msg/rosidl_typesupport_fastrtps_c__visibility_control.h
[3.021s] -- Up-to-date symlink: /home/athena-uav/Athena/athena_ws/install/athena_interfaces/include/athena_interfaces/athena_interfaces/msg/detail/mission_status__rosidl_typesupport_introspection_c.h
[3.022s] -- Up-to-date symlink: /home/athena-uav/Athena/athena_ws/install/athena_interfaces/include/athena_interfaces/athena_interfaces/msg/detail/system_health__rosidl_typesupport_introspection_c.h
[3.023s] -- Up-to-date symlink: /home/athena-uav/Athena/athena_ws/install/athena_interfaces/include/athena_interfaces/athena_interfaces/msg/detail/system_status__rosidl_typesupport_introspection_c.h
[3.024s] -- Up-to-date symlink: /home/athena-uav/Athena/athena_ws/install/athena_interfaces/include/athena_interfaces/athena_interfaces/msg/detail/vehicle_state__rosidl_typesupport_introspection_c.h
[3.025s] -- Up-to-date symlink: /home/athena-uav/Athena/athena_ws/install/athena_interfaces/include/athena_interfaces/athena_interfaces/msg/rosidl_typesupport_introspection_c__visibility_control.h
[3.029s] -- Up-to-date symlink: /home/athena-uav/Athena/athena_ws/install/athena_interfaces/include/athena_interfaces/athena_interfaces/msg/detail/mission_status__builder.hpp
[3.031s] -- Up-to-date symlink: /home/athena-uav/Athena/athena_ws/install/athena_interfaces/include/athena_interfaces/athena_interfaces/msg/detail/mission_status__struct.hpp
[3.032s] -- Up-to-date symlink: /home/athena-uav/Athena/athena_ws/install/athena_interfaces/include/athena_interfaces/athena_interfaces/msg/detail/mission_status__traits.hpp
[3.033s] -- Up-to-date symlink: /home/athena-uav/Athena/athena_ws/install/athena_interfaces/include/athena_interfaces/athena_interfaces/msg/detail/mission_status__type_support.hpp
[3.034s] -- Up-to-date symlink: /home/athena-uav/Athena/athena_ws/install/athena_interfaces/include/athena_interfaces/athena_interfaces/msg/detail/system_health__builder.hpp
[3.035s] -- Up-to-date symlink: /home/athena-uav/Athena/athena_ws/install/athena_interfaces/include/athena_interfaces/athena_interfaces/msg/detail/system_health__struct.hpp
[3.036s] -- Up-to-date symlink: /home/athena-uav/Athena/athena_ws/install/athena_interfaces/include/athena_interfaces/athena_interfaces/msg/detail/system_health__traits.hpp
[3.038s] -- Up-to-date symlink: /home/athena-uav/Athena/athena_ws/install/athena_interfaces/include/athena_interfaces/athena_interfaces/msg/detail/system_health__type_support.hpp
[3.039s] -- Up-to-date symlink: /home/athena-uav/Athena/athena_ws/install/athena_interfaces/include/athena_interfaces/athena_interfaces/msg/detail/system_status__builder.hpp
[3.040s] -- Up-to-date symlink: /home/athena-uav/Athena/athena_ws/install/athena_interfaces/include/athena_interfaces/athena_interfaces/msg/detail/system_status__struct.hpp
[3.041s] -- Up-to-date symlink: /home/athena-uav/Athena/athena_ws/install/athena_interfaces/include/athena_interfaces/athena_interfaces/msg/detail/system_status__traits.hpp
[3.042s] -- Up-to-date symlink: /home/athena-uav/Athena/athena_ws/install/athena_interfaces/include/athena_interfaces/athena_interfaces/msg/detail/system_status__type_support.hpp
[3.043s] -- Up-to-date symlink: /home/athena-uav/Athena/athena_ws/install/athena_interfaces/include/athena_interfaces/athena_interfaces/msg/detail/vehicle_state__builder.hpp
[3.044s] -- Up-to-date symlink: /home/athena-uav/Athena/athena_ws/install/athena_interfaces/include/athena_interfaces/athena_interfaces/msg/detail/vehicle_state__struct.hpp
[3.046s] -- Up-to-date symlink: /home/athena-uav/Athena/athena_ws/install/athena_interfaces/include/athena_interfaces/athena_interfaces/msg/detail/vehicle_state__traits.hpp
[3.047s] -- Up-to-date symlink: /home/athena-uav/Athena/athena_ws/install/athena_interfaces/include/athena_interfaces/athena_interfaces/msg/detail/vehicle_state__type_support.hpp
[3.048s] -- Up-to-date symlink: /home/athena-uav/Athena/athena_ws/install/athena_interfaces/include/athena_interfaces/athena_interfaces/msg/mission_status.hpp
[3.049s] -- Up-to-date symlink: /home/athena-uav/Athena/athena_ws/install/athena_interfaces/include/athena_interfaces/athena_interfaces/msg/rosidl_generator_cpp__visibility_control.hpp
[3.050s] -- Up-to-date symlink: /home/athena-uav/Athena/athena_ws/install/athena_interfaces/include/athena_interfaces/athena_interfaces/msg/system_health.hpp
[3.051s] -- Up-to-date symlink: /home/athena-uav/Athena/athena_ws/install/athena_interfaces/include/athena_interfaces/athena_interfaces/msg/system_status.hpp
[3.052s] -- Up-to-date symlink: /home/athena-uav/Athena/athena_ws/install/athena_interfaces/include/athena_interfaces/athena_interfaces/msg/vehicle_state.hpp
[3.057s] -- Up-to-date symlink: /home/athena-uav/Athena/athena_ws/install/athena_interfaces/include/athena_interfaces/athena_interfaces/msg/detail/mission_status__rosidl_typesupport_fastrtps_cpp.hpp
[3.058s] -- Up-to-date symlink: /home/athena-uav/Athena/athena_ws/install/athena_interfaces/include/athena_interfaces/athena_interfaces/msg/detail/system_health__rosidl_typesupport_fastrtps_cpp.hpp
[3.059s] -- Up-to-date symlink: /home/athena-uav/Athena/athena_ws/install/athena_interfaces/include/athena_interfaces/athena_interfaces/msg/detail/system_status__rosidl_typesupport_fastrtps_cpp.hpp
[3.060s] -- Up-to-date symlink: /home/athena-uav/Athena/athena_ws/install/athena_interfaces/include/athena_interfaces/athena_interfaces/msg/detail/vehicle_state__rosidl_typesupport_fastrtps_cpp.hpp
[3.061s] -- Up-to-date symlink: /home/athena-uav/Athena/athena_ws/install/athena_interfaces/include/athena_interfaces/athena_interfaces/msg/rosidl_typesupport_fastrtps_cpp__visibility_control.h
[3.065s] -- Up-to-date symlink: /home/athena-uav/Athena/athena_ws/install/athena_interfaces/include/athena_interfaces/athena_interfaces/msg/detail/mission_status__rosidl_typesupport_introspection_cpp.hpp
[3.066s] -- Up-to-date symlink: /home/athena-uav/Athena/athena_ws/install/athena_interfaces/include/athena_interfaces/athena_interfaces/msg/detail/system_health__rosidl_typesupport_introspection_cpp.hpp
[3.067s] -- Up-to-date symlink: /home/athena-uav/Athena/athena_ws/install/athena_interfaces/include/athena_interfaces/athena_interfaces/msg/detail/system_status__rosidl_typesupport_introspection_cpp.hpp
[3.068s] -- Up-to-date symlink: /home/athena-uav/Athena/athena_ws/install/athena_interfaces/include/athena_interfaces/athena_interfaces/msg/detail/vehicle_state__rosidl_typesupport_introspection_cpp.hpp
[3.069s] -- Up-to-date symlink: /home/athena-uav/Athena/athena_ws/install/athena_interfaces/share/athena_interfaces/environment/pythonpath.sh
[3.071s] -- Up-to-date symlink: /home/athena-uav/Athena/athena_ws/install/athena_interfaces/share/athena_interfaces/environment/pythonpath.dsv
[3.073s] -- Up-to-date symlink: /home/athena-uav/Athena/athena_ws/install/athena_interfaces/lib/python3.12/site-packages/athena_interfaces-0.0.0-py3.12.egg-info/PKG-INFO
[3.074s] -- Up-to-date symlink: /home/athena-uav/Athena/athena_ws/install/athena_interfaces/lib/python3.12/site-packages/athena_interfaces-0.0.0-py3.12.egg-info/SOURCES.txt
[3.075s] -- Up-to-date symlink: /home/athena-uav/Athena/athena_ws/install/athena_interfaces/lib/python3.12/site-packages/athena_interfaces-0.0.0-py3.12.egg-info/dependency_links.txt
[3.076s] -- Up-to-date symlink: /home/athena-uav/Athena/athena_ws/install/athena_interfaces/lib/python3.12/site-packages/athena_interfaces-0.0.0-py3.12.egg-info/top_level.txt
[3.082s] -- Up-to-date symlink: /home/athena-uav/Athena/athena_ws/install/athena_interfaces/lib/python3.12/site-packages/athena_interfaces/__init__.py
[3.083s] -- Up-to-date symlink: /home/athena-uav/Athena/athena_ws/install/athena_interfaces/lib/python3.12/site-packages/athena_interfaces/_athena_interfaces_s.ep.rosidl_typesupport_c.c
[3.084s] -- Up-to-date symlink: /home/athena-uav/Athena/athena_ws/install/athena_interfaces/lib/python3.12/site-packages/athena_interfaces/_athena_interfaces_s.ep.rosidl_typesupport_fastrtps_c.c
[3.085s] -- Up-to-date symlink: /home/athena-uav/Athena/athena_ws/install/athena_interfaces/lib/python3.12/site-packages/athena_interfaces/_athena_interfaces_s.ep.rosidl_typesupport_introspection_c.c
[3.086s] -- Up-to-date symlink: /home/athena-uav/Athena/athena_ws/install/athena_interfaces/lib/python3.12/site-packages/athena_interfaces/athena_interfaces_s__rosidl_typesupport_c.so
[3.087s] -- Up-to-date symlink: /home/athena-uav/Athena/athena_ws/install/athena_interfaces/lib/python3.12/site-packages/athena_interfaces/athena_interfaces_s__rosidl_typesupport_fastrtps_c.so
[3.088s] -- Up-to-date symlink: /home/athena-uav/Athena/athena_ws/install/athena_interfaces/lib/python3.12/site-packages/athena_interfaces/athena_interfaces_s__rosidl_typesupport_introspection_c.so
[3.090s] -- Up-to-date symlink: /home/athena-uav/Athena/athena_ws/install/athena_interfaces/lib/python3.12/site-packages/athena_interfaces/msg/__init__.py
[3.091s] -- Up-to-date symlink: /home/athena-uav/Athena/athena_ws/install/athena_interfaces/lib/python3.12/site-packages/athena_interfaces/msg/_mission_status.py
[3.092s] -- Up-to-date symlink: /home/athena-uav/Athena/athena_ws/install/athena_interfaces/lib/python3.12/site-packages/athena_interfaces/msg/_mission_status_s.c
[3.093s] -- Up-to-date symlink: /home/athena-uav/Athena/athena_ws/install/athena_interfaces/lib/python3.12/site-packages/athena_interfaces/msg/_system_health.py
[3.094s] -- Up-to-date symlink: /home/athena-uav/Athena/athena_ws/install/athena_interfaces/lib/python3.12/site-packages/athena_interfaces/msg/_system_health_s.c
[3.095s] -- Up-to-date symlink: /home/athena-uav/Athena/athena_ws/install/athena_interfaces/lib/python3.12/site-packages/athena_interfaces/msg/_system_status.py
[3.096s] -- Up-to-date symlink: /home/athena-uav/Athena/athena_ws/install/athena_interfaces/lib/python3.12/site-packages/athena_interfaces/msg/_system_status_s.c
[3.097s] -- Up-to-date symlink: /home/athena-uav/Athena/athena_ws/install/athena_interfaces/lib/python3.12/site-packages/athena_interfaces/msg/_vehicle_state.py
[3.098s] -- Up-to-date symlink: /home/athena-uav/Athena/athena_ws/install/athena_interfaces/lib/python3.12/site-packages/athena_interfaces/msg/_vehicle_state_s.c
[3.100s] -- Up-to-date symlink: /home/athena-uav/Athena/athena_ws/install/athena_interfaces/lib/python3.12/site-packages/athena_interfaces/athena_interfaces_s__rosidl_typesupport_fastrtps_c.so
[3.102s] -- Up-to-date symlink: /home/athena-uav/Athena/athena_ws/install/athena_interfaces/lib/python3.12/site-packages/athena_interfaces/athena_interfaces_s__rosidl_typesupport_introspection_c.so
[3.103s] -- Up-to-date symlink: /home/athena-uav/Athena/athena_ws/install/athena_interfaces/lib/python3.12/site-packages/athena_interfaces/athena_interfaces_s__rosidl_typesupport_c.so
[3.105s] -- Up-to-date symlink: /home/athena-uav/Athena/athena_ws/install/athena_interfaces/share/ament_index/resource_index/rust_packages/athena_interfaces
[3.107s] -- Up-to-date symlink: /home/athena-uav/Athena/athena_ws/install/athena_interfaces/share/athena_interfaces/rust/Cargo.toml
[3.108s] -- Up-to-date symlink: /home/athena-uav/Athena/athena_ws/install/athena_interfaces/share/athena_interfaces/rust/build.rs
[3.110s] -- Up-to-date symlink: /home/athena-uav/Athena/athena_ws/install/athena_interfaces/share/athena_interfaces/rust/src/lib.rs
[3.111s] -- Up-to-date symlink: /home/athena-uav/Athena/athena_ws/install/athena_interfaces/share/athena_interfaces/rust/src/msg.rs
[3.112s] -- Up-to-date symlink: /home/athena-uav/Athena/athena_ws/install/athena_interfaces/share/athena_interfaces/rust/src/msg/rmw.rs
[3.113s] -- Up-to-date symlink: /home/athena-uav/Athena/athena_ws/install/athena_interfaces/share/athena_interfaces/msg/SystemHealth.idl
[3.114s] -- Up-to-date symlink: /home/athena-uav/Athena/athena_ws/install/athena_interfaces/share/athena_interfaces/msg/SystemStatus.idl
[3.116s] -- Up-to-date symlink: /home/athena-uav/Athena/athena_ws/install/athena_interfaces/share/athena_interfaces/msg/VehicleState.idl
[3.117s] -- Up-to-date symlink: /home/athena-uav/Athena/athena_ws/install/athena_interfaces/share/athena_interfaces/msg/MissionStatus.idl
[3.118s] -- Up-to-date symlink: /home/athena-uav/Athena/athena_ws/install/athena_interfaces/share/athena_interfaces/msg/SystemHealth.msg
[3.119s] -- Up-to-date symlink: /home/athena-uav/Athena/athena_ws/install/athena_interfaces/share/athena_interfaces/msg/SystemStatus.msg
[3.120s] -- Up-to-date symlink: /home/athena-uav/Athena/athena_ws/install/athena_interfaces/share/athena_interfaces/msg/VehicleState.msg
[3.121s] -- Up-to-date symlink: /home/athena-uav/Athena/athena_ws/install/athena_interfaces/share/athena_interfaces/msg/MissionStatus.msg
[3.123s] -- Up-to-date symlink: /home/athena-uav/Athena/athena_ws/install/athena_interfaces/share/ament_index/resource_index/package_run_dependencies/athena_interfaces
[3.124s] -- Up-to-date symlink: /home/athena-uav/Athena/athena_ws/install/athena_interfaces/share/ament_index/resource_index/parent_prefix_path/athena_interfaces
[3.125s] -- Up-to-date symlink: /home/athena-uav/Athena/athena_ws/install/athena_interfaces/share/athena_interfaces/environment/ament_prefix_path.sh
[3.126s] -- Up-to-date symlink: /home/athena-uav/Athena/athena_ws/install/athena_interfaces/share/athena_interfaces/environment/ament_prefix_path.dsv
[3.128s] -- Up-to-date symlink: /home/athena-uav/Athena/athena_ws/install/athena_interfaces/share/athena_interfaces/environment/path.sh
[3.129s] -- Up-to-date symlink: /home/athena-uav/Athena/athena_ws/install/athena_interfaces/share/athena_interfaces/environment/path.dsv
[3.130s] -- Up-to-date symlink: /home/athena-uav/Athena/athena_ws/install/athena_interfaces/share/athena_interfaces/local_setup.bash
[3.131s] -- Up-to-date symlink: /home/athena-uav/Athena/athena_ws/install/athena_interfaces/share/athena_interfaces/local_setup.sh
[3.132s] -- Up-to-date symlink: /home/athena-uav/Athena/athena_ws/install/athena_interfaces/share/athena_interfaces/local_setup.zsh
[3.133s] -- Up-to-date symlink: /home/athena-uav/Athena/athena_ws/install/athena_interfaces/share/athena_interfaces/local_setup.dsv
[3.134s] -- Symlinking: /home/athena-uav/Athena/athena_ws/install/athena_interfaces/share/athena_interfaces/package.dsv
[3.186s] -- Up-to-date symlink: /home/athena-uav/Athena/athena_ws/install/athena_interfaces/share/ament_index/resource_index/packages/athena_interfaces
[3.187s] -- Up-to-date symlink: /home/athena-uav/Athena/athena_ws/install/athena_interfaces/share/athena_interfaces/cmake/rosidl_cmake-extras.cmake
[3.189s] -- Up-to-date symlink: /home/athena-uav/Athena/athena_ws/install/athena_interfaces/share/athena_interfaces/cmake/ament_cmake_export_dependencies-extras.cmake
[3.190s] -- Up-to-date symlink: /home/athena-uav/Athena/athena_ws/install/athena_interfaces/share/athena_interfaces/cmake/ament_cmake_export_include_directories-extras.cmake
[3.192s] -- Up-to-date symlink: /home/athena-uav/Athena/athena_ws/install/athena_interfaces/share/athena_interfaces/cmake/ament_cmake_export_libraries-extras.cmake
[3.193s] -- Up-to-date symlink: /home/athena-uav/Athena/athena_ws/install/athena_interfaces/share/athena_interfaces/cmake/ament_cmake_export_targets-extras.cmake
[3.195s] -- Up-to-date symlink: /home/athena-uav/Athena/athena_ws/install/athena_interfaces/share/athena_interfaces/cmake/rosidl_cmake_export_typesupport_targets-extras.cmake
[3.196s] -- Up-to-date symlink: /home/athena-uav/Athena/athena_ws/install/athena_interfaces/share/athena_interfaces/cmake/rosidl_cmake_export_typesupport_libraries-extras.cmake
[3.197s] -- Up-to-date symlink: /home/athena-uav/Athena/athena_ws/install/athena_interfaces/share/athena_interfaces/cmake/rosidl_cmake_aggregate_target-extras.cmake
[3.199s] -- Up-to-date symlink: /home/athena-uav/Athena/athena_ws/install/athena_interfaces/share/athena_interfaces/cmake/athena_interfacesConfig.cmake
[3.200s] -- Up-to-date symlink: /home/athena-uav/Athena/athena_ws/install/athena_interfaces/share/athena_interfaces/cmake/athena_interfacesConfig-version.cmake
[3.201s] -- Up-to-date symlink: /home/athena-uav/Athena/athena_ws/install/athena_interfaces/share/athena_interfaces/package.xml
[3.203s] -- Up-to-date: /home/athena-uav/Athena/athena_ws/install/athena_interfaces/lib/libathena_interfaces__rosidl_generator_c.so
[3.205s] -- Up-to-date: /home/athena-uav/Athena/athena_ws/install/athena_interfaces/lib/libathena_interfaces__rosidl_typesupport_fastrtps_c.so
[3.209s] -- Up-to-date: /home/athena-uav/Athena/athena_ws/install/athena_interfaces/lib/libathena_interfaces__rosidl_typesupport_introspection_c.so
[3.210s] -- Up-to-date: /home/athena-uav/Athena/athena_ws/install/athena_interfaces/lib/libathena_interfaces__rosidl_typesupport_c.so
[3.212s] -- Up-to-date: /home/athena-uav/Athena/athena_ws/install/athena_interfaces/lib/libathena_interfaces__rosidl_typesupport_fastrtps_cpp.so
[3.214s] -- Up-to-date: /home/athena-uav/Athena/athena_ws/install/athena_interfaces/lib/libathena_interfaces__rosidl_typesupport_introspection_cpp.so
[3.217s] -- Up-to-date: /home/athena-uav/Athena/athena_ws/install/athena_interfaces/lib/libathena_interfaces__rosidl_typesupport_cpp.so
[3.418s] Listing '/home/athena-uav/Athena/athena_ws/install/athena_interfaces/lib/python3.12/site-packages/athena_interfaces'...
[3.419s] Listing '/home/athena-uav/Athena/athena_ws/install/athena_interfaces/lib/python3.12/site-packages/athena_interfaces/msg'...
[3.452s] -- Up-to-date: /home/athena-uav/Athena/athena_ws/install/athena_interfaces/lib/libathena_interfaces__rosidl_generator_py.so
[3.454s] -- Up-to-date: /home/athena-uav/Athena/athena_ws/install/athena_interfaces/share/athena_interfaces/cmake/export_athena_interfaces__rosidl_generator_cExport.cmake
[3.454s] -- Up-to-date: /home/athena-uav/Athena/athena_ws/install/athena_interfaces/share/athena_interfaces/cmake/export_athena_interfaces__rosidl_generator_cExport-noconfig.cmake
[3.455s] -- Up-to-date: /home/athena-uav/Athena/athena_ws/install/athena_interfaces/share/athena_interfaces/cmake/export_athena_interfaces__rosidl_typesupport_fastrtps_cExport.cmake
[3.456s] -- Up-to-date: /home/athena-uav/Athena/athena_ws/install/athena_interfaces/share/athena_interfaces/cmake/export_athena_interfaces__rosidl_typesupport_fastrtps_cExport-noconfig.cmake
[3.457s] -- Up-to-date: /home/athena-uav/Athena/athena_ws/install/athena_interfaces/share/athena_interfaces/cmake/athena_interfaces__rosidl_typesupport_introspection_cExport.cmake
[3.458s] -- Up-to-date: /home/athena-uav/Athena/athena_ws/install/athena_interfaces/share/athena_interfaces/cmake/athena_interfaces__rosidl_typesupport_introspection_cExport-noconfig.cmake
[3.460s] -- Up-to-date: /home/athena-uav/Athena/athena_ws/install/athena_interfaces/share/athena_interfaces/cmake/athena_interfaces__rosidl_typesupport_cExport.cmake
[3.460s] -- Up-to-date: /home/athena-uav/Athena/athena_ws/install/athena_interfaces/share/athena_interfaces/cmake/athena_interfaces__rosidl_typesupport_cExport-noconfig.cmake
[3.461s] -- Up-to-date: /home/athena-uav/Athena/athena_ws/install/athena_interfaces/share/athena_interfaces/cmake/export_athena_interfaces__rosidl_generator_cppExport.cmake
[3.462s] -- Up-to-date: /home/athena-uav/Athena/athena_ws/install/athena_interfaces/share/athena_interfaces/cmake/export_athena_interfaces__rosidl_typesupport_fastrtps_cppExport.cmake
[3.463s] -- Up-to-date: /home/athena-uav/Athena/athena_ws/install/athena_interfaces/share/athena_interfaces/cmake/export_athena_interfaces__rosidl_typesupport_fastrtps_cppExport-noconfig.cmake
[3.463s] -- Up-to-date: /home/athena-uav/Athena/athena_ws/install/athena_interfaces/share/athena_interfaces/cmake/athena_interfaces__rosidl_typesupport_introspection_cppExport.cmake
[3.464s] -- Up-to-date: /home/athena-uav/Athena/athena_ws/install/athena_interfaces/share/athena_interfaces/cmake/athena_interfaces__rosidl_typesupport_introspection_cppExport-noconfig.cmake
[3.465s] -- Up-to-date: /home/athena-uav/Athena/athena_ws/install/athena_interfaces/share/athena_interfaces/cmake/athena_interfaces__rosidl_typesupport_cppExport.cmake
[3.466s] -- Up-to-date: /home/athena-uav/Athena/athena_ws/install/athena_interfaces/share/athena_interfaces/cmake/athena_interfaces__rosidl_typesupport_cppExport-noconfig.cmake
[3.467s] -- Up-to-date: /home/athena-uav/Athena/athena_ws/install/athena_interfaces/share/athena_interfaces/cmake/export_athena_interfaces__rosidl_generator_pyExport.cmake
[3.468s] -- Up-to-date: /home/athena-uav/Athena/athena_ws/install/athena_interfaces/share/athena_interfaces/cmake/export_athena_interfaces__rosidl_generator_pyExport-noconfig.cmake
[3.476s] Invoked command in '/home/athena-uav/Athena/athena_ws/build/athena_interfaces' returned '0': CMAKE_PREFIX_PATH=${CMAKE_PREFIX_PATH}:/home/athena-uav/Athena/athena_ws/install/athena_health_manager:/home/athena-uav/Athena/athena_ws/install/athena_core:/home/athena-uav/Athena/athena_ws/install/athena_bringup:/opt/ros/jazzy DEBUGINFOD_URLS=https://debuginfod.ubuntu.com /usr/bin/cmake --install /home/athena-uav/Athena/athena_ws/build/athena_interfaces
