running develop
running egg_info
creating athena_bringup.egg-info
writing athena_bringup.egg-info/PKG-INFO
writing dependency_links to athena_bringup.egg-info/dependency_links.txt
writing requirements to athena_bringup.egg-info/requires.txt
writing top-level names to athena_bringup.egg-info/top_level.txt
writing manifest file 'athena_bringup.egg-info/SOURCES.txt'
reading manifest file 'athena_bringup.egg-info/SOURCES.txt'
writing manifest file 'athena_bringup.egg-info/SOURCES.txt'
running build_ext
Creating /home/doja/athena_ws/install/athena_bringup/lib/python3.12/site-packages/athena-bringup.egg-link (link to .)

Installed /home/doja/athena_ws/build/athena_bringup
running symlink_data
creating /home/doja/athena_ws/install/athena_bringup/share/ament_index
creating /home/doja/athena_ws/install/athena_bringup/share/ament_index/resource_index
creating /home/doja/athena_ws/install/athena_bringup/share/ament_index/resource_index/packages
symbolically linking /home/doja/athena_ws/build/athena_bringup/resource/athena_bringup -> /home/doja/athena_ws/install/athena_bringup/share/ament_index/resource_index/packages
symbolically linking /home/doja/athena_ws/build/athena_bringup/package.xml -> /home/doja/athena_ws/install/athena_bringup/share/athena_bringup
creating /home/doja/athena_ws/install/athena_bringup/share/athena_bringup/launch
symbolically linking /home/doja/athena_ws/build/athena_bringup/launch/athena.launch.py -> /home/doja/athena_ws/install/athena_bringup/share/athena_bringup/launch
creating /home/doja/athena_ws/install/athena_bringup/share/athena_bringup/config
