[1.060s] Invoking command in '/home/doja/athena_ws/build/athena_bringup': PYTHONPATH=/home/doja/athena_ws/build/athena_bringup/prefix_override:/usr/lib/python3/dist-packages/colcon_core/task/python/colcon_distutils_commands:/home/doja/athena_ws/install/athena_bringup/lib/python3.12/site-packages:${PYTHONPATH} /usr/bin/python3 -W ignore:setup.py install is deprecated -W ignore:easy_install command is deprecated setup.py develop --editable --build-directory /home/doja/athena_ws/build/athena_bringup/build --no-deps symlink_data
[1.274s] running develop
[1.386s] running egg_info
[1.386s] creating athena_bringup.egg-info
[1.399s] writing athena_bringup.egg-info/PKG-INFO
[1.399s] writing dependency_links to athena_bringup.egg-info/dependency_links.txt
[1.400s] writing requirements to athena_bringup.egg-info/requires.txt
[1.400s] writing top-level names to athena_bringup.egg-info/top_level.txt
[1.400s] writing manifest file 'athena_bringup.egg-info/SOURCES.txt'
[1.422s] reading manifest file 'athena_bringup.egg-info/SOURCES.txt'
[1.422s] writing manifest file 'athena_bringup.egg-info/SOURCES.txt'
[1.436s] running build_ext
[1.437s] Creating /home/doja/athena_ws/install/athena_bringup/lib/python3.12/site-packages/athena-bringup.egg-link (link to .)
[1.437s] 
[1.437s] Installed /home/doja/athena_ws/build/athena_bringup
[1.437s] running symlink_data
[1.438s] creating /home/doja/athena_ws/install/athena_bringup/share/ament_index
[1.438s] creating /home/doja/athena_ws/install/athena_bringup/share/ament_index/resource_index
[1.438s] creating /home/doja/athena_ws/install/athena_bringup/share/ament_index/resource_index/packages
[1.439s] symbolically linking /home/doja/athena_ws/build/athena_bringup/resource/athena_bringup -> /home/doja/athena_ws/install/athena_bringup/share/ament_index/resource_index/packages
[1.439s] symbolically linking /home/doja/athena_ws/build/athena_bringup/package.xml -> /home/doja/athena_ws/install/athena_bringup/share/athena_bringup
[1.439s] creating /home/doja/athena_ws/install/athena_bringup/share/athena_bringup/launch
[1.439s] symbolically linking /home/doja/athena_ws/build/athena_bringup/launch/athena.launch.py -> /home/doja/athena_ws/install/athena_bringup/share/athena_bringup/launch
[1.440s] creating /home/doja/athena_ws/install/athena_bringup/share/athena_bringup/config
[1.471s] Invoked command in '/home/doja/athena_ws/build/athena_bringup' returned '0': PYTHONPATH=/home/doja/athena_ws/build/athena_bringup/prefix_override:/usr/lib/python3/dist-packages/colcon_core/task/python/colcon_distutils_commands:/home/doja/athena_ws/install/athena_bringup/lib/python3.12/site-packages:${PYTHONPATH} /usr/bin/python3 -W ignore:setup.py install is deprecated -W ignore:easy_install command is deprecated setup.py develop --editable --build-directory /home/doja/athena_ws/build/athena_bringup/build --no-deps symlink_data
