-- Found ament_cmake: 2.5.6 (/opt/ros/jazzy/share/ament_cmake/cmake)
-- Override CMake install command with custom implementation using symlinks instead of copying resources
-- Found rosidl_default_generators: 1.6.1 (/opt/ros/jazzy/share/rosidl_default_generators/cmake)
-- Using all available rosidl_typesupport_c: rosidl_typesupport_fastrtps_c;rosidl_typesupport_introspection_c
-- Using all available rosidl_typesupport_cpp: rosidl_typesupport_fastrtps_cpp;rosidl_typesupport_introspection_cpp
-- Found rosidl_adapter: 4.6.9 (/opt/ros/jazzy/share/rosidl_adapter/cmake)
-- Found builtin_interfaces: 2.0.4 (/opt/ros/jazzy/share/builtin_interfaces/cmake)
-- Found ament_cmake_ros: 0.12.1 (/opt/ros/jazzy/share/ament_cmake_ros/cmake)
-- Using all available rosidl_typesupport_c: rosidl_typesupport_fastrtps_c;rosidl_typesupport_introspection_c
-- Using all available rosidl_typesupport_cpp: rosidl_typesupport_fastrtps_cpp;rosidl_typesupport_introspection_cpp
-- Found python_cmake_module: 0.11.1 (/opt/ros/jazzy/share/python_cmake_module/cmake)
-- Found Python3: /usr/bin/python3 (found version "3.12.3") found components: Interpreter Development NumPy Development.Module Development.Embed 
-- Found Python3: /usr/bin/python3 (found version "3.12.3") found components: Interpreter 
-- Configuring done (0.9s)
-- Generating done (0.0s)
-- Build files have been written to: /home/doja/athena_ws/build/athena_interfaces
[  3%] [34m[1mGenerating type hashes for ROS interfaces[0m
[  3%] [34m[1mGenerating Rust code for ROS interfaces[0m
[  3%] Built target ament_cmake_python_symlink_athena_interfaces
running egg_info
[  3%] Built target athena_interfaces__rosidl_generator_type_description
[  4%] [34m[1mGenerating C code for ROS interfaces[0m
writing athena_interfaces.egg-info/PKG-INFO
writing dependency_links to athena_interfaces.egg-info/dependency_links.txt
writing top-level names to athena_interfaces.egg-info/top_level.txt
[  6%] [34m[1mGenerating C++ code for ROS interfaces[0m
[  6%] Built target athena_interfaces__rs
reading manifest file 'athena_interfaces.egg-info/SOURCES.txt'
writing manifest file 'athena_interfaces.egg-info/SOURCES.txt'
[  6%] Built target ament_cmake_python_build_athena_interfaces_egg
[  6%] Built target athena_interfaces__cpp
[  7%] [32mBuilding C object CMakeFiles/athena_interfaces__rosidl_generator_c.dir/rosidl_generator_c/athena_interfaces/msg/detail/system_health__description.c.o[0m
[ 10%] [32mBuilding C object CMakeFiles/athena_interfaces__rosidl_generator_c.dir/rosidl_generator_c/athena_interfaces/msg/detail/system_health__functions.c.o[0m
[ 10%] [32mBuilding C object CMakeFiles/athena_interfaces__rosidl_generator_c.dir/rosidl_generator_c/athena_interfaces/msg/detail/system_health__type_support.c.o[0m
[ 13%] [32mBuilding C object CMakeFiles/athena_interfaces__rosidl_generator_c.dir/rosidl_generator_c/athena_interfaces/msg/detail/system_status__functions.c.o[0m
[ 13%] [32mBuilding C object CMakeFiles/athena_interfaces__rosidl_generator_c.dir/rosidl_generator_c/athena_interfaces/msg/detail/system_status__description.c.o[0m
[ 15%] [32mBuilding C object CMakeFiles/athena_interfaces__rosidl_generator_c.dir/rosidl_generator_c/athena_interfaces/msg/detail/vehicle_state__functions.c.o[0m
[ 16%] [32mBuilding C object CMakeFiles/athena_interfaces__rosidl_generator_c.dir/rosidl_generator_c/athena_interfaces/msg/detail/vehicle_state__type_support.c.o[0m
[ 18%] [32mBuilding C object CMakeFiles/athena_interfaces__rosidl_generator_c.dir/rosidl_generator_c/athena_interfaces/msg/detail/system_status__type_support.c.o[0m
[ 20%] [32mBuilding C object CMakeFiles/athena_interfaces__rosidl_generator_c.dir/rosidl_generator_c/athena_interfaces/msg/detail/vehicle_state__description.c.o[0m
[ 23%] [32mBuilding C object CMakeFiles/athena_interfaces__rosidl_generator_c.dir/rosidl_generator_c/athena_interfaces/msg/detail/mission_status__type_support.c.o[0m
[ 23%] [32mBuilding C object CMakeFiles/athena_interfaces__rosidl_generator_c.dir/rosidl_generator_c/athena_interfaces/msg/detail/mission_status__functions.c.o[0m
[ 24%] [32mBuilding C object CMakeFiles/athena_interfaces__rosidl_generator_c.dir/rosidl_generator_c/athena_interfaces/msg/detail/mission_status__description.c.o[0m
[ 26%] [32m[1mLinking C shared library libathena_interfaces__rosidl_generator_c.so[0m
[ 26%] Built target athena_interfaces__rosidl_generator_c
[ 30%] [34m[1mGenerating C type support for eProsima Fast-RTPS[0m
[ 30%] [34m[1mGenerating C introspection for ROS interfaces[0m
[ 30%] [34m[1mGenerating C++ type support for eProsima Fast-RTPS[0m
[ 32%] [34m[1mGenerating C type support dispatch for ROS interfaces[0m
[ 35%] [34m[1mGenerating C++ type support dispatch for ROS interfaces[0m
[ 35%] [34m[1mGenerating C++ introspection for ROS interfaces[0m
[ 36%] [32mBuilding CXX object CMakeFiles/athena_interfaces__rosidl_typesupport_cpp.dir/rosidl_typesupport_cpp/athena_interfaces/msg/system_health__type_support.cpp.o[0m
[ 40%] [32mBuilding CXX object CMakeFiles/athena_interfaces__rosidl_typesupport_cpp.dir/rosidl_typesupport_cpp/athena_interfaces/msg/system_status__type_support.cpp.o[0m
[ 40%] [32mBuilding CXX object CMakeFiles/athena_interfaces__rosidl_typesupport_cpp.dir/rosidl_typesupport_cpp/athena_interfaces/msg/vehicle_state__type_support.cpp.o[0m
[ 41%] [32mBuilding CXX object CMakeFiles/athena_interfaces__rosidl_typesupport_cpp.dir/rosidl_typesupport_cpp/athena_interfaces/msg/mission_status__type_support.cpp.o[0m
[ 43%] [32mBuilding CXX object CMakeFiles/athena_interfaces__rosidl_typesupport_c.dir/rosidl_typesupport_c/athena_interfaces/msg/system_health__type_support.cpp.o[0m
[ 44%] [32mBuilding CXX object CMakeFiles/athena_interfaces__rosidl_typesupport_c.dir/rosidl_typesupport_c/athena_interfaces/msg/system_status__type_support.cpp.o[0m
[ 46%] [32mBuilding CXX object CMakeFiles/athena_interfaces__rosidl_typesupport_c.dir/rosidl_typesupport_c/athena_interfaces/msg/vehicle_state__type_support.cpp.o[0m
[ 47%] [32mBuilding CXX object CMakeFiles/athena_interfaces__rosidl_typesupport_c.dir/rosidl_typesupport_c/athena_interfaces/msg/mission_status__type_support.cpp.o[0m
[ 49%] [32mBuilding C object CMakeFiles/athena_interfaces__rosidl_typesupport_introspection_c.dir/rosidl_typesupport_introspection_c/athena_interfaces/msg/detail/system_health__type_support.c.o[0m
[ 50%] [32mBuilding CXX object CMakeFiles/athena_interfaces__rosidl_typesupport_introspection_cpp.dir/rosidl_typesupport_introspection_cpp/athena_interfaces/msg/detail/system_health__type_support.cpp.o[0m
[ 52%] [32mBuilding CXX object CMakeFiles/athena_interfaces__rosidl_typesupport_introspection_cpp.dir/rosidl_typesupport_introspection_cpp/athena_interfaces/msg/detail/vehicle_state__type_support.cpp.o[0m
[ 53%] [32mBuilding C object CMakeFiles/athena_interfaces__rosidl_typesupport_introspection_c.dir/rosidl_typesupport_introspection_c/athena_interfaces/msg/detail/system_status__type_support.c.o[0m
[ 55%] [32mBuilding CXX object CMakeFiles/athena_interfaces__rosidl_typesupport_introspection_cpp.dir/rosidl_typesupport_introspection_cpp/athena_interfaces/msg/detail/system_status__type_support.cpp.o[0m
[ 56%] [32mBuilding CXX object CMakeFiles/athena_interfaces__rosidl_typesupport_introspection_cpp.dir/rosidl_typesupport_introspection_cpp/athena_interfaces/msg/detail/mission_status__type_support.cpp.o[0m
[ 58%] [32m[1mLinking CXX shared library libathena_interfaces__rosidl_typesupport_c.so[0m
[ 60%] [32mBuilding CXX object CMakeFiles/athena_interfaces__rosidl_typesupport_fastrtps_c.dir/rosidl_typesupport_fastrtps_c/athena_interfaces/msg/detail/system_health__type_support_c.cpp.o[0m
[ 61%] [32mBuilding CXX object CMakeFiles/athena_interfaces__rosidl_typesupport_fastrtps_cpp.dir/rosidl_typesupport_fastrtps_cpp/athena_interfaces/msg/detail/dds_fastrtps/system_health__type_support.cpp.o[0m
[ 63%] [32mBuilding C object CMakeFiles/athena_interfaces__rosidl_typesupport_introspection_c.dir/rosidl_typesupport_introspection_c/athena_interfaces/msg/detail/vehicle_state__type_support.c.o[0m
[ 64%] [32mBuilding C object CMakeFiles/athena_interfaces__rosidl_typesupport_introspection_c.dir/rosidl_typesupport_introspection_c/athena_interfaces/msg/detail/mission_status__type_support.c.o[0m
[ 66%] [32m[1mLinking C shared library libathena_interfaces__rosidl_typesupport_introspection_c.so[0m
[ 66%] Built target athena_interfaces__rosidl_typesupport_c
[ 67%] [32mBuilding CXX object CMakeFiles/athena_interfaces__rosidl_typesupport_fastrtps_cpp.dir/rosidl_typesupport_fastrtps_cpp/athena_interfaces/msg/detail/dds_fastrtps/system_status__type_support.cpp.o[0m
[ 67%] Built target athena_interfaces__rosidl_typesupport_introspection_c
[ 69%] [32mBuilding CXX object CMakeFiles/athena_interfaces__rosidl_typesupport_fastrtps_c.dir/rosidl_typesupport_fastrtps_c/athena_interfaces/msg/detail/system_status__type_support_c.cpp.o[0m
[ 70%] [32mBuilding CXX object CMakeFiles/athena_interfaces__rosidl_typesupport_fastrtps_cpp.dir/rosidl_typesupport_fastrtps_cpp/athena_interfaces/msg/detail/dds_fastrtps/vehicle_state__type_support.cpp.o[0m
[ 73%] [32mBuilding CXX object CMakeFiles/athena_interfaces__rosidl_typesupport_fastrtps_cpp.dir/rosidl_typesupport_fastrtps_cpp/athena_interfaces/msg/detail/dds_fastrtps/mission_status__type_support.cpp.o[0m
[ 73%] [32mBuilding CXX object CMakeFiles/athena_interfaces__rosidl_typesupport_fastrtps_c.dir/rosidl_typesupport_fastrtps_c/athena_interfaces/msg/detail/mission_status__type_support_c.cpp.o[0m
[ 75%] [32mBuilding CXX object CMakeFiles/athena_interfaces__rosidl_typesupport_fastrtps_c.dir/rosidl_typesupport_fastrtps_c/athena_interfaces/msg/detail/vehicle_state__type_support_c.cpp.o[0m
[ 76%] [32m[1mLinking CXX shared library libathena_interfaces__rosidl_typesupport_introspection_cpp.so[0m
[ 78%] [32m[1mLinking CXX shared library libathena_interfaces__rosidl_typesupport_cpp.so[0m
[ 78%] Built target athena_interfaces__rosidl_typesupport_cpp
[ 78%] Built target athena_interfaces__rosidl_typesupport_introspection_cpp
[ 80%] [32m[1mLinking CXX shared library libathena_interfaces__rosidl_typesupport_fastrtps_c.so[0m
[ 81%] [32m[1mLinking CXX shared library libathena_interfaces__rosidl_typesupport_fastrtps_cpp.so[0m
[ 81%] Built target athena_interfaces__rosidl_typesupport_fastrtps_c
[ 81%] Built target athena_interfaces__rosidl_typesupport_fastrtps_cpp
[ 81%] Built target athena_interfaces
[ 83%] [34m[1mGenerating Python code for ROS interfaces[0m
[ 83%] Built target athena_interfaces__py
[ 84%] [32mBuilding C object CMakeFiles/athena_interfaces__rosidl_generator_py.dir/rosidl_generator_py/athena_interfaces/msg/_vehicle_state_s.c.o[0m
[ 87%] [32mBuilding C object CMakeFiles/athena_interfaces__rosidl_generator_py.dir/rosidl_generator_py/athena_interfaces/msg/_system_status_s.c.o[0m
[ 87%] [32mBuilding C object CMakeFiles/athena_interfaces__rosidl_generator_py.dir/rosidl_generator_py/athena_interfaces/msg/_mission_status_s.c.o[0m
[ 89%] [32mBuilding C object CMakeFiles/athena_interfaces__rosidl_generator_py.dir/rosidl_generator_py/athena_interfaces/msg/_system_health_s.c.o[0m
[ 90%] [32m[1mLinking C shared library libathena_interfaces__rosidl_generator_py.so[0m
[ 90%] Built target athena_interfaces__rosidl_generator_py
[ 92%] [32mBuilding C object CMakeFiles/athena_interfaces_s__rosidl_typesupport_c.dir/rosidl_generator_py/athena_interfaces/_athena_interfaces_s.ep.rosidl_typesupport_c.c.o[0m
[ 93%] [32mBuilding C object CMakeFiles/athena_interfaces_s__rosidl_typesupport_fastrtps_c.dir/rosidl_generator_py/athena_interfaces/_athena_interfaces_s.ep.rosidl_typesupport_fastrtps_c.c.o[0m
[ 95%] [32mBuilding C object CMakeFiles/athena_interfaces_s__rosidl_typesupport_introspection_c.dir/rosidl_generator_py/athena_interfaces/_athena_interfaces_s.ep.rosidl_typesupport_introspection_c.c.o[0m
[ 98%] [32m[1mLinking C shared module rosidl_generator_py/athena_interfaces/athena_interfaces_s__rosidl_typesupport_fastrtps_c.so[0m
[ 98%] [32m[1mLinking C shared module rosidl_generator_py/athena_interfaces/athena_interfaces_s__rosidl_typesupport_introspection_c.so[0m
[100%] [32m[1mLinking C shared module rosidl_generator_py/athena_interfaces/athena_interfaces_s__rosidl_typesupport_c.so[0m
[100%] Built target athena_interfaces_s__rosidl_typesupport_c
[100%] Built target athena_interfaces_s__rosidl_typesupport_introspection_c
[100%] Built target athena_interfaces_s__rosidl_typesupport_fastrtps_c
-- Install configuration: ""
-- Execute custom install script
-- Up-to-date symlink: /home/doja/athena_ws/install/athena_interfaces/share/ament_index/resource_index/rosidl_interfaces/athena_interfaces
-- Up-to-date symlink: /home/doja/athena_ws/install/athena_interfaces/share/athena_interfaces/msg/SystemHealth.json
-- Symlinking: /home/doja/athena_ws/install/athena_interfaces/share/athena_interfaces/msg/SystemStatus.json
-- Up-to-date symlink: /home/doja/athena_ws/install/athena_interfaces/share/athena_interfaces/msg/VehicleState.json
-- Up-to-date symlink: /home/doja/athena_ws/install/athena_interfaces/share/athena_interfaces/msg/MissionStatus.json
-- Up-to-date symlink: /home/doja/athena_ws/install/athena_interfaces/include/athena_interfaces/athena_interfaces/msg/detail/mission_status__functions.h
-- Up-to-date symlink: /home/doja/athena_ws/install/athena_interfaces/include/athena_interfaces/athena_interfaces/msg/detail/mission_status__struct.h
-- Up-to-date symlink: /home/doja/athena_ws/install/athena_interfaces/include/athena_interfaces/athena_interfaces/msg/detail/mission_status__type_support.h
-- Up-to-date symlink: /home/doja/athena_ws/install/athena_interfaces/include/athena_interfaces/athena_interfaces/msg/detail/system_health__functions.h
-- Up-to-date symlink: /home/doja/athena_ws/install/athena_interfaces/include/athena_interfaces/athena_interfaces/msg/detail/system_health__struct.h
-- Up-to-date symlink: /home/doja/athena_ws/install/athena_interfaces/include/athena_interfaces/athena_interfaces/msg/detail/system_health__type_support.h
-- Symlinking: /home/doja/athena_ws/install/athena_interfaces/include/athena_interfaces/athena_interfaces/msg/detail/system_status__functions.h
-- Symlinking: /home/doja/athena_ws/install/athena_interfaces/include/athena_interfaces/athena_interfaces/msg/detail/system_status__struct.h
-- Symlinking: /home/doja/athena_ws/install/athena_interfaces/include/athena_interfaces/athena_interfaces/msg/detail/system_status__type_support.h
-- Up-to-date symlink: /home/doja/athena_ws/install/athena_interfaces/include/athena_interfaces/athena_interfaces/msg/detail/vehicle_state__functions.h
-- Up-to-date symlink: /home/doja/athena_ws/install/athena_interfaces/include/athena_interfaces/athena_interfaces/msg/detail/vehicle_state__struct.h
-- Up-to-date symlink: /home/doja/athena_ws/install/athena_interfaces/include/athena_interfaces/athena_interfaces/msg/detail/vehicle_state__type_support.h
-- Up-to-date symlink: /home/doja/athena_ws/install/athena_interfaces/include/athena_interfaces/athena_interfaces/msg/mission_status.h
-- Up-to-date symlink: /home/doja/athena_ws/install/athena_interfaces/include/athena_interfaces/athena_interfaces/msg/rosidl_generator_c__visibility_control.h
-- Up-to-date symlink: /home/doja/athena_ws/install/athena_interfaces/include/athena_interfaces/athena_interfaces/msg/system_health.h
-- Symlinking: /home/doja/athena_ws/install/athena_interfaces/include/athena_interfaces/athena_interfaces/msg/system_status.h
-- Up-to-date symlink: /home/doja/athena_ws/install/athena_interfaces/include/athena_interfaces/athena_interfaces/msg/vehicle_state.h
-- Up-to-date symlink: /home/doja/athena_ws/install/athena_interfaces/share/athena_interfaces/environment/library_path.sh
-- Up-to-date symlink: /home/doja/athena_ws/install/athena_interfaces/share/athena_interfaces/environment/library_path.dsv
-- Up-to-date symlink: /home/doja/athena_ws/install/athena_interfaces/include/athena_interfaces/athena_interfaces/msg/detail/mission_status__rosidl_typesupport_fastrtps_c.h
-- Up-to-date symlink: /home/doja/athena_ws/install/athena_interfaces/include/athena_interfaces/athena_interfaces/msg/detail/system_health__rosidl_typesupport_fastrtps_c.h
-- Symlinking: /home/doja/athena_ws/install/athena_interfaces/include/athena_interfaces/athena_interfaces/msg/detail/system_status__rosidl_typesupport_fastrtps_c.h
-- Up-to-date symlink: /home/doja/athena_ws/install/athena_interfaces/include/athena_interfaces/athena_interfaces/msg/detail/vehicle_state__rosidl_typesupport_fastrtps_c.h
-- Up-to-date symlink: /home/doja/athena_ws/install/athena_interfaces/include/athena_interfaces/athena_interfaces/msg/rosidl_typesupport_fastrtps_c__visibility_control.h
-- Up-to-date symlink: /home/doja/athena_ws/install/athena_interfaces/include/athena_interfaces/athena_interfaces/msg/detail/mission_status__rosidl_typesupport_introspection_c.h
-- Up-to-date symlink: /home/doja/athena_ws/install/athena_interfaces/include/athena_interfaces/athena_interfaces/msg/detail/system_health__rosidl_typesupport_introspection_c.h
-- Symlinking: /home/doja/athena_ws/install/athena_interfaces/include/athena_interfaces/athena_interfaces/msg/detail/system_status__rosidl_typesupport_introspection_c.h
-- Up-to-date symlink: /home/doja/athena_ws/install/athena_interfaces/include/athena_interfaces/athena_interfaces/msg/detail/vehicle_state__rosidl_typesupport_introspection_c.h
-- Up-to-date symlink: /home/doja/athena_ws/install/athena_interfaces/include/athena_interfaces/athena_interfaces/msg/rosidl_typesupport_introspection_c__visibility_control.h
-- Up-to-date symlink: /home/doja/athena_ws/install/athena_interfaces/include/athena_interfaces/athena_interfaces/msg/detail/mission_status__builder.hpp
-- Up-to-date symlink: /home/doja/athena_ws/install/athena_interfaces/include/athena_interfaces/athena_interfaces/msg/detail/mission_status__struct.hpp
-- Up-to-date symlink: /home/doja/athena_ws/install/athena_interfaces/include/athena_interfaces/athena_interfaces/msg/detail/mission_status__traits.hpp
-- Up-to-date symlink: /home/doja/athena_ws/install/athena_interfaces/include/athena_interfaces/athena_interfaces/msg/detail/mission_status__type_support.hpp
-- Up-to-date symlink: /home/doja/athena_ws/install/athena_interfaces/include/athena_interfaces/athena_interfaces/msg/detail/system_health__builder.hpp
-- Up-to-date symlink: /home/doja/athena_ws/install/athena_interfaces/include/athena_interfaces/athena_interfaces/msg/detail/system_health__struct.hpp
-- Up-to-date symlink: /home/doja/athena_ws/install/athena_interfaces/include/athena_interfaces/athena_interfaces/msg/detail/system_health__traits.hpp
-- Up-to-date symlink: /home/doja/athena_ws/install/athena_interfaces/include/athena_interfaces/athena_interfaces/msg/detail/system_health__type_support.hpp
-- Symlinking: /home/doja/athena_ws/install/athena_interfaces/include/athena_interfaces/athena_interfaces/msg/detail/system_status__builder.hpp
-- Symlinking: /home/doja/athena_ws/install/athena_interfaces/include/athena_interfaces/athena_interfaces/msg/detail/system_status__struct.hpp
-- Symlinking: /home/doja/athena_ws/install/athena_interfaces/include/athena_interfaces/athena_interfaces/msg/detail/system_status__traits.hpp
-- Symlinking: /home/doja/athena_ws/install/athena_interfaces/include/athena_interfaces/athena_interfaces/msg/detail/system_status__type_support.hpp
-- Up-to-date symlink: /home/doja/athena_ws/install/athena_interfaces/include/athena_interfaces/athena_interfaces/msg/detail/vehicle_state__builder.hpp
-- Up-to-date symlink: /home/doja/athena_ws/install/athena_interfaces/include/athena_interfaces/athena_interfaces/msg/detail/vehicle_state__struct.hpp
-- Up-to-date symlink: /home/doja/athena_ws/install/athena_interfaces/include/athena_interfaces/athena_interfaces/msg/detail/vehicle_state__traits.hpp
-- Up-to-date symlink: /home/doja/athena_ws/install/athena_interfaces/include/athena_interfaces/athena_interfaces/msg/detail/vehicle_state__type_support.hpp
-- Up-to-date symlink: /home/doja/athena_ws/install/athena_interfaces/include/athena_interfaces/athena_interfaces/msg/mission_status.hpp
-- Up-to-date symlink: /home/doja/athena_ws/install/athena_interfaces/include/athena_interfaces/athena_interfaces/msg/rosidl_generator_cpp__visibility_control.hpp
-- Up-to-date symlink: /home/doja/athena_ws/install/athena_interfaces/include/athena_interfaces/athena_interfaces/msg/system_health.hpp
-- Symlinking: /home/doja/athena_ws/install/athena_interfaces/include/athena_interfaces/athena_interfaces/msg/system_status.hpp
-- Up-to-date symlink: /home/doja/athena_ws/install/athena_interfaces/include/athena_interfaces/athena_interfaces/msg/vehicle_state.hpp
-- Up-to-date symlink: /home/doja/athena_ws/install/athena_interfaces/include/athena_interfaces/athena_interfaces/msg/detail/mission_status__rosidl_typesupport_fastrtps_cpp.hpp
-- Up-to-date symlink: /home/doja/athena_ws/install/athena_interfaces/include/athena_interfaces/athena_interfaces/msg/detail/system_health__rosidl_typesupport_fastrtps_cpp.hpp
-- Symlinking: /home/doja/athena_ws/install/athena_interfaces/include/athena_interfaces/athena_interfaces/msg/detail/system_status__rosidl_typesupport_fastrtps_cpp.hpp
-- Up-to-date symlink: /home/doja/athena_ws/install/athena_interfaces/include/athena_interfaces/athena_interfaces/msg/detail/vehicle_state__rosidl_typesupport_fastrtps_cpp.hpp
-- Up-to-date symlink: /home/doja/athena_ws/install/athena_interfaces/include/athena_interfaces/athena_interfaces/msg/rosidl_typesupport_fastrtps_cpp__visibility_control.h
-- Up-to-date symlink: /home/doja/athena_ws/install/athena_interfaces/include/athena_interfaces/athena_interfaces/msg/detail/mission_status__rosidl_typesupport_introspection_cpp.hpp
-- Up-to-date symlink: /home/doja/athena_ws/install/athena_interfaces/include/athena_interfaces/athena_interfaces/msg/detail/system_health__rosidl_typesupport_introspection_cpp.hpp
-- Symlinking: /home/doja/athena_ws/install/athena_interfaces/include/athena_interfaces/athena_interfaces/msg/detail/system_status__rosidl_typesupport_introspection_cpp.hpp
-- Up-to-date symlink: /home/doja/athena_ws/install/athena_interfaces/include/athena_interfaces/athena_interfaces/msg/detail/vehicle_state__rosidl_typesupport_introspection_cpp.hpp
-- Up-to-date symlink: /home/doja/athena_ws/install/athena_interfaces/share/athena_interfaces/environment/pythonpath.sh
-- Up-to-date symlink: /home/doja/athena_ws/install/athena_interfaces/share/athena_interfaces/environment/pythonpath.dsv
-- Up-to-date symlink: /home/doja/athena_ws/install/athena_interfaces/lib/python3.12/site-packages/athena_interfaces-0.0.0-py3.12.egg-info/PKG-INFO
-- Up-to-date symlink: /home/doja/athena_ws/install/athena_interfaces/lib/python3.12/site-packages/athena_interfaces-0.0.0-py3.12.egg-info/SOURCES.txt
-- Up-to-date symlink: /home/doja/athena_ws/install/athena_interfaces/lib/python3.12/site-packages/athena_interfaces-0.0.0-py3.12.egg-info/dependency_links.txt
-- Up-to-date symlink: /home/doja/athena_ws/install/athena_interfaces/lib/python3.12/site-packages/athena_interfaces-0.0.0-py3.12.egg-info/top_level.txt
-- Up-to-date symlink: /home/doja/athena_ws/install/athena_interfaces/lib/python3.12/site-packages/athena_interfaces/__init__.py
-- Up-to-date symlink: /home/doja/athena_ws/install/athena_interfaces/lib/python3.12/site-packages/athena_interfaces/_athena_interfaces_s.ep.rosidl_typesupport_c.c
-- Up-to-date symlink: /home/doja/athena_ws/install/athena_interfaces/lib/python3.12/site-packages/athena_interfaces/_athena_interfaces_s.ep.rosidl_typesupport_fastrtps_c.c
-- Up-to-date symlink: /home/doja/athena_ws/install/athena_interfaces/lib/python3.12/site-packages/athena_interfaces/_athena_interfaces_s.ep.rosidl_typesupport_introspection_c.c
-- Up-to-date symlink: /home/doja/athena_ws/install/athena_interfaces/lib/python3.12/site-packages/athena_interfaces/athena_interfaces_s__rosidl_typesupport_c.so
-- Up-to-date symlink: /home/doja/athena_ws/install/athena_interfaces/lib/python3.12/site-packages/athena_interfaces/athena_interfaces_s__rosidl_typesupport_fastrtps_c.so
-- Up-to-date symlink: /home/doja/athena_ws/install/athena_interfaces/lib/python3.12/site-packages/athena_interfaces/athena_interfaces_s__rosidl_typesupport_introspection_c.so
-- Up-to-date symlink: /home/doja/athena_ws/install/athena_interfaces/lib/python3.12/site-packages/athena_interfaces/msg/__init__.py
-- Up-to-date symlink: /home/doja/athena_ws/install/athena_interfaces/lib/python3.12/site-packages/athena_interfaces/msg/_mission_status.py
-- Up-to-date symlink: /home/doja/athena_ws/install/athena_interfaces/lib/python3.12/site-packages/athena_interfaces/msg/_mission_status_s.c
-- Up-to-date symlink: /home/doja/athena_ws/install/athena_interfaces/lib/python3.12/site-packages/athena_interfaces/msg/_system_health.py
-- Up-to-date symlink: /home/doja/athena_ws/install/athena_interfaces/lib/python3.12/site-packages/athena_interfaces/msg/_system_health_s.c
-- Symlinking: /home/doja/athena_ws/install/athena_interfaces/lib/python3.12/site-packages/athena_interfaces/msg/_system_status.py
-- Symlinking: /home/doja/athena_ws/install/athena_interfaces/lib/python3.12/site-packages/athena_interfaces/msg/_system_status_s.c
-- Up-to-date symlink: /home/doja/athena_ws/install/athena_interfaces/lib/python3.12/site-packages/athena_interfaces/msg/_vehicle_state.py
-- Up-to-date symlink: /home/doja/athena_ws/install/athena_interfaces/lib/python3.12/site-packages/athena_interfaces/msg/_vehicle_state_s.c
-- Up-to-date symlink: /home/doja/athena_ws/install/athena_interfaces/lib/python3.12/site-packages/athena_interfaces/athena_interfaces_s__rosidl_typesupport_fastrtps_c.so
-- Up-to-date symlink: /home/doja/athena_ws/install/athena_interfaces/lib/python3.12/site-packages/athena_interfaces/athena_interfaces_s__rosidl_typesupport_introspection_c.so
-- Up-to-date symlink: /home/doja/athena_ws/install/athena_interfaces/lib/python3.12/site-packages/athena_interfaces/athena_interfaces_s__rosidl_typesupport_c.so
-- Up-to-date symlink: /home/doja/athena_ws/install/athena_interfaces/share/ament_index/resource_index/rust_packages/athena_interfaces
-- Up-to-date symlink: /home/doja/athena_ws/install/athena_interfaces/share/athena_interfaces/rust/Cargo.toml
-- Up-to-date symlink: /home/doja/athena_ws/install/athena_interfaces/share/athena_interfaces/rust/build.rs
-- Up-to-date symlink: /home/doja/athena_ws/install/athena_interfaces/share/athena_interfaces/rust/src/lib.rs
-- Up-to-date symlink: /home/doja/athena_ws/install/athena_interfaces/share/athena_interfaces/rust/src/msg.rs
-- Up-to-date symlink: /home/doja/athena_ws/install/athena_interfaces/share/athena_interfaces/rust/src/msg/rmw.rs
-- Up-to-date symlink: /home/doja/athena_ws/install/athena_interfaces/share/athena_interfaces/msg/SystemHealth.idl
-- Symlinking: /home/doja/athena_ws/install/athena_interfaces/share/athena_interfaces/msg/SystemStatus.idl
-- Up-to-date symlink: /home/doja/athena_ws/install/athena_interfaces/share/athena_interfaces/msg/VehicleState.idl
-- Up-to-date symlink: /home/doja/athena_ws/install/athena_interfaces/share/athena_interfaces/msg/MissionStatus.idl
-- Up-to-date symlink: /home/doja/athena_ws/install/athena_interfaces/share/athena_interfaces/msg/SystemHealth.msg
-- Symlinking: /home/doja/athena_ws/install/athena_interfaces/share/athena_interfaces/msg/SystemStatus.msg
-- Up-to-date symlink: /home/doja/athena_ws/install/athena_interfaces/share/athena_interfaces/msg/VehicleState.msg
-- Up-to-date symlink: /home/doja/athena_ws/install/athena_interfaces/share/athena_interfaces/msg/MissionStatus.msg
-- Up-to-date symlink: /home/doja/athena_ws/install/athena_interfaces/share/ament_index/resource_index/package_run_dependencies/athena_interfaces
-- Up-to-date symlink: /home/doja/athena_ws/install/athena_interfaces/share/ament_index/resource_index/parent_prefix_path/athena_interfaces
-- Up-to-date symlink: /home/doja/athena_ws/install/athena_interfaces/share/athena_interfaces/environment/ament_prefix_path.sh
-- Up-to-date symlink: /home/doja/athena_ws/install/athena_interfaces/share/athena_interfaces/environment/ament_prefix_path.dsv
-- Up-to-date symlink: /home/doja/athena_ws/install/athena_interfaces/share/athena_interfaces/environment/path.sh
-- Up-to-date symlink: /home/doja/athena_ws/install/athena_interfaces/share/athena_interfaces/environment/path.dsv
-- Up-to-date symlink: /home/doja/athena_ws/install/athena_interfaces/share/athena_interfaces/local_setup.bash
-- Up-to-date symlink: /home/doja/athena_ws/install/athena_interfaces/share/athena_interfaces/local_setup.sh
-- Up-to-date symlink: /home/doja/athena_ws/install/athena_interfaces/share/athena_interfaces/local_setup.zsh
-- Up-to-date symlink: /home/doja/athena_ws/install/athena_interfaces/share/athena_interfaces/local_setup.dsv
-- Symlinking: /home/doja/athena_ws/install/athena_interfaces/share/athena_interfaces/package.dsv
-- Up-to-date symlink: /home/doja/athena_ws/install/athena_interfaces/share/ament_index/resource_index/packages/athena_interfaces
-- Up-to-date symlink: /home/doja/athena_ws/install/athena_interfaces/share/athena_interfaces/cmake/rosidl_cmake-extras.cmake
-- Up-to-date symlink: /home/doja/athena_ws/install/athena_interfaces/share/athena_interfaces/cmake/ament_cmake_export_dependencies-extras.cmake
-- Up-to-date symlink: /home/doja/athena_ws/install/athena_interfaces/share/athena_interfaces/cmake/ament_cmake_export_include_directories-extras.cmake
-- Up-to-date symlink: /home/doja/athena_ws/install/athena_interfaces/share/athena_interfaces/cmake/ament_cmake_export_libraries-extras.cmake
-- Up-to-date symlink: /home/doja/athena_ws/install/athena_interfaces/share/athena_interfaces/cmake/ament_cmake_export_targets-extras.cmake
-- Up-to-date symlink: /home/doja/athena_ws/install/athena_interfaces/share/athena_interfaces/cmake/rosidl_cmake_export_typesupport_targets-extras.cmake
-- Up-to-date symlink: /home/doja/athena_ws/install/athena_interfaces/share/athena_interfaces/cmake/rosidl_cmake_export_typesupport_libraries-extras.cmake
-- Up-to-date symlink: /home/doja/athena_ws/install/athena_interfaces/share/athena_interfaces/cmake/rosidl_cmake_aggregate_target-extras.cmake
-- Up-to-date symlink: /home/doja/athena_ws/install/athena_interfaces/share/athena_interfaces/cmake/athena_interfacesConfig.cmake
-- Up-to-date symlink: /home/doja/athena_ws/install/athena_interfaces/share/athena_interfaces/cmake/athena_interfacesConfig-version.cmake
-- Up-to-date symlink: /home/doja/athena_ws/install/athena_interfaces/share/athena_interfaces/package.xml
-- Installing: /home/doja/athena_ws/install/athena_interfaces/lib/libathena_interfaces__rosidl_generator_c.so
-- Set non-toolchain portion of runtime path of "/home/doja/athena_ws/install/athena_interfaces/lib/libathena_interfaces__rosidl_generator_c.so" to ""
-- Installing: /home/doja/athena_ws/install/athena_interfaces/lib/libathena_interfaces__rosidl_typesupport_fastrtps_c.so
-- Set non-toolchain portion of runtime path of "/home/doja/athena_ws/install/athena_interfaces/lib/libathena_interfaces__rosidl_typesupport_fastrtps_c.so" to ""
-- Installing: /home/doja/athena_ws/install/athena_interfaces/lib/libathena_interfaces__rosidl_typesupport_introspection_c.so
-- Set non-toolchain portion of runtime path of "/home/doja/athena_ws/install/athena_interfaces/lib/libathena_interfaces__rosidl_typesupport_introspection_c.so" to ""
-- Installing: /home/doja/athena_ws/install/athena_interfaces/lib/libathena_interfaces__rosidl_typesupport_c.so
-- Set non-toolchain portion of runtime path of "/home/doja/athena_ws/install/athena_interfaces/lib/libathena_interfaces__rosidl_typesupport_c.so" to ""
-- Installing: /home/doja/athena_ws/install/athena_interfaces/lib/libathena_interfaces__rosidl_typesupport_fastrtps_cpp.so
-- Set non-toolchain portion of runtime path of "/home/doja/athena_ws/install/athena_interfaces/lib/libathena_interfaces__rosidl_typesupport_fastrtps_cpp.so" to ""
-- Installing: /home/doja/athena_ws/install/athena_interfaces/lib/libathena_interfaces__rosidl_typesupport_introspection_cpp.so
-- Set non-toolchain portion of runtime path of "/home/doja/athena_ws/install/athena_interfaces/lib/libathena_interfaces__rosidl_typesupport_introspection_cpp.so" to ""
-- Installing: /home/doja/athena_ws/install/athena_interfaces/lib/libathena_interfaces__rosidl_typesupport_cpp.so
-- Set non-toolchain portion of runtime path of "/home/doja/athena_ws/install/athena_interfaces/lib/libathena_interfaces__rosidl_typesupport_cpp.so" to ""
Listing '/home/doja/athena_ws/install/athena_interfaces/lib/python3.12/site-packages/athena_interfaces'...
Compiling '/home/doja/athena_ws/install/athena_interfaces/lib/python3.12/site-packages/athena_interfaces/__init__.py'...
Listing '/home/doja/athena_ws/install/athena_interfaces/lib/python3.12/site-packages/athena_interfaces/msg'...
Compiling '/home/doja/athena_ws/install/athena_interfaces/lib/python3.12/site-packages/athena_interfaces/msg/__init__.py'...
Compiling '/home/doja/athena_ws/install/athena_interfaces/lib/python3.12/site-packages/athena_interfaces/msg/_mission_status.py'...
Compiling '/home/doja/athena_ws/install/athena_interfaces/lib/python3.12/site-packages/athena_interfaces/msg/_system_health.py'...
Compiling '/home/doja/athena_ws/install/athena_interfaces/lib/python3.12/site-packages/athena_interfaces/msg/_system_status.py'...
Compiling '/home/doja/athena_ws/install/athena_interfaces/lib/python3.12/site-packages/athena_interfaces/msg/_vehicle_state.py'...
-- Installing: /home/doja/athena_ws/install/athena_interfaces/lib/libathena_interfaces__rosidl_generator_py.so
-- Set non-toolchain portion of runtime path of "/home/doja/athena_ws/install/athena_interfaces/lib/libathena_interfaces__rosidl_generator_py.so" to ""
-- Up-to-date: /home/doja/athena_ws/install/athena_interfaces/share/athena_interfaces/cmake/export_athena_interfaces__rosidl_generator_cExport.cmake
-- Up-to-date: /home/doja/athena_ws/install/athena_interfaces/share/athena_interfaces/cmake/export_athena_interfaces__rosidl_generator_cExport-noconfig.cmake
-- Up-to-date: /home/doja/athena_ws/install/athena_interfaces/share/athena_interfaces/cmake/export_athena_interfaces__rosidl_typesupport_fastrtps_cExport.cmake
-- Up-to-date: /home/doja/athena_ws/install/athena_interfaces/share/athena_interfaces/cmake/export_athena_interfaces__rosidl_typesupport_fastrtps_cExport-noconfig.cmake
-- Up-to-date: /home/doja/athena_ws/install/athena_interfaces/share/athena_interfaces/cmake/athena_interfaces__rosidl_typesupport_introspection_cExport.cmake
-- Up-to-date: /home/doja/athena_ws/install/athena_interfaces/share/athena_interfaces/cmake/athena_interfaces__rosidl_typesupport_introspection_cExport-noconfig.cmake
-- Up-to-date: /home/doja/athena_ws/install/athena_interfaces/share/athena_interfaces/cmake/athena_interfaces__rosidl_typesupport_cExport.cmake
-- Up-to-date: /home/doja/athena_ws/install/athena_interfaces/share/athena_interfaces/cmake/athena_interfaces__rosidl_typesupport_cExport-noconfig.cmake
-- Up-to-date: /home/doja/athena_ws/install/athena_interfaces/share/athena_interfaces/cmake/export_athena_interfaces__rosidl_generator_cppExport.cmake
-- Up-to-date: /home/doja/athena_ws/install/athena_interfaces/share/athena_interfaces/cmake/export_athena_interfaces__rosidl_typesupport_fastrtps_cppExport.cmake
-- Up-to-date: /home/doja/athena_ws/install/athena_interfaces/share/athena_interfaces/cmake/export_athena_interfaces__rosidl_typesupport_fastrtps_cppExport-noconfig.cmake
-- Up-to-date: /home/doja/athena_ws/install/athena_interfaces/share/athena_interfaces/cmake/athena_interfaces__rosidl_typesupport_introspection_cppExport.cmake
-- Up-to-date: /home/doja/athena_ws/install/athena_interfaces/share/athena_interfaces/cmake/athena_interfaces__rosidl_typesupport_introspection_cppExport-noconfig.cmake
-- Up-to-date: /home/doja/athena_ws/install/athena_interfaces/share/athena_interfaces/cmake/athena_interfaces__rosidl_typesupport_cppExport.cmake
-- Up-to-date: /home/doja/athena_ws/install/athena_interfaces/share/athena_interfaces/cmake/athena_interfaces__rosidl_typesupport_cppExport-noconfig.cmake
-- Up-to-date: /home/doja/athena_ws/install/athena_interfaces/share/athena_interfaces/cmake/export_athena_interfaces__rosidl_generator_pyExport.cmake
-- Up-to-date: /home/doja/athena_ws/install/athena_interfaces/share/athena_interfaces/cmake/export_athena_interfaces__rosidl_generator_pyExport-noconfig.cmake
