[0.016s] Invoking command in '/home/doja/athena_ws/build/athena_interfaces': CMAKE_PREFIX_PATH=${CMAKE_PREFIX_PATH}:/home/doja/athena_ws/install/athena_health_manager:/home/doja/athena_ws/install/athena_core:/home/doja/athena_ws/install/athena_bringup:/opt/ros/jazzy /usr/bin/cmake --build /home/doja/athena_ws/build/athena_interfaces -- -j12 -l12
[0.090s] -- Found ament_cmake: 2.5.6 (/opt/ros/jazzy/share/ament_cmake/cmake)
[0.180s] -- Override CMake install command with custom implementation using symlinks instead of copying resources
[0.197s] -- Found rosidl_default_generators: 1.6.1 (/opt/ros/jazzy/share/rosidl_default_generators/cmake)
[0.203s] -- Using all available rosidl_typesupport_c: rosidl_typesupport_fastrtps_c;rosidl_typesupport_introspection_c
[0.307s] -- Using all available rosidl_typesupport_cpp: rosidl_typesupport_fastrtps_cpp;rosidl_typesupport_introspection_cpp
[0.341s] -- Found rosidl_adapter: 4.6.9 (/opt/ros/jazzy/share/rosidl_adapter/cmake)
[0.347s] -- Found builtin_interfaces: 2.0.4 (/opt/ros/jazzy/share/builtin_interfaces/cmake)
[0.558s] -- Found ament_cmake_ros: 0.12.1 (/opt/ros/jazzy/share/ament_cmake_ros/cmake)
[0.630s] -- Using all available rosidl_typesupport_c: rosidl_typesupport_fastrtps_c;rosidl_typesupport_introspection_c
[0.720s] -- Using all available rosidl_typesupport_cpp: rosidl_typesupport_fastrtps_cpp;rosidl_typesupport_introspection_cpp
[0.723s] -- Found python_cmake_module: 0.11.1 (/opt/ros/jazzy/share/python_cmake_module/cmake)
[0.921s] -- Found Python3: /usr/bin/python3 (found version "3.12.3") found components: Interpreter Development NumPy Development.Module Development.Embed 
[0.951s] -- Found Python3: /usr/bin/python3 (found version "3.12.3") found components: Interpreter 
[0.968s] -- Configuring done (0.9s)
[1.017s] -- Generating done (0.0s)
[1.025s] -- Build files have been written to: /home/doja/athena_ws/build/athena_interfaces
[1.050s] [  3%] [34m[1mGenerating type hashes for ROS interfaces[0m
[1.050s] [  3%] [34m[1mGenerating Rust code for ROS interfaces[0m
[1.055s] [  3%] Built target ament_cmake_python_symlink_athena_interfaces
[1.210s] running egg_info
[1.215s] [  3%] Built target athena_interfaces__rosidl_generator_type_description
[1.222s] [  4%] [34m[1mGenerating C code for ROS interfaces[0m
[1.222s] writing athena_interfaces.egg-info/PKG-INFO
[1.222s] writing dependency_links to athena_interfaces.egg-info/dependency_links.txt
[1.222s] writing top-level names to athena_interfaces.egg-info/top_level.txt
[1.231s] [  6%] [34m[1mGenerating C++ code for ROS interfaces[0m
[1.231s] [  6%] Built target athena_interfaces__rs
[1.262s] reading manifest file 'athena_interfaces.egg-info/SOURCES.txt'
[1.263s] writing manifest file 'athena_interfaces.egg-info/SOURCES.txt'
[1.287s] [  6%] Built target ament_cmake_python_build_athena_interfaces_egg
[1.474s] [  6%] Built target athena_interfaces__cpp
[1.526s] [  7%] [32mBuilding C object CMakeFiles/athena_interfaces__rosidl_generator_c.dir/rosidl_generator_c/athena_interfaces/msg/detail/system_health__description.c.o[0m
[1.527s] [ 10%] [32mBuilding C object CMakeFiles/athena_interfaces__rosidl_generator_c.dir/rosidl_generator_c/athena_interfaces/msg/detail/system_health__functions.c.o[0m
[1.527s] [ 10%] [32mBuilding C object CMakeFiles/athena_interfaces__rosidl_generator_c.dir/rosidl_generator_c/athena_interfaces/msg/detail/system_health__type_support.c.o[0m
[1.527s] [ 13%] [32mBuilding C object CMakeFiles/athena_interfaces__rosidl_generator_c.dir/rosidl_generator_c/athena_interfaces/msg/detail/system_status__functions.c.o[0m
[1.527s] [ 13%] [32mBuilding C object CMakeFiles/athena_interfaces__rosidl_generator_c.dir/rosidl_generator_c/athena_interfaces/msg/detail/system_status__description.c.o[0m
[1.527s] [ 15%] [32mBuilding C object CMakeFiles/athena_interfaces__rosidl_generator_c.dir/rosidl_generator_c/athena_interfaces/msg/detail/vehicle_state__functions.c.o[0m
[1.528s] [ 16%] [32mBuilding C object CMakeFiles/athena_interfaces__rosidl_generator_c.dir/rosidl_generator_c/athena_interfaces/msg/detail/vehicle_state__type_support.c.o[0m
[1.530s] [ 18%] [32mBuilding C object CMakeFiles/athena_interfaces__rosidl_generator_c.dir/rosidl_generator_c/athena_interfaces/msg/detail/system_status__type_support.c.o[0m
[1.530s] [ 20%] [32mBuilding C object CMakeFiles/athena_interfaces__rosidl_generator_c.dir/rosidl_generator_c/athena_interfaces/msg/detail/vehicle_state__description.c.o[0m
[1.530s] [ 23%] [32mBuilding C object CMakeFiles/athena_interfaces__rosidl_generator_c.dir/rosidl_generator_c/athena_interfaces/msg/detail/mission_status__type_support.c.o[0m
[1.530s] [ 23%] [32mBuilding C object CMakeFiles/athena_interfaces__rosidl_generator_c.dir/rosidl_generator_c/athena_interfaces/msg/detail/mission_status__functions.c.o[0m
[1.530s] [ 24%] [32mBuilding C object CMakeFiles/athena_interfaces__rosidl_generator_c.dir/rosidl_generator_c/athena_interfaces/msg/detail/mission_status__description.c.o[0m
[1.676s] [ 26%] [32m[1mLinking C shared library libathena_interfaces__rosidl_generator_c.so[0m
[1.804s] [ 26%] Built target athena_interfaces__rosidl_generator_c
[1.812s] [ 30%] [34m[1mGenerating C type support for eProsima Fast-RTPS[0m
[1.812s] [ 30%] [34m[1mGenerating C introspection for ROS interfaces[0m
[1.812s] [ 30%] [34m[1mGenerating C++ type support for eProsima Fast-RTPS[0m
[1.813s] [ 32%] [34m[1mGenerating C type support dispatch for ROS interfaces[0m
[1.815s] [ 35%] [34m[1mGenerating C++ type support dispatch for ROS interfaces[0m
[1.815s] [ 35%] [34m[1mGenerating C++ introspection for ROS interfaces[0m
[2.056s] [ 36%] [32mBuilding CXX object CMakeFiles/athena_interfaces__rosidl_typesupport_cpp.dir/rosidl_typesupport_cpp/athena_interfaces/msg/system_health__type_support.cpp.o[0m
[2.058s] [ 40%] [32mBuilding CXX object CMakeFiles/athena_interfaces__rosidl_typesupport_cpp.dir/rosidl_typesupport_cpp/athena_interfaces/msg/system_status__type_support.cpp.o[0m
[2.058s] [ 40%] [32mBuilding CXX object CMakeFiles/athena_interfaces__rosidl_typesupport_cpp.dir/rosidl_typesupport_cpp/athena_interfaces/msg/vehicle_state__type_support.cpp.o[0m
[2.060s] [ 41%] [32mBuilding CXX object CMakeFiles/athena_interfaces__rosidl_typesupport_cpp.dir/rosidl_typesupport_cpp/athena_interfaces/msg/mission_status__type_support.cpp.o[0m
[2.078s] [ 43%] [32mBuilding CXX object CMakeFiles/athena_interfaces__rosidl_typesupport_c.dir/rosidl_typesupport_c/athena_interfaces/msg/system_health__type_support.cpp.o[0m
[2.080s] [ 44%] [32mBuilding CXX object CMakeFiles/athena_interfaces__rosidl_typesupport_c.dir/rosidl_typesupport_c/athena_interfaces/msg/system_status__type_support.cpp.o[0m
[2.086s] [ 46%] [32mBuilding CXX object CMakeFiles/athena_interfaces__rosidl_typesupport_c.dir/rosidl_typesupport_c/athena_interfaces/msg/vehicle_state__type_support.cpp.o[0m
[2.094s] [ 47%] [32mBuilding CXX object CMakeFiles/athena_interfaces__rosidl_typesupport_c.dir/rosidl_typesupport_c/athena_interfaces/msg/mission_status__type_support.cpp.o[0m
[2.135s] [ 49%] [32mBuilding C object CMakeFiles/athena_interfaces__rosidl_typesupport_introspection_c.dir/rosidl_typesupport_introspection_c/athena_interfaces/msg/detail/system_health__type_support.c.o[0m
[2.138s] [ 50%] [32mBuilding CXX object CMakeFiles/athena_interfaces__rosidl_typesupport_introspection_cpp.dir/rosidl_typesupport_introspection_cpp/athena_interfaces/msg/detail/system_health__type_support.cpp.o[0m
[2.168s] [ 52%] [32mBuilding CXX object CMakeFiles/athena_interfaces__rosidl_typesupport_introspection_cpp.dir/rosidl_typesupport_introspection_cpp/athena_interfaces/msg/detail/vehicle_state__type_support.cpp.o[0m
[2.169s] [ 53%] [32mBuilding C object CMakeFiles/athena_interfaces__rosidl_typesupport_introspection_c.dir/rosidl_typesupport_introspection_c/athena_interfaces/msg/detail/system_status__type_support.c.o[0m
[2.170s] [ 55%] [32mBuilding CXX object CMakeFiles/athena_interfaces__rosidl_typesupport_introspection_cpp.dir/rosidl_typesupport_introspection_cpp/athena_interfaces/msg/detail/system_status__type_support.cpp.o[0m
[2.170s] [ 56%] [32mBuilding CXX object CMakeFiles/athena_interfaces__rosidl_typesupport_introspection_cpp.dir/rosidl_typesupport_introspection_cpp/athena_interfaces/msg/detail/mission_status__type_support.cpp.o[0m
[2.180s] [ 58%] [32m[1mLinking CXX shared library libathena_interfaces__rosidl_typesupport_c.so[0m
[2.190s] [ 60%] [32mBuilding CXX object CMakeFiles/athena_interfaces__rosidl_typesupport_fastrtps_c.dir/rosidl_typesupport_fastrtps_c/athena_interfaces/msg/detail/system_health__type_support_c.cpp.o[0m
[2.193s] [ 61%] [32mBuilding CXX object CMakeFiles/athena_interfaces__rosidl_typesupport_fastrtps_cpp.dir/rosidl_typesupport_fastrtps_cpp/athena_interfaces/msg/detail/dds_fastrtps/system_health__type_support.cpp.o[0m
[2.203s] [ 63%] [32mBuilding C object CMakeFiles/athena_interfaces__rosidl_typesupport_introspection_c.dir/rosidl_typesupport_introspection_c/athena_interfaces/msg/detail/vehicle_state__type_support.c.o[0m
[2.245s] [ 64%] [32mBuilding C object CMakeFiles/athena_interfaces__rosidl_typesupport_introspection_c.dir/rosidl_typesupport_introspection_c/athena_interfaces/msg/detail/mission_status__type_support.c.o[0m
[2.290s] [ 66%] [32m[1mLinking C shared library libathena_interfaces__rosidl_typesupport_introspection_c.so[0m
[2.335s] [ 66%] Built target athena_interfaces__rosidl_typesupport_c
[2.345s] [ 67%] [32mBuilding CXX object CMakeFiles/athena_interfaces__rosidl_typesupport_fastrtps_cpp.dir/rosidl_typesupport_fastrtps_cpp/athena_interfaces/msg/detail/dds_fastrtps/system_status__type_support.cpp.o[0m
[2.432s] [ 67%] Built target athena_interfaces__rosidl_typesupport_introspection_c
[2.447s] [ 69%] [32mBuilding CXX object CMakeFiles/athena_interfaces__rosidl_typesupport_fastrtps_c.dir/rosidl_typesupport_fastrtps_c/athena_interfaces/msg/detail/system_status__type_support_c.cpp.o[0m
[2.563s] [ 70%] [32mBuilding CXX object CMakeFiles/athena_interfaces__rosidl_typesupport_fastrtps_cpp.dir/rosidl_typesupport_fastrtps_cpp/athena_interfaces/msg/detail/dds_fastrtps/vehicle_state__type_support.cpp.o[0m
[2.587s] [ 73%] [32mBuilding CXX object CMakeFiles/athena_interfaces__rosidl_typesupport_fastrtps_cpp.dir/rosidl_typesupport_fastrtps_cpp/athena_interfaces/msg/detail/dds_fastrtps/mission_status__type_support.cpp.o[0m
[2.587s] [ 73%] [32mBuilding CXX object CMakeFiles/athena_interfaces__rosidl_typesupport_fastrtps_c.dir/rosidl_typesupport_fastrtps_c/athena_interfaces/msg/detail/mission_status__type_support_c.cpp.o[0m
[2.588s] [ 75%] [32mBuilding CXX object CMakeFiles/athena_interfaces__rosidl_typesupport_fastrtps_c.dir/rosidl_typesupport_fastrtps_c/athena_interfaces/msg/detail/vehicle_state__type_support_c.cpp.o[0m
[2.621s] [ 76%] [32m[1mLinking CXX shared library libathena_interfaces__rosidl_typesupport_introspection_cpp.so[0m
[2.622s] [ 78%] [32m[1mLinking CXX shared library libathena_interfaces__rosidl_typesupport_cpp.so[0m
[2.726s] [ 78%] Built target athena_interfaces__rosidl_typesupport_cpp
[2.754s] [ 78%] Built target athena_interfaces__rosidl_typesupport_introspection_cpp
[2.994s] [ 80%] [32m[1mLinking CXX shared library libathena_interfaces__rosidl_typesupport_fastrtps_c.so[0m
[3.016s] [ 81%] [32m[1mLinking CXX shared library libathena_interfaces__rosidl_typesupport_fastrtps_cpp.so[0m
[3.115s] [ 81%] Built target athena_interfaces__rosidl_typesupport_fastrtps_c
[3.130s] [ 81%] Built target athena_interfaces__rosidl_typesupport_fastrtps_cpp
[3.144s] [ 81%] Built target athena_interfaces
[3.157s] [ 83%] [34m[1mGenerating Python code for ROS interfaces[0m
[3.471s] [ 83%] Built target athena_interfaces__py
[3.490s] [ 84%] [32mBuilding C object CMakeFiles/athena_interfaces__rosidl_generator_py.dir/rosidl_generator_py/athena_interfaces/msg/_vehicle_state_s.c.o[0m
[3.490s] [ 87%] [32mBuilding C object CMakeFiles/athena_interfaces__rosidl_generator_py.dir/rosidl_generator_py/athena_interfaces/msg/_system_status_s.c.o[0m
[3.490s] [ 87%] [32mBuilding C object CMakeFiles/athena_interfaces__rosidl_generator_py.dir/rosidl_generator_py/athena_interfaces/msg/_mission_status_s.c.o[0m
[3.491s] [ 89%] [32mBuilding C object CMakeFiles/athena_interfaces__rosidl_generator_py.dir/rosidl_generator_py/athena_interfaces/msg/_system_health_s.c.o[0m
[3.607s] [ 90%] [32m[1mLinking C shared library libathena_interfaces__rosidl_generator_py.so[0m
[3.698s] [ 90%] Built target athena_interfaces__rosidl_generator_py
[3.715s] [ 92%] [32mBuilding C object CMakeFiles/athena_interfaces_s__rosidl_typesupport_c.dir/rosidl_generator_py/athena_interfaces/_athena_interfaces_s.ep.rosidl_typesupport_c.c.o[0m
[3.715s] [ 93%] [32mBuilding C object CMakeFiles/athena_interfaces_s__rosidl_typesupport_fastrtps_c.dir/rosidl_generator_py/athena_interfaces/_athena_interfaces_s.ep.rosidl_typesupport_fastrtps_c.c.o[0m
[3.715s] [ 95%] [32mBuilding C object CMakeFiles/athena_interfaces_s__rosidl_typesupport_introspection_c.dir/rosidl_generator_py/athena_interfaces/_athena_interfaces_s.ep.rosidl_typesupport_introspection_c.c.o[0m
[3.790s] [ 98%] [32m[1mLinking C shared module rosidl_generator_py/athena_interfaces/athena_interfaces_s__rosidl_typesupport_fastrtps_c.so[0m
[3.790s] [ 98%] [32m[1mLinking C shared module rosidl_generator_py/athena_interfaces/athena_interfaces_s__rosidl_typesupport_introspection_c.so[0m
[3.790s] [100%] [32m[1mLinking C shared module rosidl_generator_py/athena_interfaces/athena_interfaces_s__rosidl_typesupport_c.so[0m
[3.855s] [100%] Built target athena_interfaces_s__rosidl_typesupport_c
[3.855s] [100%] Built target athena_interfaces_s__rosidl_typesupport_introspection_c
[3.856s] [100%] Built target athena_interfaces_s__rosidl_typesupport_fastrtps_c
[3.866s] Invoked command in '/home/doja/athena_ws/build/athena_interfaces' returned '0': CMAKE_PREFIX_PATH=${CMAKE_PREFIX_PATH}:/home/doja/athena_ws/install/athena_health_manager:/home/doja/athena_ws/install/athena_core:/home/doja/athena_ws/install/athena_bringup:/opt/ros/jazzy /usr/bin/cmake --build /home/doja/athena_ws/build/athena_interfaces -- -j12 -l12
[3.872s] Invoking command in '/home/doja/athena_ws/build/athena_interfaces': CMAKE_PREFIX_PATH=${CMAKE_PREFIX_PATH}:/home/doja/athena_ws/install/athena_health_manager:/home/doja/athena_ws/install/athena_core:/home/doja/athena_ws/install/athena_bringup:/opt/ros/jazzy /usr/bin/cmake --install /home/doja/athena_ws/build/athena_interfaces
[3.877s] -- Install configuration: ""
[3.878s] -- Execute custom install script
[3.878s] -- Up-to-date symlink: /home/doja/athena_ws/install/athena_interfaces/share/ament_index/resource_index/rosidl_interfaces/athena_interfaces
[3.878s] -- Up-to-date symlink: /home/doja/athena_ws/install/athena_interfaces/share/athena_interfaces/msg/SystemHealth.json
[3.878s] -- Symlinking: /home/doja/athena_ws/install/athena_interfaces/share/athena_interfaces/msg/SystemStatus.json
[3.884s] -- Up-to-date symlink: /home/doja/athena_ws/install/athena_interfaces/share/athena_interfaces/msg/VehicleState.json
[3.884s] -- Up-to-date symlink: /home/doja/athena_ws/install/athena_interfaces/share/athena_interfaces/msg/MissionStatus.json
[3.884s] -- Up-to-date symlink: /home/doja/athena_ws/install/athena_interfaces/include/athena_interfaces/athena_interfaces/msg/detail/mission_status__functions.h
[3.885s] -- Up-to-date symlink: /home/doja/athena_ws/install/athena_interfaces/include/athena_interfaces/athena_interfaces/msg/detail/mission_status__struct.h
[3.885s] -- Up-to-date symlink: /home/doja/athena_ws/install/athena_interfaces/include/athena_interfaces/athena_interfaces/msg/detail/mission_status__type_support.h
[3.885s] -- Up-to-date symlink: /home/doja/athena_ws/install/athena_interfaces/include/athena_interfaces/athena_interfaces/msg/detail/system_health__functions.h
[3.885s] -- Up-to-date symlink: /home/doja/athena_ws/install/athena_interfaces/include/athena_interfaces/athena_interfaces/msg/detail/system_health__struct.h
[3.885s] -- Up-to-date symlink: /home/doja/athena_ws/install/athena_interfaces/include/athena_interfaces/athena_interfaces/msg/detail/system_health__type_support.h
[3.885s] -- Symlinking: /home/doja/athena_ws/install/athena_interfaces/include/athena_interfaces/athena_interfaces/msg/detail/system_status__functions.h
[3.890s] -- Symlinking: /home/doja/athena_ws/install/athena_interfaces/include/athena_interfaces/athena_interfaces/msg/detail/system_status__struct.h
[3.895s] -- Symlinking: /home/doja/athena_ws/install/athena_interfaces/include/athena_interfaces/athena_interfaces/msg/detail/system_status__type_support.h
[3.900s] -- Up-to-date symlink: /home/doja/athena_ws/install/athena_interfaces/include/athena_interfaces/athena_interfaces/msg/detail/vehicle_state__functions.h
[3.900s] -- Up-to-date symlink: /home/doja/athena_ws/install/athena_interfaces/include/athena_interfaces/athena_interfaces/msg/detail/vehicle_state__struct.h
[3.900s] -- Up-to-date symlink: /home/doja/athena_ws/install/athena_interfaces/include/athena_interfaces/athena_interfaces/msg/detail/vehicle_state__type_support.h
[3.900s] -- Up-to-date symlink: /home/doja/athena_ws/install/athena_interfaces/include/athena_interfaces/athena_interfaces/msg/mission_status.h
[3.900s] -- Up-to-date symlink: /home/doja/athena_ws/install/athena_interfaces/include/athena_interfaces/athena_interfaces/msg/rosidl_generator_c__visibility_control.h
[3.900s] -- Up-to-date symlink: /home/doja/athena_ws/install/athena_interfaces/include/athena_interfaces/athena_interfaces/msg/system_health.h
[3.900s] -- Symlinking: /home/doja/athena_ws/install/athena_interfaces/include/athena_interfaces/athena_interfaces/msg/system_status.h
[3.906s] -- Up-to-date symlink: /home/doja/athena_ws/install/athena_interfaces/include/athena_interfaces/athena_interfaces/msg/vehicle_state.h
[3.906s] -- Up-to-date symlink: /home/doja/athena_ws/install/athena_interfaces/share/athena_interfaces/environment/library_path.sh
[3.906s] -- Up-to-date symlink: /home/doja/athena_ws/install/athena_interfaces/share/athena_interfaces/environment/library_path.dsv
[3.907s] -- Up-to-date symlink: /home/doja/athena_ws/install/athena_interfaces/include/athena_interfaces/athena_interfaces/msg/detail/mission_status__rosidl_typesupport_fastrtps_c.h
[3.907s] -- Up-to-date symlink: /home/doja/athena_ws/install/athena_interfaces/include/athena_interfaces/athena_interfaces/msg/detail/system_health__rosidl_typesupport_fastrtps_c.h
[3.907s] -- Symlinking: /home/doja/athena_ws/install/athena_interfaces/include/athena_interfaces/athena_interfaces/msg/detail/system_status__rosidl_typesupport_fastrtps_c.h
[3.913s] -- Up-to-date symlink: /home/doja/athena_ws/install/athena_interfaces/include/athena_interfaces/athena_interfaces/msg/detail/vehicle_state__rosidl_typesupport_fastrtps_c.h
[3.913s] -- Up-to-date symlink: /home/doja/athena_ws/install/athena_interfaces/include/athena_interfaces/athena_interfaces/msg/rosidl_typesupport_fastrtps_c__visibility_control.h
[3.914s] -- Up-to-date symlink: /home/doja/athena_ws/install/athena_interfaces/include/athena_interfaces/athena_interfaces/msg/detail/mission_status__rosidl_typesupport_introspection_c.h
[3.914s] -- Up-to-date symlink: /home/doja/athena_ws/install/athena_interfaces/include/athena_interfaces/athena_interfaces/msg/detail/system_health__rosidl_typesupport_introspection_c.h
[3.914s] -- Symlinking: /home/doja/athena_ws/install/athena_interfaces/include/athena_interfaces/athena_interfaces/msg/detail/system_status__rosidl_typesupport_introspection_c.h
[3.920s] -- Up-to-date symlink: /home/doja/athena_ws/install/athena_interfaces/include/athena_interfaces/athena_interfaces/msg/detail/vehicle_state__rosidl_typesupport_introspection_c.h
[3.920s] -- Up-to-date symlink: /home/doja/athena_ws/install/athena_interfaces/include/athena_interfaces/athena_interfaces/msg/rosidl_typesupport_introspection_c__visibility_control.h
[3.921s] -- Up-to-date symlink: /home/doja/athena_ws/install/athena_interfaces/include/athena_interfaces/athena_interfaces/msg/detail/mission_status__builder.hpp
[3.921s] -- Up-to-date symlink: /home/doja/athena_ws/install/athena_interfaces/include/athena_interfaces/athena_interfaces/msg/detail/mission_status__struct.hpp
[3.921s] -- Up-to-date symlink: /home/doja/athena_ws/install/athena_interfaces/include/athena_interfaces/athena_interfaces/msg/detail/mission_status__traits.hpp
[3.921s] -- Up-to-date symlink: /home/doja/athena_ws/install/athena_interfaces/include/athena_interfaces/athena_interfaces/msg/detail/mission_status__type_support.hpp
[3.921s] -- Up-to-date symlink: /home/doja/athena_ws/install/athena_interfaces/include/athena_interfaces/athena_interfaces/msg/detail/system_health__builder.hpp
[3.921s] -- Up-to-date symlink: /home/doja/athena_ws/install/athena_interfaces/include/athena_interfaces/athena_interfaces/msg/detail/system_health__struct.hpp
[3.921s] -- Up-to-date symlink: /home/doja/athena_ws/install/athena_interfaces/include/athena_interfaces/athena_interfaces/msg/detail/system_health__traits.hpp
[3.921s] -- Up-to-date symlink: /home/doja/athena_ws/install/athena_interfaces/include/athena_interfaces/athena_interfaces/msg/detail/system_health__type_support.hpp
[3.921s] -- Symlinking: /home/doja/athena_ws/install/athena_interfaces/include/athena_interfaces/athena_interfaces/msg/detail/system_status__builder.hpp
[3.927s] -- Symlinking: /home/doja/athena_ws/install/athena_interfaces/include/athena_interfaces/athena_interfaces/msg/detail/system_status__struct.hpp
[3.933s] -- Symlinking: /home/doja/athena_ws/install/athena_interfaces/include/athena_interfaces/athena_interfaces/msg/detail/system_status__traits.hpp
[3.938s] -- Symlinking: /home/doja/athena_ws/install/athena_interfaces/include/athena_interfaces/athena_interfaces/msg/detail/system_status__type_support.hpp
[3.943s] -- Up-to-date symlink: /home/doja/athena_ws/install/athena_interfaces/include/athena_interfaces/athena_interfaces/msg/detail/vehicle_state__builder.hpp
[3.943s] -- Up-to-date symlink: /home/doja/athena_ws/install/athena_interfaces/include/athena_interfaces/athena_interfaces/msg/detail/vehicle_state__struct.hpp
[3.944s] -- Up-to-date symlink: /home/doja/athena_ws/install/athena_interfaces/include/athena_interfaces/athena_interfaces/msg/detail/vehicle_state__traits.hpp
[3.944s] -- Up-to-date symlink: /home/doja/athena_ws/install/athena_interfaces/include/athena_interfaces/athena_interfaces/msg/detail/vehicle_state__type_support.hpp
[3.944s] -- Up-to-date symlink: /home/doja/athena_ws/install/athena_interfaces/include/athena_interfaces/athena_interfaces/msg/mission_status.hpp
[3.944s] -- Up-to-date symlink: /home/doja/athena_ws/install/athena_interfaces/include/athena_interfaces/athena_interfaces/msg/rosidl_generator_cpp__visibility_control.hpp
[3.944s] -- Up-to-date symlink: /home/doja/athena_ws/install/athena_interfaces/include/athena_interfaces/athena_interfaces/msg/system_health.hpp
[3.944s] -- Symlinking: /home/doja/athena_ws/install/athena_interfaces/include/athena_interfaces/athena_interfaces/msg/system_status.hpp
[3.950s] -- Up-to-date symlink: /home/doja/athena_ws/install/athena_interfaces/include/athena_interfaces/athena_interfaces/msg/vehicle_state.hpp
[3.950s] -- Up-to-date symlink: /home/doja/athena_ws/install/athena_interfaces/include/athena_interfaces/athena_interfaces/msg/detail/mission_status__rosidl_typesupport_fastrtps_cpp.hpp
[3.950s] -- Up-to-date symlink: /home/doja/athena_ws/install/athena_interfaces/include/athena_interfaces/athena_interfaces/msg/detail/system_health__rosidl_typesupport_fastrtps_cpp.hpp
[3.950s] -- Symlinking: /home/doja/athena_ws/install/athena_interfaces/include/athena_interfaces/athena_interfaces/msg/detail/system_status__rosidl_typesupport_fastrtps_cpp.hpp
[3.956s] -- Up-to-date symlink: /home/doja/athena_ws/install/athena_interfaces/include/athena_interfaces/athena_interfaces/msg/detail/vehicle_state__rosidl_typesupport_fastrtps_cpp.hpp
[3.956s] -- Up-to-date symlink: /home/doja/athena_ws/install/athena_interfaces/include/athena_interfaces/athena_interfaces/msg/rosidl_typesupport_fastrtps_cpp__visibility_control.h
[3.957s] -- Up-to-date symlink: /home/doja/athena_ws/install/athena_interfaces/include/athena_interfaces/athena_interfaces/msg/detail/mission_status__rosidl_typesupport_introspection_cpp.hpp
[3.957s] -- Up-to-date symlink: /home/doja/athena_ws/install/athena_interfaces/include/athena_interfaces/athena_interfaces/msg/detail/system_health__rosidl_typesupport_introspection_cpp.hpp
[3.957s] -- Symlinking: /home/doja/athena_ws/install/athena_interfaces/include/athena_interfaces/athena_interfaces/msg/detail/system_status__rosidl_typesupport_introspection_cpp.hpp
[3.962s] -- Up-to-date symlink: /home/doja/athena_ws/install/athena_interfaces/include/athena_interfaces/athena_interfaces/msg/detail/vehicle_state__rosidl_typesupport_introspection_cpp.hpp
[3.963s] -- Up-to-date symlink: /home/doja/athena_ws/install/athena_interfaces/share/athena_interfaces/environment/pythonpath.sh
[3.963s] -- Up-to-date symlink: /home/doja/athena_ws/install/athena_interfaces/share/athena_interfaces/environment/pythonpath.dsv
[3.963s] -- Up-to-date symlink: /home/doja/athena_ws/install/athena_interfaces/lib/python3.12/site-packages/athena_interfaces-0.0.0-py3.12.egg-info/PKG-INFO
[3.963s] -- Up-to-date symlink: /home/doja/athena_ws/install/athena_interfaces/lib/python3.12/site-packages/athena_interfaces-0.0.0-py3.12.egg-info/SOURCES.txt
[3.963s] -- Up-to-date symlink: /home/doja/athena_ws/install/athena_interfaces/lib/python3.12/site-packages/athena_interfaces-0.0.0-py3.12.egg-info/dependency_links.txt
[3.963s] -- Up-to-date symlink: /home/doja/athena_ws/install/athena_interfaces/lib/python3.12/site-packages/athena_interfaces-0.0.0-py3.12.egg-info/top_level.txt
[3.964s] -- Up-to-date symlink: /home/doja/athena_ws/install/athena_interfaces/lib/python3.12/site-packages/athena_interfaces/__init__.py
[3.964s] -- Up-to-date symlink: /home/doja/athena_ws/install/athena_interfaces/lib/python3.12/site-packages/athena_interfaces/_athena_interfaces_s.ep.rosidl_typesupport_c.c
[3.964s] -- Up-to-date symlink: /home/doja/athena_ws/install/athena_interfaces/lib/python3.12/site-packages/athena_interfaces/_athena_interfaces_s.ep.rosidl_typesupport_fastrtps_c.c
[3.964s] -- Up-to-date symlink: /home/doja/athena_ws/install/athena_interfaces/lib/python3.12/site-packages/athena_interfaces/_athena_interfaces_s.ep.rosidl_typesupport_introspection_c.c
[3.964s] -- Up-to-date symlink: /home/doja/athena_ws/install/athena_interfaces/lib/python3.12/site-packages/athena_interfaces/athena_interfaces_s__rosidl_typesupport_c.so
[3.964s] -- Up-to-date symlink: /home/doja/athena_ws/install/athena_interfaces/lib/python3.12/site-packages/athena_interfaces/athena_interfaces_s__rosidl_typesupport_fastrtps_c.so
[3.964s] -- Up-to-date symlink: /home/doja/athena_ws/install/athena_interfaces/lib/python3.12/site-packages/athena_interfaces/athena_interfaces_s__rosidl_typesupport_introspection_c.so
[3.964s] -- Up-to-date symlink: /home/doja/athena_ws/install/athena_interfaces/lib/python3.12/site-packages/athena_interfaces/msg/__init__.py
[3.964s] -- Up-to-date symlink: /home/doja/athena_ws/install/athena_interfaces/lib/python3.12/site-packages/athena_interfaces/msg/_mission_status.py
[3.964s] -- Up-to-date symlink: /home/doja/athena_ws/install/athena_interfaces/lib/python3.12/site-packages/athena_interfaces/msg/_mission_status_s.c
[3.964s] -- Up-to-date symlink: /home/doja/athena_ws/install/athena_interfaces/lib/python3.12/site-packages/athena_interfaces/msg/_system_health.py
[3.964s] -- Up-to-date symlink: /home/doja/athena_ws/install/athena_interfaces/lib/python3.12/site-packages/athena_interfaces/msg/_system_health_s.c
[3.965s] -- Symlinking: /home/doja/athena_ws/install/athena_interfaces/lib/python3.12/site-packages/athena_interfaces/msg/_system_status.py
[3.970s] -- Symlinking: /home/doja/athena_ws/install/athena_interfaces/lib/python3.12/site-packages/athena_interfaces/msg/_system_status_s.c
[3.975s] -- Up-to-date symlink: /home/doja/athena_ws/install/athena_interfaces/lib/python3.12/site-packages/athena_interfaces/msg/_vehicle_state.py
[3.975s] -- Up-to-date symlink: /home/doja/athena_ws/install/athena_interfaces/lib/python3.12/site-packages/athena_interfaces/msg/_vehicle_state_s.c
[3.975s] -- Up-to-date symlink: /home/doja/athena_ws/install/athena_interfaces/lib/python3.12/site-packages/athena_interfaces/athena_interfaces_s__rosidl_typesupport_fastrtps_c.so
[3.976s] -- Up-to-date symlink: /home/doja/athena_ws/install/athena_interfaces/lib/python3.12/site-packages/athena_interfaces/athena_interfaces_s__rosidl_typesupport_introspection_c.so
[3.976s] -- Up-to-date symlink: /home/doja/athena_ws/install/athena_interfaces/lib/python3.12/site-packages/athena_interfaces/athena_interfaces_s__rosidl_typesupport_c.so
[3.976s] -- Up-to-date symlink: /home/doja/athena_ws/install/athena_interfaces/share/ament_index/resource_index/rust_packages/athena_interfaces
[3.977s] -- Up-to-date symlink: /home/doja/athena_ws/install/athena_interfaces/share/athena_interfaces/rust/Cargo.toml
[3.977s] -- Up-to-date symlink: /home/doja/athena_ws/install/athena_interfaces/share/athena_interfaces/rust/build.rs
[3.978s] -- Up-to-date symlink: /home/doja/athena_ws/install/athena_interfaces/share/athena_interfaces/rust/src/lib.rs
[3.978s] -- Up-to-date symlink: /home/doja/athena_ws/install/athena_interfaces/share/athena_interfaces/rust/src/msg.rs
[3.978s] -- Up-to-date symlink: /home/doja/athena_ws/install/athena_interfaces/share/athena_interfaces/rust/src/msg/rmw.rs
[3.978s] -- Up-to-date symlink: /home/doja/athena_ws/install/athena_interfaces/share/athena_interfaces/msg/SystemHealth.idl
[3.978s] -- Symlinking: /home/doja/athena_ws/install/athena_interfaces/share/athena_interfaces/msg/SystemStatus.idl
[3.983s] -- Up-to-date symlink: /home/doja/athena_ws/install/athena_interfaces/share/athena_interfaces/msg/VehicleState.idl
[3.983s] -- Up-to-date symlink: /home/doja/athena_ws/install/athena_interfaces/share/athena_interfaces/msg/MissionStatus.idl
[3.983s] -- Up-to-date symlink: /home/doja/athena_ws/install/athena_interfaces/share/athena_interfaces/msg/SystemHealth.msg
[3.983s] -- Symlinking: /home/doja/athena_ws/install/athena_interfaces/share/athena_interfaces/msg/SystemStatus.msg
[3.989s] -- Up-to-date symlink: /home/doja/athena_ws/install/athena_interfaces/share/athena_interfaces/msg/VehicleState.msg
[3.989s] -- Up-to-date symlink: /home/doja/athena_ws/install/athena_interfaces/share/athena_interfaces/msg/MissionStatus.msg
[3.989s] -- Up-to-date symlink: /home/doja/athena_ws/install/athena_interfaces/share/ament_index/resource_index/package_run_dependencies/athena_interfaces
[3.989s] -- Up-to-date symlink: /home/doja/athena_ws/install/athena_interfaces/share/ament_index/resource_index/parent_prefix_path/athena_interfaces
[3.989s] -- Up-to-date symlink: /home/doja/athena_ws/install/athena_interfaces/share/athena_interfaces/environment/ament_prefix_path.sh
[3.989s] -- Up-to-date symlink: /home/doja/athena_ws/install/athena_interfaces/share/athena_interfaces/environment/ament_prefix_path.dsv
[3.989s] -- Up-to-date symlink: /home/doja/athena_ws/install/athena_interfaces/share/athena_interfaces/environment/path.sh
[3.989s] -- Up-to-date symlink: /home/doja/athena_ws/install/athena_interfaces/share/athena_interfaces/environment/path.dsv
[3.989s] -- Up-to-date symlink: /home/doja/athena_ws/install/athena_interfaces/share/athena_interfaces/local_setup.bash
[3.989s] -- Up-to-date symlink: /home/doja/athena_ws/install/athena_interfaces/share/athena_interfaces/local_setup.sh
[3.989s] -- Up-to-date symlink: /home/doja/athena_ws/install/athena_interfaces/share/athena_interfaces/local_setup.zsh
[3.990s] -- Up-to-date symlink: /home/doja/athena_ws/install/athena_interfaces/share/athena_interfaces/local_setup.dsv
[3.990s] -- Symlinking: /home/doja/athena_ws/install/athena_interfaces/share/athena_interfaces/package.dsv
[3.995s] -- Up-to-date symlink: /home/doja/athena_ws/install/athena_interfaces/share/ament_index/resource_index/packages/athena_interfaces
[3.995s] -- Up-to-date symlink: /home/doja/athena_ws/install/athena_interfaces/share/athena_interfaces/cmake/rosidl_cmake-extras.cmake
[3.995s] -- Up-to-date symlink: /home/doja/athena_ws/install/athena_interfaces/share/athena_interfaces/cmake/ament_cmake_export_dependencies-extras.cmake
[3.995s] -- Up-to-date symlink: /home/doja/athena_ws/install/athena_interfaces/share/athena_interfaces/cmake/ament_cmake_export_include_directories-extras.cmake
[3.995s] -- Up-to-date symlink: /home/doja/athena_ws/install/athena_interfaces/share/athena_interfaces/cmake/ament_cmake_export_libraries-extras.cmake
[3.996s] -- Up-to-date symlink: /home/doja/athena_ws/install/athena_interfaces/share/athena_interfaces/cmake/ament_cmake_export_targets-extras.cmake
[3.996s] -- Up-to-date symlink: /home/doja/athena_ws/install/athena_interfaces/share/athena_interfaces/cmake/rosidl_cmake_export_typesupport_targets-extras.cmake
[3.996s] -- Up-to-date symlink: /home/doja/athena_ws/install/athena_interfaces/share/athena_interfaces/cmake/rosidl_cmake_export_typesupport_libraries-extras.cmake
[3.996s] -- Up-to-date symlink: /home/doja/athena_ws/install/athena_interfaces/share/athena_interfaces/cmake/rosidl_cmake_aggregate_target-extras.cmake
[3.996s] -- Up-to-date symlink: /home/doja/athena_ws/install/athena_interfaces/share/athena_interfaces/cmake/athena_interfacesConfig.cmake
[3.996s] -- Up-to-date symlink: /home/doja/athena_ws/install/athena_interfaces/share/athena_interfaces/cmake/athena_interfacesConfig-version.cmake
[3.996s] -- Up-to-date symlink: /home/doja/athena_ws/install/athena_interfaces/share/athena_interfaces/package.xml
[3.996s] -- Installing: /home/doja/athena_ws/install/athena_interfaces/lib/libathena_interfaces__rosidl_generator_c.so
[3.996s] -- Set non-toolchain portion of runtime path of "/home/doja/athena_ws/install/athena_interfaces/lib/libathena_interfaces__rosidl_generator_c.so" to ""
[3.996s] -- Installing: /home/doja/athena_ws/install/athena_interfaces/lib/libathena_interfaces__rosidl_typesupport_fastrtps_c.so
[3.997s] -- Set non-toolchain portion of runtime path of "/home/doja/athena_ws/install/athena_interfaces/lib/libathena_interfaces__rosidl_typesupport_fastrtps_c.so" to ""
[3.997s] -- Installing: /home/doja/athena_ws/install/athena_interfaces/lib/libathena_interfaces__rosidl_typesupport_introspection_c.so
[3.997s] -- Set non-toolchain portion of runtime path of "/home/doja/athena_ws/install/athena_interfaces/lib/libathena_interfaces__rosidl_typesupport_introspection_c.so" to ""
[3.997s] -- Installing: /home/doja/athena_ws/install/athena_interfaces/lib/libathena_interfaces__rosidl_typesupport_c.so
[3.997s] -- Set non-toolchain portion of runtime path of "/home/doja/athena_ws/install/athena_interfaces/lib/libathena_interfaces__rosidl_typesupport_c.so" to ""
[3.998s] -- Installing: /home/doja/athena_ws/install/athena_interfaces/lib/libathena_interfaces__rosidl_typesupport_fastrtps_cpp.so
[3.998s] -- Set non-toolchain portion of runtime path of "/home/doja/athena_ws/install/athena_interfaces/lib/libathena_interfaces__rosidl_typesupport_fastrtps_cpp.so" to ""
[3.999s] -- Installing: /home/doja/athena_ws/install/athena_interfaces/lib/libathena_interfaces__rosidl_typesupport_introspection_cpp.so
[3.999s] -- Set non-toolchain portion of runtime path of "/home/doja/athena_ws/install/athena_interfaces/lib/libathena_interfaces__rosidl_typesupport_introspection_cpp.so" to ""
[3.999s] -- Installing: /home/doja/athena_ws/install/athena_interfaces/lib/libathena_interfaces__rosidl_typesupport_cpp.so
[4.000s] -- Set non-toolchain portion of runtime path of "/home/doja/athena_ws/install/athena_interfaces/lib/libathena_interfaces__rosidl_typesupport_cpp.so" to ""
[4.031s] Listing '/home/doja/athena_ws/install/athena_interfaces/lib/python3.12/site-packages/athena_interfaces'...
[4.031s] Compiling '/home/doja/athena_ws/install/athena_interfaces/lib/python3.12/site-packages/athena_interfaces/__init__.py'...
[4.031s] Listing '/home/doja/athena_ws/install/athena_interfaces/lib/python3.12/site-packages/athena_interfaces/msg'...
[4.031s] Compiling '/home/doja/athena_ws/install/athena_interfaces/lib/python3.12/site-packages/athena_interfaces/msg/__init__.py'...
[4.031s] Compiling '/home/doja/athena_ws/install/athena_interfaces/lib/python3.12/site-packages/athena_interfaces/msg/_mission_status.py'...
[4.031s] Compiling '/home/doja/athena_ws/install/athena_interfaces/lib/python3.12/site-packages/athena_interfaces/msg/_system_health.py'...
[4.031s] Compiling '/home/doja/athena_ws/install/athena_interfaces/lib/python3.12/site-packages/athena_interfaces/msg/_system_status.py'...
[4.031s] Compiling '/home/doja/athena_ws/install/athena_interfaces/lib/python3.12/site-packages/athena_interfaces/msg/_vehicle_state.py'...
[4.036s] -- Installing: /home/doja/athena_ws/install/athena_interfaces/lib/libathena_interfaces__rosidl_generator_py.so
[4.036s] -- Set non-toolchain portion of runtime path of "/home/doja/athena_ws/install/athena_interfaces/lib/libathena_interfaces__rosidl_generator_py.so" to ""
[4.037s] -- Up-to-date: /home/doja/athena_ws/install/athena_interfaces/share/athena_interfaces/cmake/export_athena_interfaces__rosidl_generator_cExport.cmake
[4.037s] -- Up-to-date: /home/doja/athena_ws/install/athena_interfaces/share/athena_interfaces/cmake/export_athena_interfaces__rosidl_generator_cExport-noconfig.cmake
[4.037s] -- Up-to-date: /home/doja/athena_ws/install/athena_interfaces/share/athena_interfaces/cmake/export_athena_interfaces__rosidl_typesupport_fastrtps_cExport.cmake
[4.037s] -- Up-to-date: /home/doja/athena_ws/install/athena_interfaces/share/athena_interfaces/cmake/export_athena_interfaces__rosidl_typesupport_fastrtps_cExport-noconfig.cmake
[4.038s] -- Up-to-date: /home/doja/athena_ws/install/athena_interfaces/share/athena_interfaces/cmake/athena_interfaces__rosidl_typesupport_introspection_cExport.cmake
[4.038s] -- Up-to-date: /home/doja/athena_ws/install/athena_interfaces/share/athena_interfaces/cmake/athena_interfaces__rosidl_typesupport_introspection_cExport-noconfig.cmake
[4.038s] -- Up-to-date: /home/doja/athena_ws/install/athena_interfaces/share/athena_interfaces/cmake/athena_interfaces__rosidl_typesupport_cExport.cmake
[4.038s] -- Up-to-date: /home/doja/athena_ws/install/athena_interfaces/share/athena_interfaces/cmake/athena_interfaces__rosidl_typesupport_cExport-noconfig.cmake
[4.038s] -- Up-to-date: /home/doja/athena_ws/install/athena_interfaces/share/athena_interfaces/cmake/export_athena_interfaces__rosidl_generator_cppExport.cmake
[4.039s] -- Up-to-date: /home/doja/athena_ws/install/athena_interfaces/share/athena_interfaces/cmake/export_athena_interfaces__rosidl_typesupport_fastrtps_cppExport.cmake
[4.039s] -- Up-to-date: /home/doja/athena_ws/install/athena_interfaces/share/athena_interfaces/cmake/export_athena_interfaces__rosidl_typesupport_fastrtps_cppExport-noconfig.cmake
[4.039s] -- Up-to-date: /home/doja/athena_ws/install/athena_interfaces/share/athena_interfaces/cmake/athena_interfaces__rosidl_typesupport_introspection_cppExport.cmake
[4.039s] -- Up-to-date: /home/doja/athena_ws/install/athena_interfaces/share/athena_interfaces/cmake/athena_interfaces__rosidl_typesupport_introspection_cppExport-noconfig.cmake
[4.040s] -- Up-to-date: /home/doja/athena_ws/install/athena_interfaces/share/athena_interfaces/cmake/athena_interfaces__rosidl_typesupport_cppExport.cmake
[4.040s] -- Up-to-date: /home/doja/athena_ws/install/athena_interfaces/share/athena_interfaces/cmake/athena_interfaces__rosidl_typesupport_cppExport-noconfig.cmake
[4.040s] -- Up-to-date: /home/doja/athena_ws/install/athena_interfaces/share/athena_interfaces/cmake/export_athena_interfaces__rosidl_generator_pyExport.cmake
[4.040s] -- Up-to-date: /home/doja/athena_ws/install/athena_interfaces/share/athena_interfaces/cmake/export_athena_interfaces__rosidl_generator_pyExport-noconfig.cmake
[4.042s] Invoked command in '/home/doja/athena_ws/build/athena_interfaces' returned '0': CMAKE_PREFIX_PATH=${CMAKE_PREFIX_PATH}:/home/doja/athena_ws/install/athena_health_manager:/home/doja/athena_ws/install/athena_core:/home/doja/athena_ws/install/athena_bringup:/opt/ros/jazzy /usr/bin/cmake --install /home/doja/athena_ws/build/athena_interfaces
