running develop
running egg_info
creating athena_health_manager.egg-info
writing athena_health_manager.egg-info/PKG-INFO
writing dependency_links to athena_health_manager.egg-info/dependency_links.txt
writing entry points to athena_health_manager.egg-info/entry_points.txt
writing requirements to athena_health_manager.egg-info/requires.txt
writing top-level names to athena_health_manager.egg-info/top_level.txt
writing manifest file 'athena_health_manager.egg-info/SOURCES.txt'
reading manifest file 'athena_health_manager.egg-info/SOURCES.txt'
writing manifest file 'athena_health_manager.egg-info/SOURCES.txt'
running build_ext
Creating /home/athena-uav/Athena/athena_ws/install/athena_health_manager/lib/python3.12/site-packages/athena-health-manager.egg-link (link to .)
Installing health_manager script to /home/athena-uav/Athena/athena_ws/install/athena_health_manager/lib/athena_health_manager

Installed /home/athena-uav/Athena/athena_ws/build/athena_health_manager
running symlink_data
creating /home/athena-uav/Athena/athena_ws/install/athena_health_manager/share/ament_index
creating /home/athena-uav/Athena/athena_ws/install/athena_health_manager/share/ament_index/resource_index
creating /home/athena-uav/Athena/athena_ws/install/athena_health_manager/share/ament_index/resource_index/packages
symbolically linking /home/athena-uav/Athena/athena_ws/build/athena_health_manager/resource/athena_health_manager -> /home/athena-uav/Athena/athena_ws/install/athena_health_manager/share/ament_index/resource_index/packages
symbolically linking /home/athena-uav/Athena/athena_ws/build/athena_health_manager/package.xml -> /home/athena-uav/Athena/athena_ws/install/athena_health_manager/share/athena_health_manager
