[11.889s] Invoking command in '/home/athena-uav/Athena/Athena-UAV/build/athena_bringup': DEBUGINFOD_URLS=https://debuginfod.ubuntu.com PYTHONPATH=/home/athena-uav/Athena/Athena-UAV/build/athena_bringup/prefix_override:/usr/lib/python3/dist-packages/colcon_core/task/python/colcon_distutils_commands:/home/athena-uav/Athena/Athena-UAV/install/athena_bringup/lib/python3.12/site-packages:${PYTHONPATH} /usr/bin/python3 -W ignore:setup.py install is deprecated -W ignore:easy_install command is deprecated setup.py develop --editable --build-directory /home/athena-uav/Athena/Athena-UAV/build/athena_bringup/build --no-deps symlink_data
[15.206s] running develop
[17.812s] running egg_info
[17.813s] creating athena_bringup.egg-info
[18.011s] writing athena_bringup.egg-info/PKG-INFO
[18.015s] writing dependency_links to athena_bringup.egg-info/dependency_links.txt
[18.017s] writing requirements to athena_bringup.egg-info/requires.txt
[18.018s] writing top-level names to athena_bringup.egg-info/top_level.txt
[18.021s] writing manifest file 'athena_bringup.egg-info/SOURCES.txt'
[18.644s] reading manifest file 'athena_bringup.egg-info/SOURCES.txt'
[18.651s] writing manifest file 'athena_bringup.egg-info/SOURCES.txt'
[18.920s] running build_ext
[18.921s] Creating /home/athena-uav/Athena/Athena-UAV/install/athena_bringup/lib/python3.12/site-packages/athena-bringup.egg-link (link to .)
[18.925s] 
[18.926s] Installed /home/athena-uav/Athena/Athena-UAV/build/athena_bringup
[18.927s] running symlink_data
[18.930s] creating /home/athena-uav/Athena/Athena-UAV/install/athena_bringup/share/ament_index
[18.933s] creating /home/athena-uav/Athena/Athena-UAV/install/athena_bringup/share/ament_index/resource_index
[18.934s] creating /home/athena-uav/Athena/Athena-UAV/install/athena_bringup/share/ament_index/resource_index/packages
[18.938s] symbolically linking /home/athena-uav/Athena/Athena-UAV/build/athena_bringup/resource/athena_bringup -> /home/athena-uav/Athena/Athena-UAV/install/athena_bringup/share/ament_index/resource_index/packages
[18.939s] symbolically linking /home/athena-uav/Athena/Athena-UAV/build/athena_bringup/package.xml -> /home/athena-uav/Athena/Athena-UAV/install/athena_bringup/share/athena_bringup
[18.944s] creating /home/athena-uav/Athena/Athena-UAV/install/athena_bringup/share/athena_bringup/launch
[18.951s] symbolically linking /home/athena-uav/Athena/Athena-UAV/build/athena_bringup/launch/athena.launch.py -> /home/athena-uav/Athena/Athena-UAV/install/athena_bringup/share/athena_bringup/launch
[18.954s] creating /home/athena-uav/Athena/Athena-UAV/install/athena_bringup/share/athena_bringup/config
[19.245s] Invoked command in '/home/athena-uav/Athena/Athena-UAV/build/athena_bringup' returned '0': DEBUGINFOD_URLS=https://debuginfod.ubuntu.com PYTHONPATH=/home/athena-uav/Athena/Athena-UAV/build/athena_bringup/prefix_override:/usr/lib/python3/dist-packages/colcon_core/task/python/colcon_distutils_commands:/home/athena-uav/Athena/Athena-UAV/install/athena_bringup/lib/python3.12/site-packages:${PYTHONPATH} /usr/bin/python3 -W ignore:setup.py install is deprecated -W ignore:easy_install command is deprecated setup.py develop --editable --build-directory /home/athena-uav/Athena/Athena-UAV/build/athena_bringup/build --no-deps symlink_data
