[0.210s] DEBUG:colcon:Command line arguments: ['/usr/bin/colcon', 'build', '--symlink-install']
[0.210s] DEBUG:colcon:Parsed command line arguments: Namespace(log_base=None, log_level=None, verb_name='build', build_base='build', install_base='install', merge_install=False, symlink_install=True, test_result_base=None, continue_on_error=False, executor='parallel', parallel_workers=12, event_handlers=None, ignore_user_meta=False, metas=['./colcon.meta'], base_paths=['.'], packages_ignore=None, packages_ignore_regex=None, paths=None, packages_up_to=None, packages_up_to_regex=None, packages_above=None, packages_above_and_dependencies=None, packages_above_depth=None, packages_select_by_dep=None, packages_skip_by_dep=None, packages_skip_up_to=None, packages_select_build_failed=False, packages_skip_build_finished=False, packages_select_test_failures=False, packages_skip_test_passed=False, packages_select=None, packages_skip=None, packages_select_regex=None, packages_skip_regex=None, packages_start=None, packages_end=None, allow_overriding=[], cmake_args=None, cmake_target=None, cmake_target_skip_unavailable=False, cmake_clean_cache=False, cmake_clean_first=False, cmake_force_configure=False, ament_cmake_args=None, catkin_cmake_args=None, catkin_skip_building_tests=False, mixin_files=None, mixin=None, verb_parser=<colcon_mixin.mixin.mixin_argument.MixinArgumentDecorator object at 0x7b14dd390ce0>, verb_extension=<colcon_core.verb.build.BuildVerb object at 0x7b14dd4bd490>, main=<bound method BuildVerb.main of <colcon_core.verb.build.BuildVerb object at 0x7b14dd4bd490>>, mixin_verb=('build',))
[0.261s] Level 1:colcon.colcon_core.package_discovery:discover_packages(colcon_meta) check parameters
[0.261s] Level 1:colcon.colcon_core.package_discovery:discover_packages(recursive) check parameters
[0.261s] Level 1:colcon.colcon_core.package_discovery:discover_packages(ignore) check parameters
[0.261s] Level 1:colcon.colcon_core.package_discovery:discover_packages(path) check parameters
[0.261s] Level 1:colcon.colcon_core.package_discovery:discover_packages(colcon_meta) discover
[0.262s] Level 1:colcon.colcon_core.package_discovery:discover_packages(recursive) discover
[0.262s] INFO:colcon.colcon_core.package_discovery:Crawling recursively for packages in '/home/doja/athena_ws'
[0.262s] Level 1:colcon.colcon_core.package_identification:_identify(.) by extensions ['ignore', 'ignore_ament_install']
[0.263s] Level 1:colcon.colcon_core.package_identification:_identify(.) by extension 'ignore'
[0.263s] Level 1:colcon.colcon_core.package_identification:_identify(.) by extension 'ignore_ament_install'
[0.263s] Level 1:colcon.colcon_core.package_identification:_identify(.) by extensions ['colcon_pkg']
[0.263s] Level 1:colcon.colcon_core.package_identification:_identify(.) by extension 'colcon_pkg'
[0.263s] Level 1:colcon.colcon_core.package_identification:_identify(.) by extensions ['colcon_meta']
[0.263s] Level 1:colcon.colcon_core.package_identification:_identify(.) by extension 'colcon_meta'
[0.263s] Level 1:colcon.colcon_core.package_identification:_identify(.) by extensions ['ros']
[0.263s] Level 1:colcon.colcon_core.package_identification:_identify(.) by extension 'ros'
[0.288s] Level 1:colcon.colcon_core.package_identification:_identify(.) by extensions ['cmake', 'python']
[0.288s] Level 1:colcon.colcon_core.package_identification:_identify(.) by extension 'cmake'
[0.288s] Level 1:colcon.colcon_core.package_identification:_identify(.) by extension 'python'
[0.288s] Level 1:colcon.colcon_core.package_identification:_identify(.) by extensions ['python_setup_py']
[0.288s] Level 1:colcon.colcon_core.package_identification:_identify(.) by extension 'python_setup_py'
[0.289s] Level 1:colcon.colcon_core.package_identification:_identify(build) by extensions ['ignore', 'ignore_ament_install']
[0.289s] Level 1:colcon.colcon_core.package_identification:_identify(build) by extension 'ignore'
[0.289s] Level 1:colcon.colcon_core.package_identification:_identify(build) ignored
[0.289s] Level 1:colcon.colcon_core.package_identification:_identify(install) by extensions ['ignore', 'ignore_ament_install']
[0.289s] Level 1:colcon.colcon_core.package_identification:_identify(install) by extension 'ignore'
[0.289s] Level 1:colcon.colcon_core.package_identification:_identify(install) ignored
[0.289s] Level 1:colcon.colcon_core.package_identification:_identify(log) by extensions ['ignore', 'ignore_ament_install']
[0.289s] Level 1:colcon.colcon_core.package_identification:_identify(log) by extension 'ignore'
[0.289s] Level 1:colcon.colcon_core.package_identification:_identify(log) ignored
[0.289s] Level 1:colcon.colcon_core.package_identification:_identify(src) by extensions ['ignore', 'ignore_ament_install']
[0.289s] Level 1:colcon.colcon_core.package_identification:_identify(src) by extension 'ignore'
[0.289s] Level 1:colcon.colcon_core.package_identification:_identify(src) by extension 'ignore_ament_install'
[0.290s] Level 1:colcon.colcon_core.package_identification:_identify(src) by extensions ['colcon_pkg']
[0.290s] Level 1:colcon.colcon_core.package_identification:_identify(src) by extension 'colcon_pkg'
[0.290s] Level 1:colcon.colcon_core.package_identification:_identify(src) by extensions ['colcon_meta']
[0.290s] Level 1:colcon.colcon_core.package_identification:_identify(src) by extension 'colcon_meta'
[0.290s] Level 1:colcon.colcon_core.package_identification:_identify(src) by extensions ['ros']
[0.290s] Level 1:colcon.colcon_core.package_identification:_identify(src) by extension 'ros'
[0.290s] Level 1:colcon.colcon_core.package_identification:_identify(src) by extensions ['cmake', 'python']
[0.290s] Level 1:colcon.colcon_core.package_identification:_identify(src) by extension 'cmake'
[0.290s] Level 1:colcon.colcon_core.package_identification:_identify(src) by extension 'python'
[0.290s] Level 1:colcon.colcon_core.package_identification:_identify(src) by extensions ['python_setup_py']
[0.290s] Level 1:colcon.colcon_core.package_identification:_identify(src) by extension 'python_setup_py'
[0.290s] Level 1:colcon.colcon_core.package_identification:_identify(src/athena_bringup) by extensions ['ignore', 'ignore_ament_install']
[0.290s] Level 1:colcon.colcon_core.package_identification:_identify(src/athena_bringup) by extension 'ignore'
[0.290s] Level 1:colcon.colcon_core.package_identification:_identify(src/athena_bringup) by extension 'ignore_ament_install'
[0.290s] Level 1:colcon.colcon_core.package_identification:_identify(src/athena_bringup) by extensions ['colcon_pkg']
[0.290s] Level 1:colcon.colcon_core.package_identification:_identify(src/athena_bringup) by extension 'colcon_pkg'
[0.290s] Level 1:colcon.colcon_core.package_identification:_identify(src/athena_bringup) by extensions ['colcon_meta']
[0.290s] Level 1:colcon.colcon_core.package_identification:_identify(src/athena_bringup) by extension 'colcon_meta'
[0.290s] Level 1:colcon.colcon_core.package_identification:_identify(src/athena_bringup) by extensions ['ros']
[0.290s] Level 1:colcon.colcon_core.package_identification:_identify(src/athena_bringup) by extension 'ros'
[0.293s] DEBUG:colcon.colcon_core.package_identification:Package 'src/athena_bringup' with type 'ros.ament_python' and name 'athena_bringup'
[0.293s] Level 1:colcon.colcon_core.package_identification:_identify(src/athena_core) by extensions ['ignore', 'ignore_ament_install']
[0.293s] Level 1:colcon.colcon_core.package_identification:_identify(src/athena_core) by extension 'ignore'
[0.293s] Level 1:colcon.colcon_core.package_identification:_identify(src/athena_core) by extension 'ignore_ament_install'
[0.293s] Level 1:colcon.colcon_core.package_identification:_identify(src/athena_core) by extensions ['colcon_pkg']
[0.293s] Level 1:colcon.colcon_core.package_identification:_identify(src/athena_core) by extension 'colcon_pkg'
[0.293s] Level 1:colcon.colcon_core.package_identification:_identify(src/athena_core) by extensions ['colcon_meta']
[0.293s] Level 1:colcon.colcon_core.package_identification:_identify(src/athena_core) by extension 'colcon_meta'
[0.293s] Level 1:colcon.colcon_core.package_identification:_identify(src/athena_core) by extensions ['ros']
[0.293s] Level 1:colcon.colcon_core.package_identification:_identify(src/athena_core) by extension 'ros'
[0.294s] DEBUG:colcon.colcon_core.package_identification:Package 'src/athena_core' with type 'ros.ament_python' and name 'athena_core'
[0.294s] Level 1:colcon.colcon_core.package_identification:_identify(src/athena_health_manager) by extensions ['ignore', 'ignore_ament_install']
[0.294s] Level 1:colcon.colcon_core.package_identification:_identify(src/athena_health_manager) by extension 'ignore'
[0.294s] Level 1:colcon.colcon_core.package_identification:_identify(src/athena_health_manager) by extension 'ignore_ament_install'
[0.294s] Level 1:colcon.colcon_core.package_identification:_identify(src/athena_health_manager) by extensions ['colcon_pkg']
[0.294s] Level 1:colcon.colcon_core.package_identification:_identify(src/athena_health_manager) by extension 'colcon_pkg'
[0.294s] Level 1:colcon.colcon_core.package_identification:_identify(src/athena_health_manager) by extensions ['colcon_meta']
[0.294s] Level 1:colcon.colcon_core.package_identification:_identify(src/athena_health_manager) by extension 'colcon_meta'
[0.294s] Level 1:colcon.colcon_core.package_identification:_identify(src/athena_health_manager) by extensions ['ros']
[0.294s] Level 1:colcon.colcon_core.package_identification:_identify(src/athena_health_manager) by extension 'ros'
[0.295s] DEBUG:colcon.colcon_core.package_identification:Package 'src/athena_health_manager' with type 'ros.ament_python' and name 'athena_health_manager'
[0.295s] Level 1:colcon.colcon_core.package_identification:_identify(src/athena_interfaces) by extensions ['ignore', 'ignore_ament_install']
[0.295s] Level 1:colcon.colcon_core.package_identification:_identify(src/athena_interfaces) by extension 'ignore'
[0.295s] Level 1:colcon.colcon_core.package_identification:_identify(src/athena_interfaces) by extension 'ignore_ament_install'
[0.295s] Level 1:colcon.colcon_core.package_identification:_identify(src/athena_interfaces) by extensions ['colcon_pkg']
[0.295s] Level 1:colcon.colcon_core.package_identification:_identify(src/athena_interfaces) by extension 'colcon_pkg'
[0.295s] Level 1:colcon.colcon_core.package_identification:_identify(src/athena_interfaces) by extensions ['colcon_meta']
[0.295s] Level 1:colcon.colcon_core.package_identification:_identify(src/athena_interfaces) by extension 'colcon_meta'
[0.295s] Level 1:colcon.colcon_core.package_identification:_identify(src/athena_interfaces) by extensions ['ros']
[0.295s] Level 1:colcon.colcon_core.package_identification:_identify(src/athena_interfaces) by extension 'ros'
[0.296s] DEBUG:colcon.colcon_core.package_identification:Package 'src/athena_interfaces' with type 'ros.ament_cmake' and name 'athena_interfaces'
[0.296s] Level 1:colcon.colcon_core.package_discovery:discover_packages(recursive) using defaults
[0.296s] Level 1:colcon.colcon_core.package_discovery:discover_packages(ignore) discover
[0.296s] Level 1:colcon.colcon_core.package_discovery:discover_packages(ignore) using defaults
[0.296s] Level 1:colcon.colcon_core.package_discovery:discover_packages(path) discover
[0.296s] Level 1:colcon.colcon_core.package_discovery:discover_packages(path) using defaults
[0.317s] Level 1:colcon.colcon_core.package_discovery:discover_packages(prefix_path) check parameters
[0.317s] Level 1:colcon.colcon_core.package_discovery:discover_packages(prefix_path) discover
[0.319s] WARNING:colcon.colcon_ros.prefix_path.ament:The path '/home/doja/athena_ws/install/athena_health_manager' in the environment variable AMENT_PREFIX_PATH doesn't exist
[0.319s] WARNING:colcon.colcon_ros.prefix_path.ament:The path '/home/doja/athena_ws/install/athena_interfaces' in the environment variable AMENT_PREFIX_PATH doesn't exist
[0.319s] WARNING:colcon.colcon_ros.prefix_path.ament:The path '/home/doja/athena_ws/install/athena_core' in the environment variable AMENT_PREFIX_PATH doesn't exist
[0.320s] WARNING:colcon.colcon_ros.prefix_path.catkin:The path '/home/doja/athena_ws/install/athena_interfaces' in the environment variable CMAKE_PREFIX_PATH doesn't exist
[0.321s] DEBUG:colcon.colcon_installed_package_information.package_discovery:Found 0 installed packages in /home/doja/athena_ws/install
[0.322s] DEBUG:colcon.colcon_installed_package_information.package_discovery:Found 287 installed packages in /opt/ros/jazzy
[0.324s] Level 1:colcon.colcon_core.package_discovery:discover_packages(prefix_path) using defaults
[0.393s] Level 5:colcon.colcon_core.verb:set package 'athena_bringup' build argument 'cmake_args' from command line to 'None'
[0.393s] Level 5:colcon.colcon_core.verb:set package 'athena_bringup' build argument 'cmake_target' from command line to 'None'
[0.393s] Level 5:colcon.colcon_core.verb:set package 'athena_bringup' build argument 'cmake_target_skip_unavailable' from command line to 'False'
[0.393s] Level 5:colcon.colcon_core.verb:set package 'athena_bringup' build argument 'cmake_clean_cache' from command line to 'False'
[0.393s] Level 5:colcon.colcon_core.verb:set package 'athena_bringup' build argument 'cmake_clean_first' from command line to 'False'
[0.393s] Level 5:colcon.colcon_core.verb:set package 'athena_bringup' build argument 'cmake_force_configure' from command line to 'False'
[0.393s] Level 5:colcon.colcon_core.verb:set package 'athena_bringup' build argument 'ament_cmake_args' from command line to 'None'
[0.393s] Level 5:colcon.colcon_core.verb:set package 'athena_bringup' build argument 'catkin_cmake_args' from command line to 'None'
[0.393s] Level 5:colcon.colcon_core.verb:set package 'athena_bringup' build argument 'catkin_skip_building_tests' from command line to 'False'
[0.393s] DEBUG:colcon.colcon_core.verb:Building package 'athena_bringup' with the following arguments: {'ament_cmake_args': None, 'build_base': '/home/doja/athena_ws/build/athena_bringup', 'catkin_cmake_args': None, 'catkin_skip_building_tests': False, 'cmake_args': None, 'cmake_clean_cache': False, 'cmake_clean_first': False, 'cmake_force_configure': False, 'cmake_target': None, 'cmake_target_skip_unavailable': False, 'install_base': '/home/doja/athena_ws/install/athena_bringup', 'merge_install': False, 'path': '/home/doja/athena_ws/src/athena_bringup', 'symlink_install': True, 'test_result_base': None}
[0.393s] Level 5:colcon.colcon_core.verb:set package 'athena_interfaces' build argument 'cmake_args' from command line to 'None'
[0.393s] Level 5:colcon.colcon_core.verb:set package 'athena_interfaces' build argument 'cmake_target' from command line to 'None'
[0.393s] Level 5:colcon.colcon_core.verb:set package 'athena_interfaces' build argument 'cmake_target_skip_unavailable' from command line to 'False'
[0.393s] Level 5:colcon.colcon_core.verb:set package 'athena_interfaces' build argument 'cmake_clean_cache' from command line to 'False'
[0.393s] Level 5:colcon.colcon_core.verb:set package 'athena_interfaces' build argument 'cmake_clean_first' from command line to 'False'
[0.393s] Level 5:colcon.colcon_core.verb:set package 'athena_interfaces' build argument 'cmake_force_configure' from command line to 'False'
[0.393s] Level 5:colcon.colcon_core.verb:set package 'athena_interfaces' build argument 'ament_cmake_args' from command line to 'None'
[0.393s] Level 5:colcon.colcon_core.verb:set package 'athena_interfaces' build argument 'catkin_cmake_args' from command line to 'None'
[0.393s] Level 5:colcon.colcon_core.verb:set package 'athena_interfaces' build argument 'catkin_skip_building_tests' from command line to 'False'
[0.393s] DEBUG:colcon.colcon_core.verb:Building package 'athena_interfaces' with the following arguments: {'ament_cmake_args': None, 'build_base': '/home/doja/athena_ws/build/athena_interfaces', 'catkin_cmake_args': None, 'catkin_skip_building_tests': False, 'cmake_args': None, 'cmake_clean_cache': False, 'cmake_clean_first': False, 'cmake_force_configure': False, 'cmake_target': None, 'cmake_target_skip_unavailable': False, 'install_base': '/home/doja/athena_ws/install/athena_interfaces', 'merge_install': False, 'path': '/home/doja/athena_ws/src/athena_interfaces', 'symlink_install': True, 'test_result_base': None}
[0.393s] Level 5:colcon.colcon_core.verb:set package 'athena_core' build argument 'cmake_args' from command line to 'None'
[0.393s] Level 5:colcon.colcon_core.verb:set package 'athena_core' build argument 'cmake_target' from command line to 'None'
[0.393s] Level 5:colcon.colcon_core.verb:set package 'athena_core' build argument 'cmake_target_skip_unavailable' from command line to 'False'
[0.393s] Level 5:colcon.colcon_core.verb:set package 'athena_core' build argument 'cmake_clean_cache' from command line to 'False'
[0.393s] Level 5:colcon.colcon_core.verb:set package 'athena_core' build argument 'cmake_clean_first' from command line to 'False'
[0.393s] Level 5:colcon.colcon_core.verb:set package 'athena_core' build argument 'cmake_force_configure' from command line to 'False'
[0.393s] Level 5:colcon.colcon_core.verb:set package 'athena_core' build argument 'ament_cmake_args' from command line to 'None'
[0.393s] Level 5:colcon.colcon_core.verb:set package 'athena_core' build argument 'catkin_cmake_args' from command line to 'None'
[0.393s] Level 5:colcon.colcon_core.verb:set package 'athena_core' build argument 'catkin_skip_building_tests' from command line to 'False'
[0.393s] DEBUG:colcon.colcon_core.verb:Building package 'athena_core' with the following arguments: {'ament_cmake_args': None, 'build_base': '/home/doja/athena_ws/build/athena_core', 'catkin_cmake_args': None, 'catkin_skip_building_tests': False, 'cmake_args': None, 'cmake_clean_cache': False, 'cmake_clean_first': False, 'cmake_force_configure': False, 'cmake_target': None, 'cmake_target_skip_unavailable': False, 'install_base': '/home/doja/athena_ws/install/athena_core', 'merge_install': False, 'path': '/home/doja/athena_ws/src/athena_core', 'symlink_install': True, 'test_result_base': None}
[0.394s] Level 5:colcon.colcon_core.verb:set package 'athena_health_manager' build argument 'cmake_args' from command line to 'None'
[0.394s] Level 5:colcon.colcon_core.verb:set package 'athena_health_manager' build argument 'cmake_target' from command line to 'None'
[0.394s] Level 5:colcon.colcon_core.verb:set package 'athena_health_manager' build argument 'cmake_target_skip_unavailable' from command line to 'False'
[0.394s] Level 5:colcon.colcon_core.verb:set package 'athena_health_manager' build argument 'cmake_clean_cache' from command line to 'False'
[0.394s] Level 5:colcon.colcon_core.verb:set package 'athena_health_manager' build argument 'cmake_clean_first' from command line to 'False'
[0.394s] Level 5:colcon.colcon_core.verb:set package 'athena_health_manager' build argument 'cmake_force_configure' from command line to 'False'
[0.394s] Level 5:colcon.colcon_core.verb:set package 'athena_health_manager' build argument 'ament_cmake_args' from command line to 'None'
[0.394s] Level 5:colcon.colcon_core.verb:set package 'athena_health_manager' build argument 'catkin_cmake_args' from command line to 'None'
[0.394s] Level 5:colcon.colcon_core.verb:set package 'athena_health_manager' build argument 'catkin_skip_building_tests' from command line to 'False'
[0.394s] DEBUG:colcon.colcon_core.verb:Building package 'athena_health_manager' with the following arguments: {'ament_cmake_args': None, 'build_base': '/home/doja/athena_ws/build/athena_health_manager', 'catkin_cmake_args': None, 'catkin_skip_building_tests': False, 'cmake_args': None, 'cmake_clean_cache': False, 'cmake_clean_first': False, 'cmake_force_configure': False, 'cmake_target': None, 'cmake_target_skip_unavailable': False, 'install_base': '/home/doja/athena_ws/install/athena_health_manager', 'merge_install': False, 'path': '/home/doja/athena_ws/src/athena_health_manager', 'symlink_install': True, 'test_result_base': None}
[0.394s] INFO:colcon.colcon_core.executor:Executing jobs using 'parallel' executor
[0.395s] DEBUG:colcon.colcon_parallel_executor.executor.parallel:run_until_complete
[0.395s] INFO:colcon.colcon_ros.task.ament_cmake.build:Building ROS package in '/home/doja/athena_ws/src/athena_interfaces' with build type 'ament_cmake'
[0.395s] INFO:colcon.colcon_cmake.task.cmake.build:Building CMake package in '/home/doja/athena_ws/src/athena_interfaces'
[0.400s] INFO:colcon.colcon_core.plugin_system:Skipping extension 'colcon_core.shell.bat': Not used on non-Windows systems
[0.400s] INFO:colcon.colcon_core.shell:Skip shell extension 'powershell' for command environment: Not usable outside of PowerShell
[0.400s] DEBUG:colcon.colcon_core.shell:Skip shell extension 'dsv' for command environment
[0.403s] INFO:colcon.colcon_ros.task.ament_python.build:Building ROS package in '/home/doja/athena_ws/src/athena_bringup' with build type 'ament_python'
[0.403s] Level 1:colcon.colcon_core.shell:create_environment_hook('athena_bringup', 'ament_prefix_path')
[0.403s] INFO:colcon.colcon_core.shell:Creating environment hook '/home/doja/athena_ws/install/athena_bringup/share/athena_bringup/hook/ament_prefix_path.ps1'
[0.404s] INFO:colcon.colcon_core.shell:Creating environment descriptor '/home/doja/athena_ws/install/athena_bringup/share/athena_bringup/hook/ament_prefix_path.dsv'
[0.406s] INFO:colcon.colcon_core.shell:Creating environment hook '/home/doja/athena_ws/install/athena_bringup/share/athena_bringup/hook/ament_prefix_path.sh'
[0.407s] INFO:colcon.colcon_core.shell:Skip shell extension 'powershell' for command environment: Not usable outside of PowerShell
[0.407s] DEBUG:colcon.colcon_core.shell:Skip shell extension 'dsv' for command environment
[0.412s] DEBUG:colcon.colcon_core.event_handler.log_command:Invoking command in '/home/doja/athena_ws/build/athena_interfaces': CMAKE_PREFIX_PATH=${CMAKE_PREFIX_PATH}:/home/doja/athena_ws/install/athena_health_manager:/home/doja/athena_ws/install/athena_core:/home/doja/athena_ws/install/athena_bringup:/opt/ros/jazzy /usr/bin/cmake --build /home/doja/athena_ws/build/athena_interfaces -- -j12 -l12
[0.589s] INFO:colcon.colcon_core.task.python.build:Building Python package in '/home/doja/athena_ws/src/athena_bringup'
[0.589s] INFO:colcon.colcon_core.shell:Skip shell extension 'powershell' for command environment: Not usable outside of PowerShell
[0.590s] DEBUG:colcon.colcon_core.shell:Skip shell extension 'dsv' for command environment
[0.747s] DEBUG:colcon.colcon_core.event_handler.log_command:Invoked command in '/home/doja/athena_ws/build/athena_interfaces' returned '0': CMAKE_PREFIX_PATH=${CMAKE_PREFIX_PATH}:/home/doja/athena_ws/install/athena_health_manager:/home/doja/athena_ws/install/athena_core:/home/doja/athena_ws/install/athena_bringup:/opt/ros/jazzy /usr/bin/cmake --build /home/doja/athena_ws/build/athena_interfaces -- -j12 -l12
[0.754s] DEBUG:colcon.colcon_core.event_handler.log_command:Invoking command in '/home/doja/athena_ws/build/athena_interfaces': CMAKE_PREFIX_PATH=${CMAKE_PREFIX_PATH}:/home/doja/athena_ws/install/athena_health_manager:/home/doja/athena_ws/install/athena_core:/home/doja/athena_ws/install/athena_bringup:/opt/ros/jazzy /usr/bin/cmake --install /home/doja/athena_ws/build/athena_interfaces
[1.228s] DEBUG:colcon.colcon_core.task.python.build:Available setuptools commands: build, init_catalog, install_scripts, check, dist_info, register, build_ext, saveopts, upload_docs, install, bdist_dumb, editable_wheel, symlink_data, build_clib, bdist_egg, build_scripts, install_lib, bdist, develop, sdist, install_data, egg_info, update_catalog, easy_install, clean, rotate, upload, install_egg_info, setopt, build_py, install_headers, compile_catalog, alias, test, extract_messages, bdist_rpm
[1.413s] Level 1:colcon.colcon_core.environment:create_environment_scripts_only(athena_interfaces)
[1.413s] DEBUG:colcon.colcon_core.event_handler.log_command:Invoked command in '/home/doja/athena_ws/build/athena_interfaces' returned '0': CMAKE_PREFIX_PATH=${CMAKE_PREFIX_PATH}:/home/doja/athena_ws/install/athena_health_manager:/home/doja/athena_ws/install/athena_core:/home/doja/athena_ws/install/athena_bringup:/opt/ros/jazzy /usr/bin/cmake --install /home/doja/athena_ws/build/athena_interfaces
[1.418s] Level 1:colcon.colcon_core.environment:checking '/home/doja/athena_ws/install/athena_interfaces' for CMake module files
[1.418s] Level 1:colcon.colcon_core.environment:checking '/home/doja/athena_ws/install/athena_interfaces' for CMake config files
[1.419s] Level 1:colcon.colcon_core.shell:create_environment_hook('athena_interfaces', 'cmake_prefix_path')
[1.419s] INFO:colcon.colcon_core.shell:Creating environment hook '/home/doja/athena_ws/install/athena_interfaces/share/athena_interfaces/hook/cmake_prefix_path.ps1'
[1.419s] INFO:colcon.colcon_core.shell:Creating environment descriptor '/home/doja/athena_ws/install/athena_interfaces/share/athena_interfaces/hook/cmake_prefix_path.dsv'
[1.419s] INFO:colcon.colcon_core.shell:Creating environment hook '/home/doja/athena_ws/install/athena_interfaces/share/athena_interfaces/hook/cmake_prefix_path.sh'
[1.420s] Level 1:colcon.colcon_core.environment:checking '/home/doja/athena_ws/install/athena_interfaces/lib'
[1.420s] Level 1:colcon.colcon_core.shell:create_environment_hook('athena_interfaces', 'ld_library_path_lib')
[1.420s] INFO:colcon.colcon_core.shell:Creating environment hook '/home/doja/athena_ws/install/athena_interfaces/share/athena_interfaces/hook/ld_library_path_lib.ps1'
[1.420s] INFO:colcon.colcon_core.shell:Creating environment descriptor '/home/doja/athena_ws/install/athena_interfaces/share/athena_interfaces/hook/ld_library_path_lib.dsv'
[1.420s] INFO:colcon.colcon_core.shell:Creating environment hook '/home/doja/athena_ws/install/athena_interfaces/share/athena_interfaces/hook/ld_library_path_lib.sh'
[1.421s] Level 1:colcon.colcon_core.environment:checking '/home/doja/athena_ws/install/athena_interfaces/bin'
[1.421s] Level 1:colcon.colcon_core.environment:checking '/home/doja/athena_ws/install/athena_interfaces/lib/pkgconfig/athena_interfaces.pc'
[1.421s] Level 1:colcon.colcon_core.environment:checking '/home/doja/athena_ws/install/athena_interfaces/lib/python3.12/site-packages'
[1.421s] Level 1:colcon.colcon_core.shell:create_environment_hook('athena_interfaces', 'pythonpath')
[1.421s] INFO:colcon.colcon_core.shell:Creating environment hook '/home/doja/athena_ws/install/athena_interfaces/share/athena_interfaces/hook/pythonpath.ps1'
[1.421s] INFO:colcon.colcon_core.shell:Creating environment descriptor '/home/doja/athena_ws/install/athena_interfaces/share/athena_interfaces/hook/pythonpath.dsv'
[1.422s] INFO:colcon.colcon_core.shell:Creating environment hook '/home/doja/athena_ws/install/athena_interfaces/share/athena_interfaces/hook/pythonpath.sh'
[1.422s] Level 1:colcon.colcon_core.environment:checking '/home/doja/athena_ws/install/athena_interfaces/bin'
[1.422s] INFO:colcon.colcon_core.shell:Creating package script '/home/doja/athena_ws/install/athena_interfaces/share/athena_interfaces/package.ps1'
[1.423s] INFO:colcon.colcon_core.shell:Creating package descriptor '/home/doja/athena_ws/install/athena_interfaces/share/athena_interfaces/package.dsv'
[1.424s] INFO:colcon.colcon_core.shell:Creating package script '/home/doja/athena_ws/install/athena_interfaces/share/athena_interfaces/package.sh'
[1.425s] INFO:colcon.colcon_core.shell:Creating package script '/home/doja/athena_ws/install/athena_interfaces/share/athena_interfaces/package.bash'
[1.426s] INFO:colcon.colcon_core.shell:Creating package script '/home/doja/athena_ws/install/athena_interfaces/share/athena_interfaces/package.zsh'
[1.426s] Level 1:colcon.colcon_core.environment:create_file_with_runtime_dependencies(/home/doja/athena_ws/install/athena_interfaces/share/colcon-core/packages/athena_interfaces)
[1.427s] Level 1:colcon.colcon_core.environment:create_environment_scripts_only(athena_interfaces)
[1.427s] Level 1:colcon.colcon_core.environment:checking '/home/doja/athena_ws/install/athena_interfaces' for CMake module files
[1.427s] Level 1:colcon.colcon_core.environment:checking '/home/doja/athena_ws/install/athena_interfaces' for CMake config files
[1.428s] Level 1:colcon.colcon_core.shell:create_environment_hook('athena_interfaces', 'cmake_prefix_path')
[1.428s] INFO:colcon.colcon_core.shell:Creating environment hook '/home/doja/athena_ws/install/athena_interfaces/share/athena_interfaces/hook/cmake_prefix_path.ps1'
[1.428s] INFO:colcon.colcon_core.shell:Creating environment descriptor '/home/doja/athena_ws/install/athena_interfaces/share/athena_interfaces/hook/cmake_prefix_path.dsv'
[1.429s] INFO:colcon.colcon_core.shell:Creating environment hook '/home/doja/athena_ws/install/athena_interfaces/share/athena_interfaces/hook/cmake_prefix_path.sh'
[1.429s] Level 1:colcon.colcon_core.environment:checking '/home/doja/athena_ws/install/athena_interfaces/lib'
[1.429s] Level 1:colcon.colcon_core.shell:create_environment_hook('athena_interfaces', 'ld_library_path_lib')
[1.430s] INFO:colcon.colcon_core.shell:Creating environment hook '/home/doja/athena_ws/install/athena_interfaces/share/athena_interfaces/hook/ld_library_path_lib.ps1'
[1.430s] INFO:colcon.colcon_core.shell:Creating environment descriptor '/home/doja/athena_ws/install/athena_interfaces/share/athena_interfaces/hook/ld_library_path_lib.dsv'
[1.430s] INFO:colcon.colcon_core.shell:Creating environment hook '/home/doja/athena_ws/install/athena_interfaces/share/athena_interfaces/hook/ld_library_path_lib.sh'
[1.430s] Level 1:colcon.colcon_core.environment:checking '/home/doja/athena_ws/install/athena_interfaces/bin'
[1.430s] Level 1:colcon.colcon_core.environment:checking '/home/doja/athena_ws/install/athena_interfaces/lib/pkgconfig/athena_interfaces.pc'
[1.430s] Level 1:colcon.colcon_core.environment:checking '/home/doja/athena_ws/install/athena_interfaces/lib/python3.12/site-packages'
[1.430s] Level 1:colcon.colcon_core.shell:create_environment_hook('athena_interfaces', 'pythonpath')
[1.431s] INFO:colcon.colcon_core.shell:Creating environment hook '/home/doja/athena_ws/install/athena_interfaces/share/athena_interfaces/hook/pythonpath.ps1'
[1.431s] INFO:colcon.colcon_core.shell:Creating environment descriptor '/home/doja/athena_ws/install/athena_interfaces/share/athena_interfaces/hook/pythonpath.dsv'
[1.431s] INFO:colcon.colcon_core.shell:Creating environment hook '/home/doja/athena_ws/install/athena_interfaces/share/athena_interfaces/hook/pythonpath.sh'
[1.431s] Level 1:colcon.colcon_core.environment:checking '/home/doja/athena_ws/install/athena_interfaces/bin'
[1.432s] INFO:colcon.colcon_core.shell:Creating package script '/home/doja/athena_ws/install/athena_interfaces/share/athena_interfaces/package.ps1'
[1.432s] INFO:colcon.colcon_core.shell:Creating package descriptor '/home/doja/athena_ws/install/athena_interfaces/share/athena_interfaces/package.dsv'
[1.433s] INFO:colcon.colcon_core.shell:Creating package script '/home/doja/athena_ws/install/athena_interfaces/share/athena_interfaces/package.sh'
[1.433s] INFO:colcon.colcon_core.shell:Creating package script '/home/doja/athena_ws/install/athena_interfaces/share/athena_interfaces/package.bash'
[1.434s] INFO:colcon.colcon_core.shell:Creating package script '/home/doja/athena_ws/install/athena_interfaces/share/athena_interfaces/package.zsh'
[1.434s] Level 1:colcon.colcon_core.environment:create_file_with_runtime_dependencies(/home/doja/athena_ws/install/athena_interfaces/share/colcon-core/packages/athena_interfaces)
[1.434s] INFO:colcon.colcon_ros.task.ament_python.build:Building ROS package in '/home/doja/athena_ws/src/athena_core' with build type 'ament_python'
[1.435s] Level 1:colcon.colcon_core.shell:create_environment_hook('athena_core', 'ament_prefix_path')
[1.435s] INFO:colcon.colcon_core.shell:Creating environment hook '/home/doja/athena_ws/install/athena_core/share/athena_core/hook/ament_prefix_path.ps1'
[1.436s] INFO:colcon.colcon_core.shell:Creating environment descriptor '/home/doja/athena_ws/install/athena_core/share/athena_core/hook/ament_prefix_path.dsv'
[1.436s] INFO:colcon.colcon_core.shell:Creating environment hook '/home/doja/athena_ws/install/athena_core/share/athena_core/hook/ament_prefix_path.sh'
[1.436s] INFO:colcon.colcon_core.shell:Skip shell extension 'powershell' for command environment: Not usable outside of PowerShell
[1.436s] DEBUG:colcon.colcon_core.shell:Skip shell extension 'dsv' for command environment
[1.439s] INFO:colcon.colcon_ros.task.ament_python.build:Building ROS package in '/home/doja/athena_ws/src/athena_health_manager' with build type 'ament_python'
[1.439s] Level 1:colcon.colcon_core.shell:create_environment_hook('athena_health_manager', 'ament_prefix_path')
[1.439s] INFO:colcon.colcon_core.shell:Creating environment hook '/home/doja/athena_ws/install/athena_health_manager/share/athena_health_manager/hook/ament_prefix_path.ps1'
[1.440s] INFO:colcon.colcon_core.shell:Creating environment descriptor '/home/doja/athena_ws/install/athena_health_manager/share/athena_health_manager/hook/ament_prefix_path.dsv'
[1.441s] INFO:colcon.colcon_core.shell:Creating environment hook '/home/doja/athena_ws/install/athena_health_manager/share/athena_health_manager/hook/ament_prefix_path.sh'
[1.441s] INFO:colcon.colcon_core.shell:Skip shell extension 'powershell' for command environment: Not usable outside of PowerShell
[1.441s] DEBUG:colcon.colcon_core.shell:Skip shell extension 'dsv' for command environment
[1.461s] DEBUG:colcon.colcon_core.task.python.build:Available setuptools 'develop' options: --uninstall, --quiet, --multi-version, --install-layout, --no-find-links, --allow-hosts, --always-unzip, --record, --verbose, --user, --zip-ok, --prefix, --dry-run, --script-dir, --version, --always-copy, --local-snapshots-ok, --index-url, --site-dirs, --force-installation-into-system-dir, --build-directory, --no-user-cfg, --editable, --optimize, --find-links, --upgrade, --no-deps, --install-dir, --help, --exclude-scripts, --egg-path
[1.463s] DEBUG:colcon.colcon_core.event_handler.log_command:Invoking command in '/home/doja/athena_ws/build/athena_bringup': PYTHONPATH=/home/doja/athena_ws/build/athena_bringup/prefix_override:/usr/lib/python3/dist-packages/colcon_core/task/python/colcon_distutils_commands:/home/doja/athena_ws/install/athena_bringup/lib/python3.12/site-packages:${PYTHONPATH} /usr/bin/python3 -W ignore:setup.py install is deprecated -W ignore:easy_install command is deprecated setup.py develop --editable --build-directory /home/doja/athena_ws/build/athena_bringup/build --no-deps symlink_data
[1.633s] INFO:colcon.colcon_core.task.python.build:Building Python package in '/home/doja/athena_ws/src/athena_core'
[1.633s] INFO:colcon.colcon_core.shell:Skip shell extension 'powershell' for command environment: Not usable outside of PowerShell
[1.633s] DEBUG:colcon.colcon_core.shell:Skip shell extension 'dsv' for command environment
[1.782s] INFO:colcon.colcon_core.task.python.build:Building Python package in '/home/doja/athena_ws/src/athena_health_manager'
[1.782s] INFO:colcon.colcon_core.shell:Skip shell extension 'powershell' for command environment: Not usable outside of PowerShell
[1.782s] DEBUG:colcon.colcon_core.shell:Skip shell extension 'dsv' for command environment
[1.873s] Level 1:colcon.colcon_core.shell:create_environment_hook('athena_bringup', 'pythonpath_develop')
[1.874s] INFO:colcon.colcon_core.shell:Creating environment hook '/home/doja/athena_ws/build/athena_bringup/share/athena_bringup/hook/pythonpath_develop.ps1'
[1.874s] DEBUG:colcon.colcon_core.event_handler.log_command:Invoked command in '/home/doja/athena_ws/build/athena_bringup' returned '0': PYTHONPATH=/home/doja/athena_ws/build/athena_bringup/prefix_override:/usr/lib/python3/dist-packages/colcon_core/task/python/colcon_distutils_commands:/home/doja/athena_ws/install/athena_bringup/lib/python3.12/site-packages:${PYTHONPATH} /usr/bin/python3 -W ignore:setup.py install is deprecated -W ignore:easy_install command is deprecated setup.py develop --editable --build-directory /home/doja/athena_ws/build/athena_bringup/build --no-deps symlink_data
[1.875s] INFO:colcon.colcon_core.shell:Creating environment descriptor '/home/doja/athena_ws/build/athena_bringup/share/athena_bringup/hook/pythonpath_develop.dsv'
[1.875s] INFO:colcon.colcon_core.shell:Creating environment hook '/home/doja/athena_ws/build/athena_bringup/share/athena_bringup/hook/pythonpath_develop.sh'
[1.875s] Level 1:colcon.colcon_core.environment:checking '/home/doja/athena_ws/install/athena_bringup' for CMake module files
[1.876s] Level 1:colcon.colcon_core.environment:checking '/home/doja/athena_ws/install/athena_bringup' for CMake config files
[1.876s] Level 1:colcon.colcon_core.environment:checking '/home/doja/athena_ws/install/athena_bringup/lib'
[1.876s] Level 1:colcon.colcon_core.environment:checking '/home/doja/athena_ws/install/athena_bringup/bin'
[1.876s] Level 1:colcon.colcon_core.environment:checking '/home/doja/athena_ws/install/athena_bringup/lib/pkgconfig/athena_bringup.pc'
[1.876s] Level 1:colcon.colcon_core.environment:checking '/home/doja/athena_ws/install/athena_bringup/lib/python3.12/site-packages'
[1.877s] Level 1:colcon.colcon_core.shell:create_environment_hook('athena_bringup', 'pythonpath')
[1.877s] INFO:colcon.colcon_core.shell:Creating environment hook '/home/doja/athena_ws/install/athena_bringup/share/athena_bringup/hook/pythonpath.ps1'
[1.877s] INFO:colcon.colcon_core.shell:Creating environment descriptor '/home/doja/athena_ws/install/athena_bringup/share/athena_bringup/hook/pythonpath.dsv'
[1.877s] INFO:colcon.colcon_core.shell:Creating environment hook '/home/doja/athena_ws/install/athena_bringup/share/athena_bringup/hook/pythonpath.sh'
[1.878s] Level 1:colcon.colcon_core.environment:checking '/home/doja/athena_ws/install/athena_bringup/bin'
[1.878s] Level 1:colcon.colcon_core.environment:create_environment_scripts_only(athena_bringup)
[1.878s] INFO:colcon.colcon_core.shell:Creating package script '/home/doja/athena_ws/install/athena_bringup/share/athena_bringup/package.ps1'
[1.878s] INFO:colcon.colcon_core.shell:Creating package descriptor '/home/doja/athena_ws/install/athena_bringup/share/athena_bringup/package.dsv'
[1.878s] INFO:colcon.colcon_core.shell:Creating package script '/home/doja/athena_ws/install/athena_bringup/share/athena_bringup/package.sh'
[1.879s] INFO:colcon.colcon_core.shell:Creating package script '/home/doja/athena_ws/install/athena_bringup/share/athena_bringup/package.bash'
[1.879s] INFO:colcon.colcon_core.shell:Creating package script '/home/doja/athena_ws/install/athena_bringup/share/athena_bringup/package.zsh'
[1.879s] Level 1:colcon.colcon_core.environment:create_file_with_runtime_dependencies(/home/doja/athena_ws/install/athena_bringup/share/colcon-core/packages/athena_bringup)
[2.140s] DEBUG:colcon.colcon_core.task.python.build:Available setuptools commands: build, init_catalog, install_scripts, check, dist_info, register, build_ext, saveopts, upload_docs, install, bdist_dumb, editable_wheel, symlink_data, build_clib, bdist_egg, build_scripts, install_lib, bdist, develop, sdist, install_data, egg_info, update_catalog, easy_install, clean, rotate, upload, install_egg_info, setopt, build_py, install_headers, compile_catalog, alias, test, extract_messages, bdist_rpm
[2.255s] DEBUG:colcon.colcon_core.task.python.build:Available setuptools commands: build, init_catalog, install_scripts, check, dist_info, register, build_ext, saveopts, upload_docs, install, bdist_dumb, editable_wheel, symlink_data, build_clib, bdist_egg, build_scripts, install_lib, bdist, develop, sdist, install_data, egg_info, update_catalog, easy_install, clean, rotate, upload, install_egg_info, setopt, build_py, install_headers, compile_catalog, alias, test, extract_messages, bdist_rpm
[2.350s] DEBUG:colcon.colcon_core.task.python.build:Available setuptools 'develop' options: --uninstall, --quiet, --multi-version, --install-layout, --no-find-links, --allow-hosts, --always-unzip, --record, --verbose, --user, --zip-ok, --prefix, --dry-run, --script-dir, --version, --always-copy, --local-snapshots-ok, --index-url, --site-dirs, --force-installation-into-system-dir, --build-directory, --no-user-cfg, --editable, --optimize, --find-links, --upgrade, --no-deps, --install-dir, --help, --exclude-scripts, --egg-path
[2.352s] DEBUG:colcon.colcon_core.event_handler.log_command:Invoking command in '/home/doja/athena_ws/build/athena_core': PYTHONPATH=/home/doja/athena_ws/build/athena_core/prefix_override:/usr/lib/python3/dist-packages/colcon_core/task/python/colcon_distutils_commands:/home/doja/athena_ws/install/athena_core/lib/python3.12/site-packages:/home/doja/athena_ws/install/athena_interfaces/lib/python3.12/site-packages:/home/doja/athena_ws/build/athena_health_manager:/home/doja/athena_ws/install/athena_health_manager/lib/python3.12/site-packages:/home/doja/athena_ws/build/athena_core:/home/doja/athena_ws/build/athena_bringup:/home/doja/athena_ws/install/athena_core/lib/python3.12/site-packages:/home/doja/athena_ws/install/athena_bringup/lib/python3.12/site-packages:/opt/ros/jazzy/lib/python3.12/site-packages /usr/bin/python3 -W ignore:setup.py install is deprecated -W ignore:easy_install command is deprecated setup.py develop --editable --build-directory /home/doja/athena_ws/build/athena_core/build --no-deps symlink_data
[2.461s] DEBUG:colcon.colcon_core.task.python.build:Available setuptools 'develop' options: --uninstall, --quiet, --multi-version, --install-layout, --no-find-links, --allow-hosts, --always-unzip, --record, --verbose, --user, --zip-ok, --prefix, --dry-run, --script-dir, --version, --always-copy, --local-snapshots-ok, --index-url, --site-dirs, --force-installation-into-system-dir, --build-directory, --no-user-cfg, --editable, --optimize, --find-links, --upgrade, --no-deps, --install-dir, --help, --exclude-scripts, --egg-path
[2.463s] DEBUG:colcon.colcon_core.event_handler.log_command:Invoking command in '/home/doja/athena_ws/build/athena_health_manager': PYTHONPATH=/home/doja/athena_ws/build/athena_health_manager/prefix_override:/usr/lib/python3/dist-packages/colcon_core/task/python/colcon_distutils_commands:/home/doja/athena_ws/install/athena_health_manager/lib/python3.12/site-packages:/home/doja/athena_ws/install/athena_interfaces/lib/python3.12/site-packages:/home/doja/athena_ws/build/athena_health_manager:/home/doja/athena_ws/install/athena_health_manager/lib/python3.12/site-packages:/home/doja/athena_ws/build/athena_core:/home/doja/athena_ws/build/athena_bringup:/home/doja/athena_ws/install/athena_core/lib/python3.12/site-packages:/home/doja/athena_ws/install/athena_bringup/lib/python3.12/site-packages:/opt/ros/jazzy/lib/python3.12/site-packages /usr/bin/python3 -W ignore:setup.py install is deprecated -W ignore:easy_install command is deprecated setup.py develop --editable --build-directory /home/doja/athena_ws/build/athena_health_manager/build --no-deps symlink_data
[2.718s] Level 1:colcon.colcon_core.shell:create_environment_hook('athena_core', 'pythonpath_develop')
[2.718s] INFO:colcon.colcon_core.shell:Creating environment hook '/home/doja/athena_ws/build/athena_core/share/athena_core/hook/pythonpath_develop.ps1'
[2.719s] DEBUG:colcon.colcon_core.event_handler.log_command:Invoked command in '/home/doja/athena_ws/build/athena_core' returned '0': PYTHONPATH=/home/doja/athena_ws/build/athena_core/prefix_override:/usr/lib/python3/dist-packages/colcon_core/task/python/colcon_distutils_commands:/home/doja/athena_ws/install/athena_core/lib/python3.12/site-packages:/home/doja/athena_ws/install/athena_interfaces/lib/python3.12/site-packages:/home/doja/athena_ws/build/athena_health_manager:/home/doja/athena_ws/install/athena_health_manager/lib/python3.12/site-packages:/home/doja/athena_ws/build/athena_core:/home/doja/athena_ws/build/athena_bringup:/home/doja/athena_ws/install/athena_core/lib/python3.12/site-packages:/home/doja/athena_ws/install/athena_bringup/lib/python3.12/site-packages:/opt/ros/jazzy/lib/python3.12/site-packages /usr/bin/python3 -W ignore:setup.py install is deprecated -W ignore:easy_install command is deprecated setup.py develop --editable --build-directory /home/doja/athena_ws/build/athena_core/build --no-deps symlink_data
[2.719s] INFO:colcon.colcon_core.shell:Creating environment descriptor '/home/doja/athena_ws/build/athena_core/share/athena_core/hook/pythonpath_develop.dsv'
[2.719s] INFO:colcon.colcon_core.shell:Creating environment hook '/home/doja/athena_ws/build/athena_core/share/athena_core/hook/pythonpath_develop.sh'
[2.719s] Level 1:colcon.colcon_core.environment:checking '/home/doja/athena_ws/install/athena_core' for CMake module files
[2.720s] Level 1:colcon.colcon_core.environment:checking '/home/doja/athena_ws/install/athena_core' for CMake config files
[2.720s] Level 1:colcon.colcon_core.environment:checking '/home/doja/athena_ws/install/athena_core/lib'
[2.720s] Level 1:colcon.colcon_core.environment:checking '/home/doja/athena_ws/install/athena_core/bin'
[2.720s] Level 1:colcon.colcon_core.environment:checking '/home/doja/athena_ws/install/athena_core/lib/pkgconfig/athena_core.pc'
[2.720s] Level 1:colcon.colcon_core.environment:checking '/home/doja/athena_ws/install/athena_core/lib/python3.12/site-packages'
[2.720s] Level 1:colcon.colcon_core.shell:create_environment_hook('athena_core', 'pythonpath')
[2.720s] INFO:colcon.colcon_core.shell:Creating environment hook '/home/doja/athena_ws/install/athena_core/share/athena_core/hook/pythonpath.ps1'
[2.721s] INFO:colcon.colcon_core.shell:Creating environment descriptor '/home/doja/athena_ws/install/athena_core/share/athena_core/hook/pythonpath.dsv'
[2.721s] INFO:colcon.colcon_core.shell:Creating environment hook '/home/doja/athena_ws/install/athena_core/share/athena_core/hook/pythonpath.sh'
[2.721s] Level 1:colcon.colcon_core.environment:checking '/home/doja/athena_ws/install/athena_core/bin'
[2.721s] Level 1:colcon.colcon_core.environment:create_environment_scripts_only(athena_core)
[2.721s] INFO:colcon.colcon_core.shell:Creating package script '/home/doja/athena_ws/install/athena_core/share/athena_core/package.ps1'
[2.722s] INFO:colcon.colcon_core.shell:Creating package descriptor '/home/doja/athena_ws/install/athena_core/share/athena_core/package.dsv'
[2.722s] INFO:colcon.colcon_core.shell:Creating package script '/home/doja/athena_ws/install/athena_core/share/athena_core/package.sh'
[2.722s] INFO:colcon.colcon_core.shell:Creating package script '/home/doja/athena_ws/install/athena_core/share/athena_core/package.bash'
[2.722s] INFO:colcon.colcon_core.shell:Creating package script '/home/doja/athena_ws/install/athena_core/share/athena_core/package.zsh'
[2.722s] Level 1:colcon.colcon_core.environment:create_file_with_runtime_dependencies(/home/doja/athena_ws/install/athena_core/share/colcon-core/packages/athena_core)
[2.828s] Level 1:colcon.colcon_core.shell:create_environment_hook('athena_health_manager', 'pythonpath_develop')
[2.828s] INFO:colcon.colcon_core.shell:Creating environment hook '/home/doja/athena_ws/build/athena_health_manager/share/athena_health_manager/hook/pythonpath_develop.ps1'
[2.829s] DEBUG:colcon.colcon_core.event_handler.log_command:Invoked command in '/home/doja/athena_ws/build/athena_health_manager' returned '0': PYTHONPATH=/home/doja/athena_ws/build/athena_health_manager/prefix_override:/usr/lib/python3/dist-packages/colcon_core/task/python/colcon_distutils_commands:/home/doja/athena_ws/install/athena_health_manager/lib/python3.12/site-packages:/home/doja/athena_ws/install/athena_interfaces/lib/python3.12/site-packages:/home/doja/athena_ws/build/athena_health_manager:/home/doja/athena_ws/install/athena_health_manager/lib/python3.12/site-packages:/home/doja/athena_ws/build/athena_core:/home/doja/athena_ws/build/athena_bringup:/home/doja/athena_ws/install/athena_core/lib/python3.12/site-packages:/home/doja/athena_ws/install/athena_bringup/lib/python3.12/site-packages:/opt/ros/jazzy/lib/python3.12/site-packages /usr/bin/python3 -W ignore:setup.py install is deprecated -W ignore:easy_install command is deprecated setup.py develop --editable --build-directory /home/doja/athena_ws/build/athena_health_manager/build --no-deps symlink_data
[2.829s] INFO:colcon.colcon_core.shell:Creating environment descriptor '/home/doja/athena_ws/build/athena_health_manager/share/athena_health_manager/hook/pythonpath_develop.dsv'
[2.830s] INFO:colcon.colcon_core.shell:Creating environment hook '/home/doja/athena_ws/build/athena_health_manager/share/athena_health_manager/hook/pythonpath_develop.sh'
[2.830s] Level 1:colcon.colcon_core.environment:checking '/home/doja/athena_ws/install/athena_health_manager' for CMake module files
[2.830s] Level 1:colcon.colcon_core.environment:checking '/home/doja/athena_ws/install/athena_health_manager' for CMake config files
[2.830s] Level 1:colcon.colcon_core.environment:checking '/home/doja/athena_ws/install/athena_health_manager/lib'
[2.830s] Level 1:colcon.colcon_core.environment:checking '/home/doja/athena_ws/install/athena_health_manager/bin'
[2.830s] Level 1:colcon.colcon_core.environment:checking '/home/doja/athena_ws/install/athena_health_manager/lib/pkgconfig/athena_health_manager.pc'
[2.831s] Level 1:colcon.colcon_core.environment:checking '/home/doja/athena_ws/install/athena_health_manager/lib/python3.12/site-packages'
[2.831s] Level 1:colcon.colcon_core.shell:create_environment_hook('athena_health_manager', 'pythonpath')
[2.831s] INFO:colcon.colcon_core.shell:Creating environment hook '/home/doja/athena_ws/install/athena_health_manager/share/athena_health_manager/hook/pythonpath.ps1'
[2.831s] INFO:colcon.colcon_core.shell:Creating environment descriptor '/home/doja/athena_ws/install/athena_health_manager/share/athena_health_manager/hook/pythonpath.dsv'
[2.831s] INFO:colcon.colcon_core.shell:Creating environment hook '/home/doja/athena_ws/install/athena_health_manager/share/athena_health_manager/hook/pythonpath.sh'
[2.832s] Level 1:colcon.colcon_core.environment:checking '/home/doja/athena_ws/install/athena_health_manager/bin'
[2.832s] Level 1:colcon.colcon_core.environment:create_environment_scripts_only(athena_health_manager)
[2.832s] INFO:colcon.colcon_core.shell:Creating package script '/home/doja/athena_ws/install/athena_health_manager/share/athena_health_manager/package.ps1'
[2.832s] INFO:colcon.colcon_core.shell:Creating package descriptor '/home/doja/athena_ws/install/athena_health_manager/share/athena_health_manager/package.dsv'
[2.833s] INFO:colcon.colcon_core.shell:Creating package script '/home/doja/athena_ws/install/athena_health_manager/share/athena_health_manager/package.sh'
[2.833s] INFO:colcon.colcon_core.shell:Creating package script '/home/doja/athena_ws/install/athena_health_manager/share/athena_health_manager/package.bash'
[2.833s] INFO:colcon.colcon_core.shell:Creating package script '/home/doja/athena_ws/install/athena_health_manager/share/athena_health_manager/package.zsh'
[2.833s] Level 1:colcon.colcon_core.environment:create_file_with_runtime_dependencies(/home/doja/athena_ws/install/athena_health_manager/share/colcon-core/packages/athena_health_manager)
[2.834s] DEBUG:colcon.colcon_parallel_executor.executor.parallel:closing loop
[2.834s] DEBUG:colcon.colcon_parallel_executor.executor.parallel:loop closed
[2.834s] DEBUG:colcon.colcon_parallel_executor.executor.parallel:run_until_complete finished with '0'
[2.834s] DEBUG:colcon.colcon_core.event_reactor:joining thread
[2.871s] INFO:colcon.colcon_core.plugin_system:Skipping extension 'colcon_notification.desktop_notification.notify_send': Could not find 'notify-send'
[2.871s] INFO:colcon.colcon_core.plugin_system:Skipping extension 'colcon_notification.desktop_notification.terminal_notifier': Not used on non-Darwin systems
[2.871s] INFO:colcon.colcon_core.plugin_system:Skipping extension 'colcon_notification.desktop_notification.win32': Not used on non-Windows systems
[2.871s] INFO:colcon.colcon_notification.desktop_notification:Sending desktop notification using 'notify2'
[2.873s] DEBUG:colcon.colcon_notification.desktop_notification.notify2:Failed to initialize notify2: org.freedesktop.DBus.Error.ServiceUnknown: The name org.freedesktop.Notifications was not provided by any .service files
[2.873s] DEBUG:colcon.colcon_core.event_reactor:joined thread
[2.873s] INFO:colcon.colcon_core.shell:Creating prefix script '/home/doja/athena_ws/install/local_setup.ps1'
[2.874s] INFO:colcon.colcon_core.shell:Creating prefix util module '/home/doja/athena_ws/install/_local_setup_util_ps1.py'
[2.875s] INFO:colcon.colcon_core.shell:Creating prefix chain script '/home/doja/athena_ws/install/setup.ps1'
[2.876s] INFO:colcon.colcon_core.shell:Creating prefix script '/home/doja/athena_ws/install/local_setup.sh'
[2.876s] INFO:colcon.colcon_core.shell:Creating prefix util module '/home/doja/athena_ws/install/_local_setup_util_sh.py'
[2.877s] INFO:colcon.colcon_core.shell:Creating prefix chain script '/home/doja/athena_ws/install/setup.sh'
[2.878s] INFO:colcon.colcon_core.shell:Creating prefix script '/home/doja/athena_ws/install/local_setup.bash'
[2.878s] INFO:colcon.colcon_core.shell:Creating prefix chain script '/home/doja/athena_ws/install/setup.bash'
[2.879s] INFO:colcon.colcon_core.shell:Creating prefix script '/home/doja/athena_ws/install/local_setup.zsh'
[2.880s] INFO:colcon.colcon_core.shell:Creating prefix chain script '/home/doja/athena_ws/install/setup.zsh'
