[0.620s] DEBUG:colcon:Command line arguments: ['/usr/bin/colcon', 'build', '--symlink-install']
[0.621s] DEBUG:colcon:Parsed command line arguments: Namespace(log_base=None, log_level=None, verb_name='build', build_base='build', install_base='install', merge_install=False, symlink_install=True, test_result_base=None, continue_on_error=False, executor='parallel', parallel_workers=4, event_handlers=None, ignore_user_meta=False, metas=['./colcon.meta'], base_paths=['.'], packages_ignore=None, packages_ignore_regex=None, paths=None, packages_up_to=None, packages_up_to_regex=None, packages_above=None, packages_above_and_dependencies=None, packages_above_depth=None, packages_select_by_dep=None, packages_skip_by_dep=None, packages_skip_up_to=None, packages_select_build_failed=False, packages_skip_build_finished=False, packages_select_test_failures=False, packages_skip_test_passed=False, packages_select=None, packages_skip=None, packages_select_regex=None, packages_skip_regex=None, packages_start=None, packages_end=None, allow_overriding=[], cmake_args=None, cmake_target=None, cmake_target_skip_unavailable=False, cmake_clean_cache=False, cmake_clean_first=False, cmake_force_configure=False, ament_cmake_args=None, catkin_cmake_args=None, catkin_skip_building_tests=False, verb_parser=<colcon_defaults.argument_parser.defaults.DefaultArgumentsDecorator object at 0xffff9217d880>, verb_extension=<colcon_core.verb.build.BuildVerb object at 0xffff9232e2d0>, main=<bound method BuildVerb.main of <colcon_core.verb.build.BuildVerb object at 0xffff9232e2d0>>)
[0.934s] Level 1:colcon.colcon_core.package_discovery:discover_packages(colcon_meta) check parameters
[0.935s] Level 1:colcon.colcon_core.package_discovery:discover_packages(recursive) check parameters
[0.935s] Level 1:colcon.colcon_core.package_discovery:discover_packages(ignore) check parameters
[0.935s] Level 1:colcon.colcon_core.package_discovery:discover_packages(path) check parameters
[0.935s] Level 1:colcon.colcon_core.package_discovery:discover_packages(colcon_meta) discover
[0.935s] Level 1:colcon.colcon_core.package_discovery:discover_packages(recursive) discover
[0.936s] INFO:colcon.colcon_core.package_discovery:Crawling recursively for packages in '/home/athena-uav/Athena/Athena-UAV'
[0.936s] Level 1:colcon.colcon_core.package_identification:_identify(.) by extensions ['ignore', 'ignore_ament_install']
[0.936s] Level 1:colcon.colcon_core.package_identification:_identify(.) by extension 'ignore'
[0.937s] Level 1:colcon.colcon_core.package_identification:_identify(.) by extension 'ignore_ament_install'
[0.937s] Level 1:colcon.colcon_core.package_identification:_identify(.) by extensions ['colcon_pkg']
[0.937s] Level 1:colcon.colcon_core.package_identification:_identify(.) by extension 'colcon_pkg'
[0.937s] Level 1:colcon.colcon_core.package_identification:_identify(.) by extensions ['colcon_meta']
[0.937s] Level 1:colcon.colcon_core.package_identification:_identify(.) by extension 'colcon_meta'
[0.938s] Level 1:colcon.colcon_core.package_identification:_identify(.) by extensions ['ros']
[0.938s] Level 1:colcon.colcon_core.package_identification:_identify(.) by extension 'ros'
[1.121s] Level 1:colcon.colcon_core.package_identification:_identify(.) by extensions ['cmake', 'python']
[1.121s] Level 1:colcon.colcon_core.package_identification:_identify(.) by extension 'cmake'
[1.122s] Level 1:colcon.colcon_core.package_identification:_identify(.) by extension 'python'
[1.122s] Level 1:colcon.colcon_core.package_identification:_identify(.) by extensions ['python_setup_py']
[1.122s] Level 1:colcon.colcon_core.package_identification:_identify(.) by extension 'python_setup_py'
[1.122s] Level 1:colcon.colcon_core.package_identification:_identify(build) by extensions ['ignore', 'ignore_ament_install']
[1.123s] Level 1:colcon.colcon_core.package_identification:_identify(build) by extension 'ignore'
[1.123s] Level 1:colcon.colcon_core.package_identification:_identify(build) ignored
[1.124s] Level 1:colcon.colcon_core.package_identification:_identify(install) by extensions ['ignore', 'ignore_ament_install']
[1.124s] Level 1:colcon.colcon_core.package_identification:_identify(install) by extension 'ignore'
[1.124s] Level 1:colcon.colcon_core.package_identification:_identify(install) ignored
[1.125s] Level 1:colcon.colcon_core.package_identification:_identify(log) by extensions ['ignore', 'ignore_ament_install']
[1.126s] Level 1:colcon.colcon_core.package_identification:_identify(log) by extension 'ignore'
[1.126s] Level 1:colcon.colcon_core.package_identification:_identify(log) ignored
[1.127s] Level 1:colcon.colcon_core.package_identification:_identify(src) by extensions ['ignore', 'ignore_ament_install']
[1.127s] Level 1:colcon.colcon_core.package_identification:_identify(src) by extension 'ignore'
[1.128s] Level 1:colcon.colcon_core.package_identification:_identify(src) by extension 'ignore_ament_install'
[1.128s] Level 1:colcon.colcon_core.package_identification:_identify(src) by extensions ['colcon_pkg']
[1.129s] Level 1:colcon.colcon_core.package_identification:_identify(src) by extension 'colcon_pkg'
[1.130s] Level 1:colcon.colcon_core.package_identification:_identify(src) by extensions ['colcon_meta']
[1.130s] Level 1:colcon.colcon_core.package_identification:_identify(src) by extension 'colcon_meta'
[1.131s] Level 1:colcon.colcon_core.package_identification:_identify(src) by extensions ['ros']
[1.131s] Level 1:colcon.colcon_core.package_identification:_identify(src) by extension 'ros'
[1.132s] Level 1:colcon.colcon_core.package_identification:_identify(src) by extensions ['cmake', 'python']
[1.132s] Level 1:colcon.colcon_core.package_identification:_identify(src) by extension 'cmake'
[1.133s] Level 1:colcon.colcon_core.package_identification:_identify(src) by extension 'python'
[1.134s] Level 1:colcon.colcon_core.package_identification:_identify(src) by extensions ['python_setup_py']
[1.134s] Level 1:colcon.colcon_core.package_identification:_identify(src) by extension 'python_setup_py'
[1.134s] Level 1:colcon.colcon_core.package_identification:_identify(src/athena_bringup) by extensions ['ignore', 'ignore_ament_install']
[1.135s] Level 1:colcon.colcon_core.package_identification:_identify(src/athena_bringup) by extension 'ignore'
[1.135s] Level 1:colcon.colcon_core.package_identification:_identify(src/athena_bringup) by extension 'ignore_ament_install'
[1.135s] Level 1:colcon.colcon_core.package_identification:_identify(src/athena_bringup) by extensions ['colcon_pkg']
[1.135s] Level 1:colcon.colcon_core.package_identification:_identify(src/athena_bringup) by extension 'colcon_pkg'
[1.136s] Level 1:colcon.colcon_core.package_identification:_identify(src/athena_bringup) by extensions ['colcon_meta']
[1.136s] Level 1:colcon.colcon_core.package_identification:_identify(src/athena_bringup) by extension 'colcon_meta'
[1.136s] Level 1:colcon.colcon_core.package_identification:_identify(src/athena_bringup) by extensions ['ros']
[1.136s] Level 1:colcon.colcon_core.package_identification:_identify(src/athena_bringup) by extension 'ros'
[1.157s] DEBUG:colcon.colcon_core.package_identification:Package 'src/athena_bringup' with type 'ros.ament_python' and name 'athena_bringup'
[1.158s] Level 1:colcon.colcon_core.package_identification:_identify(src/athena_core) by extensions ['ignore', 'ignore_ament_install']
[1.158s] Level 1:colcon.colcon_core.package_identification:_identify(src/athena_core) by extension 'ignore'
[1.159s] Level 1:colcon.colcon_core.package_identification:_identify(src/athena_core) by extension 'ignore_ament_install'
[1.159s] Level 1:colcon.colcon_core.package_identification:_identify(src/athena_core) by extensions ['colcon_pkg']
[1.160s] Level 1:colcon.colcon_core.package_identification:_identify(src/athena_core) by extension 'colcon_pkg'
[1.160s] Level 1:colcon.colcon_core.package_identification:_identify(src/athena_core) by extensions ['colcon_meta']
[1.160s] Level 1:colcon.colcon_core.package_identification:_identify(src/athena_core) by extension 'colcon_meta'
[1.161s] Level 1:colcon.colcon_core.package_identification:_identify(src/athena_core) by extensions ['ros']
[1.161s] Level 1:colcon.colcon_core.package_identification:_identify(src/athena_core) by extension 'ros'
[1.165s] DEBUG:colcon.colcon_core.package_identification:Package 'src/athena_core' with type 'ros.ament_python' and name 'athena_core'
[1.166s] Level 1:colcon.colcon_core.package_identification:_identify(src/athena_health_manager) by extensions ['ignore', 'ignore_ament_install']
[1.167s] Level 1:colcon.colcon_core.package_identification:_identify(src/athena_health_manager) by extension 'ignore'
[1.167s] Level 1:colcon.colcon_core.package_identification:_identify(src/athena_health_manager) by extension 'ignore_ament_install'
[1.168s] Level 1:colcon.colcon_core.package_identification:_identify(src/athena_health_manager) by extensions ['colcon_pkg']
[1.168s] Level 1:colcon.colcon_core.package_identification:_identify(src/athena_health_manager) by extension 'colcon_pkg'
[1.169s] Level 1:colcon.colcon_core.package_identification:_identify(src/athena_health_manager) by extensions ['colcon_meta']
[1.169s] Level 1:colcon.colcon_core.package_identification:_identify(src/athena_health_manager) by extension 'colcon_meta'
[1.169s] Level 1:colcon.colcon_core.package_identification:_identify(src/athena_health_manager) by extensions ['ros']
[1.169s] Level 1:colcon.colcon_core.package_identification:_identify(src/athena_health_manager) by extension 'ros'
[1.173s] DEBUG:colcon.colcon_core.package_identification:Package 'src/athena_health_manager' with type 'ros.ament_python' and name 'athena_health_manager'
[1.173s] Level 1:colcon.colcon_core.package_identification:_identify(src/athena_interfaces) by extensions ['ignore', 'ignore_ament_install']
[1.173s] Level 1:colcon.colcon_core.package_identification:_identify(src/athena_interfaces) by extension 'ignore'
[1.174s] Level 1:colcon.colcon_core.package_identification:_identify(src/athena_interfaces) by extension 'ignore_ament_install'
[1.174s] Level 1:colcon.colcon_core.package_identification:_identify(src/athena_interfaces) by extensions ['colcon_pkg']
[1.174s] Level 1:colcon.colcon_core.package_identification:_identify(src/athena_interfaces) by extension 'colcon_pkg'
[1.175s] Level 1:colcon.colcon_core.package_identification:_identify(src/athena_interfaces) by extensions ['colcon_meta']
[1.175s] Level 1:colcon.colcon_core.package_identification:_identify(src/athena_interfaces) by extension 'colcon_meta'
[1.175s] Level 1:colcon.colcon_core.package_identification:_identify(src/athena_interfaces) by extensions ['ros']
[1.175s] Level 1:colcon.colcon_core.package_identification:_identify(src/athena_interfaces) by extension 'ros'
[1.179s] DEBUG:colcon.colcon_core.package_identification:Package 'src/athena_interfaces' with type 'ros.ament_cmake' and name 'athena_interfaces'
[1.179s] Level 1:colcon.colcon_core.package_discovery:discover_packages(recursive) using defaults
[1.180s] Level 1:colcon.colcon_core.package_discovery:discover_packages(ignore) discover
[1.180s] Level 1:colcon.colcon_core.package_discovery:discover_packages(ignore) using defaults
[1.181s] Level 1:colcon.colcon_core.package_discovery:discover_packages(path) discover
[1.181s] Level 1:colcon.colcon_core.package_discovery:discover_packages(path) using defaults
[1.306s] Level 1:colcon.colcon_core.package_discovery:discover_packages(prefix_path) check parameters
[1.307s] Level 1:colcon.colcon_core.package_discovery:discover_packages(prefix_path) discover
[1.328s] DEBUG:colcon.colcon_installed_package_information.package_discovery:Found 287 installed packages in /opt/ros/jazzy
[1.333s] Level 1:colcon.colcon_core.package_discovery:discover_packages(prefix_path) using defaults
[1.612s] Level 5:colcon.colcon_core.verb:set package 'athena_bringup' build argument 'cmake_args' from command line to 'None'
[1.613s] Level 5:colcon.colcon_core.verb:set package 'athena_bringup' build argument 'cmake_target' from command line to 'None'
[1.613s] Level 5:colcon.colcon_core.verb:set package 'athena_bringup' build argument 'cmake_target_skip_unavailable' from command line to 'False'
[1.613s] Level 5:colcon.colcon_core.verb:set package 'athena_bringup' build argument 'cmake_clean_cache' from command line to 'False'
[1.613s] Level 5:colcon.colcon_core.verb:set package 'athena_bringup' build argument 'cmake_clean_first' from command line to 'False'
[1.613s] Level 5:colcon.colcon_core.verb:set package 'athena_bringup' build argument 'cmake_force_configure' from command line to 'False'
[1.613s] Level 5:colcon.colcon_core.verb:set package 'athena_bringup' build argument 'ament_cmake_args' from command line to 'None'
[1.613s] Level 5:colcon.colcon_core.verb:set package 'athena_bringup' build argument 'catkin_cmake_args' from command line to 'None'
[1.613s] Level 5:colcon.colcon_core.verb:set package 'athena_bringup' build argument 'catkin_skip_building_tests' from command line to 'False'
[1.613s] DEBUG:colcon.colcon_core.verb:Building package 'athena_bringup' with the following arguments: {'ament_cmake_args': None, 'build_base': '/home/athena-uav/Athena/Athena-UAV/build/athena_bringup', 'catkin_cmake_args': None, 'catkin_skip_building_tests': False, 'cmake_args': None, 'cmake_clean_cache': False, 'cmake_clean_first': False, 'cmake_force_configure': False, 'cmake_target': None, 'cmake_target_skip_unavailable': False, 'install_base': '/home/athena-uav/Athena/Athena-UAV/install/athena_bringup', 'merge_install': False, 'path': '/home/athena-uav/Athena/Athena-UAV/src/athena_bringup', 'symlink_install': True, 'test_result_base': None}
[1.615s] Level 5:colcon.colcon_core.verb:set package 'athena_interfaces' build argument 'cmake_args' from command line to 'None'
[1.615s] Level 5:colcon.colcon_core.verb:set package 'athena_interfaces' build argument 'cmake_target' from command line to 'None'
[1.615s] Level 5:colcon.colcon_core.verb:set package 'athena_interfaces' build argument 'cmake_target_skip_unavailable' from command line to 'False'
[1.615s] Level 5:colcon.colcon_core.verb:set package 'athena_interfaces' build argument 'cmake_clean_cache' from command line to 'False'
[1.615s] Level 5:colcon.colcon_core.verb:set package 'athena_interfaces' build argument 'cmake_clean_first' from command line to 'False'
[1.615s] Level 5:colcon.colcon_core.verb:set package 'athena_interfaces' build argument 'cmake_force_configure' from command line to 'False'
[1.615s] Level 5:colcon.colcon_core.verb:set package 'athena_interfaces' build argument 'ament_cmake_args' from command line to 'None'
[1.615s] Level 5:colcon.colcon_core.verb:set package 'athena_interfaces' build argument 'catkin_cmake_args' from command line to 'None'
[1.616s] Level 5:colcon.colcon_core.verb:set package 'athena_interfaces' build argument 'catkin_skip_building_tests' from command line to 'False'
[1.616s] DEBUG:colcon.colcon_core.verb:Building package 'athena_interfaces' with the following arguments: {'ament_cmake_args': None, 'build_base': '/home/athena-uav/Athena/Athena-UAV/build/athena_interfaces', 'catkin_cmake_args': None, 'catkin_skip_building_tests': False, 'cmake_args': None, 'cmake_clean_cache': False, 'cmake_clean_first': False, 'cmake_force_configure': False, 'cmake_target': None, 'cmake_target_skip_unavailable': False, 'install_base': '/home/athena-uav/Athena/Athena-UAV/install/athena_interfaces', 'merge_install': False, 'path': '/home/athena-uav/Athena/Athena-UAV/src/athena_interfaces', 'symlink_install': True, 'test_result_base': None}
[1.617s] Level 5:colcon.colcon_core.verb:set package 'athena_core' build argument 'cmake_args' from command line to 'None'
[1.617s] Level 5:colcon.colcon_core.verb:set package 'athena_core' build argument 'cmake_target' from command line to 'None'
[1.617s] Level 5:colcon.colcon_core.verb:set package 'athena_core' build argument 'cmake_target_skip_unavailable' from command line to 'False'
[1.617s] Level 5:colcon.colcon_core.verb:set package 'athena_core' build argument 'cmake_clean_cache' from command line to 'False'
[1.617s] Level 5:colcon.colcon_core.verb:set package 'athena_core' build argument 'cmake_clean_first' from command line to 'False'
[1.617s] Level 5:colcon.colcon_core.verb:set package 'athena_core' build argument 'cmake_force_configure' from command line to 'False'
[1.617s] Level 5:colcon.colcon_core.verb:set package 'athena_core' build argument 'ament_cmake_args' from command line to 'None'
[1.618s] Level 5:colcon.colcon_core.verb:set package 'athena_core' build argument 'catkin_cmake_args' from command line to 'None'
[1.618s] Level 5:colcon.colcon_core.verb:set package 'athena_core' build argument 'catkin_skip_building_tests' from command line to 'False'
[1.618s] DEBUG:colcon.colcon_core.verb:Building package 'athena_core' with the following arguments: {'ament_cmake_args': None, 'build_base': '/home/athena-uav/Athena/Athena-UAV/build/athena_core', 'catkin_cmake_args': None, 'catkin_skip_building_tests': False, 'cmake_args': None, 'cmake_clean_cache': False, 'cmake_clean_first': False, 'cmake_force_configure': False, 'cmake_target': None, 'cmake_target_skip_unavailable': False, 'install_base': '/home/athena-uav/Athena/Athena-UAV/install/athena_core', 'merge_install': False, 'path': '/home/athena-uav/Athena/Athena-UAV/src/athena_core', 'symlink_install': True, 'test_result_base': None}
[1.619s] Level 5:colcon.colcon_core.verb:set package 'athena_health_manager' build argument 'cmake_args' from command line to 'None'
[1.619s] Level 5:colcon.colcon_core.verb:set package 'athena_health_manager' build argument 'cmake_target' from command line to 'None'
[1.619s] Level 5:colcon.colcon_core.verb:set package 'athena_health_manager' build argument 'cmake_target_skip_unavailable' from command line to 'False'
[1.619s] Level 5:colcon.colcon_core.verb:set package 'athena_health_manager' build argument 'cmake_clean_cache' from command line to 'False'
[1.620s] Level 5:colcon.colcon_core.verb:set package 'athena_health_manager' build argument 'cmake_clean_first' from command line to 'False'
[1.620s] Level 5:colcon.colcon_core.verb:set package 'athena_health_manager' build argument 'cmake_force_configure' from command line to 'False'
[1.620s] Level 5:colcon.colcon_core.verb:set package 'athena_health_manager' build argument 'ament_cmake_args' from command line to 'None'
[1.620s] Level 5:colcon.colcon_core.verb:set package 'athena_health_manager' build argument 'catkin_cmake_args' from command line to 'None'
[1.620s] Level 5:colcon.colcon_core.verb:set package 'athena_health_manager' build argument 'catkin_skip_building_tests' from command line to 'False'
[1.620s] DEBUG:colcon.colcon_core.verb:Building package 'athena_health_manager' with the following arguments: {'ament_cmake_args': None, 'build_base': '/home/athena-uav/Athena/Athena-UAV/build/athena_health_manager', 'catkin_cmake_args': None, 'catkin_skip_building_tests': False, 'cmake_args': None, 'cmake_clean_cache': False, 'cmake_clean_first': False, 'cmake_force_configure': False, 'cmake_target': None, 'cmake_target_skip_unavailable': False, 'install_base': '/home/athena-uav/Athena/Athena-UAV/install/athena_health_manager', 'merge_install': False, 'path': '/home/athena-uav/Athena/Athena-UAV/src/athena_health_manager', 'symlink_install': True, 'test_result_base': None}
[1.620s] INFO:colcon.colcon_core.executor:Executing jobs using 'parallel' executor
[1.624s] DEBUG:colcon.colcon_parallel_executor.executor.parallel:run_until_complete
[1.625s] INFO:colcon.colcon_ros.task.ament_cmake.build:Building ROS package in '/home/athena-uav/Athena/Athena-UAV/src/athena_interfaces' with build type 'ament_cmake'
[1.626s] INFO:colcon.colcon_cmake.task.cmake.build:Building CMake package in '/home/athena-uav/Athena/Athena-UAV/src/athena_interfaces'
[1.644s] INFO:colcon.colcon_core.plugin_system:Skipping extension 'colcon_core.shell.bat': Not used on non-Windows systems
[1.646s] INFO:colcon.colcon_core.shell:Skip shell extension 'powershell' for command environment: Not usable outside of PowerShell
[1.646s] DEBUG:colcon.colcon_core.shell:Skip shell extension 'dsv' for command environment
[1.665s] INFO:colcon.colcon_ros.task.ament_python.build:Building ROS package in '/home/athena-uav/Athena/Athena-UAV/src/athena_bringup' with build type 'ament_python'
[1.666s] Level 1:colcon.colcon_core.shell:create_environment_hook('athena_bringup', 'ament_prefix_path')
[1.666s] INFO:colcon.colcon_core.shell:Creating environment hook '/home/athena-uav/Athena/Athena-UAV/install/athena_bringup/share/athena_bringup/hook/ament_prefix_path.ps1'
[1.671s] INFO:colcon.colcon_core.shell:Creating environment descriptor '/home/athena-uav/Athena/Athena-UAV/install/athena_bringup/share/athena_bringup/hook/ament_prefix_path.dsv'
[1.673s] INFO:colcon.colcon_core.shell:Creating environment hook '/home/athena-uav/Athena/Athena-UAV/install/athena_bringup/share/athena_bringup/hook/ament_prefix_path.sh'
[1.677s] INFO:colcon.colcon_core.shell:Skip shell extension 'powershell' for command environment: Not usable outside of PowerShell
[1.678s] DEBUG:colcon.colcon_core.shell:Skip shell extension 'dsv' for command environment
[1.709s] DEBUG:colcon.colcon_core.event_handler.log_command:Invoking command in '/home/athena-uav/Athena/Athena-UAV/build/athena_interfaces': CMAKE_PREFIX_PATH=${CMAKE_PREFIX_PATH}:/opt/ros/jazzy DEBUGINFOD_URLS=https://debuginfod.ubuntu.com /usr/bin/cmake /home/athena-uav/Athena/Athena-UAV/src/athena_interfaces -DAMENT_CMAKE_SYMLINK_INSTALL=1 -DCMAKE_INSTALL_PREFIX=/home/athena-uav/Athena/Athena-UAV/install/athena_interfaces
[3.468s] INFO:colcon.colcon_core.task.python.build:Building Python package in '/home/athena-uav/Athena/Athena-UAV/src/athena_bringup'
[3.470s] INFO:colcon.colcon_core.shell:Skip shell extension 'powershell' for command environment: Not usable outside of PowerShell
[3.470s] DEBUG:colcon.colcon_core.shell:Skip shell extension 'dsv' for command environment
[10.054s] DEBUG:colcon.colcon_core.task.python.build:Available setuptools commands: build_ext, compile_catalog, setopt, editable_wheel, install_data, bdist_egg, sdist, bdist_dumb, test, upload_docs, install_headers, install_scripts, bdist_rpm, bdist_wheel, dist_info, egg_info, build_scripts, update_catalog, symlink_data, easy_install, install, extract_messages, check, install_egg_info, bdist, build_clib, install_lib, rotate, clean, alias, build, develop, build_py, init_catalog, register, upload, saveopts
[13.546s] DEBUG:colcon.colcon_core.task.python.build:Available setuptools 'develop' options: --version, --allow-hosts, --site-dirs, --force-installation-into-system-dir, --no-find-links, --no-deps, --exclude-scripts, --upgrade, --local-snapshots-ok, --zip-ok, --find-links, --install-dir, --script-dir, --editable, --prefix, --help, --dry-run, --build-directory, --optimize, --always-unzip, --install-layout, --uninstall, --index-url, --multi-version, --record, --egg-path, --always-copy, --user, --quiet, --no-user-cfg, --verbose
[13.556s] DEBUG:colcon.colcon_core.event_handler.log_command:Invoking command in '/home/athena-uav/Athena/Athena-UAV/build/athena_bringup': DEBUGINFOD_URLS=https://debuginfod.ubuntu.com PYTHONPATH=/home/athena-uav/Athena/Athena-UAV/build/athena_bringup/prefix_override:/usr/lib/python3/dist-packages/colcon_core/task/python/colcon_distutils_commands:/home/athena-uav/Athena/Athena-UAV/install/athena_bringup/lib/python3.12/site-packages:${PYTHONPATH} /usr/bin/python3 -W ignore:setup.py install is deprecated -W ignore:easy_install command is deprecated setup.py develop --editable --build-directory /home/athena-uav/Athena/Athena-UAV/build/athena_bringup/build --no-deps symlink_data
[20.906s] Level 1:colcon.colcon_core.shell:create_environment_hook('athena_bringup', 'pythonpath_develop')
[20.908s] INFO:colcon.colcon_core.shell:Creating environment hook '/home/athena-uav/Athena/Athena-UAV/build/athena_bringup/share/athena_bringup/hook/pythonpath_develop.ps1'
[20.913s] DEBUG:colcon.colcon_core.event_handler.log_command:Invoked command in '/home/athena-uav/Athena/Athena-UAV/build/athena_bringup' returned '0': DEBUGINFOD_URLS=https://debuginfod.ubuntu.com PYTHONPATH=/home/athena-uav/Athena/Athena-UAV/build/athena_bringup/prefix_override:/usr/lib/python3/dist-packages/colcon_core/task/python/colcon_distutils_commands:/home/athena-uav/Athena/Athena-UAV/install/athena_bringup/lib/python3.12/site-packages:${PYTHONPATH} /usr/bin/python3 -W ignore:setup.py install is deprecated -W ignore:easy_install command is deprecated setup.py develop --editable --build-directory /home/athena-uav/Athena/Athena-UAV/build/athena_bringup/build --no-deps symlink_data
[20.919s] INFO:colcon.colcon_core.shell:Creating environment descriptor '/home/athena-uav/Athena/Athena-UAV/build/athena_bringup/share/athena_bringup/hook/pythonpath_develop.dsv'
[20.924s] INFO:colcon.colcon_core.shell:Creating environment hook '/home/athena-uav/Athena/Athena-UAV/build/athena_bringup/share/athena_bringup/hook/pythonpath_develop.sh'
[20.964s] Level 1:colcon.colcon_core.environment:checking '/home/athena-uav/Athena/Athena-UAV/install/athena_bringup' for CMake module files
[20.969s] Level 1:colcon.colcon_core.environment:checking '/home/athena-uav/Athena/Athena-UAV/install/athena_bringup' for CMake config files
[20.975s] Level 1:colcon.colcon_core.environment:checking '/home/athena-uav/Athena/Athena-UAV/install/athena_bringup/lib'
[20.977s] Level 1:colcon.colcon_core.environment:checking '/home/athena-uav/Athena/Athena-UAV/install/athena_bringup/bin'
[20.978s] Level 1:colcon.colcon_core.environment:checking '/home/athena-uav/Athena/Athena-UAV/install/athena_bringup/lib/pkgconfig/athena_bringup.pc'
[20.980s] Level 1:colcon.colcon_core.environment:checking '/home/athena-uav/Athena/Athena-UAV/install/athena_bringup/lib/python3.12/site-packages'
[20.982s] Level 1:colcon.colcon_core.shell:create_environment_hook('athena_bringup', 'pythonpath')
[20.983s] INFO:colcon.colcon_core.shell:Creating environment hook '/home/athena-uav/Athena/Athena-UAV/install/athena_bringup/share/athena_bringup/hook/pythonpath.ps1'
[20.986s] INFO:colcon.colcon_core.shell:Creating environment descriptor '/home/athena-uav/Athena/Athena-UAV/install/athena_bringup/share/athena_bringup/hook/pythonpath.dsv'
[20.988s] INFO:colcon.colcon_core.shell:Creating environment hook '/home/athena-uav/Athena/Athena-UAV/install/athena_bringup/share/athena_bringup/hook/pythonpath.sh'
[20.996s] Level 1:colcon.colcon_core.environment:checking '/home/athena-uav/Athena/Athena-UAV/install/athena_bringup/bin'
[20.996s] Level 1:colcon.colcon_core.environment:create_environment_scripts_only(athena_bringup)
[20.998s] INFO:colcon.colcon_core.shell:Creating package script '/home/athena-uav/Athena/Athena-UAV/install/athena_bringup/share/athena_bringup/package.ps1'
[21.005s] INFO:colcon.colcon_core.shell:Creating package descriptor '/home/athena-uav/Athena/Athena-UAV/install/athena_bringup/share/athena_bringup/package.dsv'
[21.011s] INFO:colcon.colcon_core.shell:Creating package script '/home/athena-uav/Athena/Athena-UAV/install/athena_bringup/share/athena_bringup/package.sh'
[21.016s] INFO:colcon.colcon_core.shell:Creating package script '/home/athena-uav/Athena/Athena-UAV/install/athena_bringup/share/athena_bringup/package.bash'
[21.021s] INFO:colcon.colcon_core.shell:Creating package script '/home/athena-uav/Athena/Athena-UAV/install/athena_bringup/share/athena_bringup/package.zsh'
[21.033s] Level 1:colcon.colcon_core.environment:create_file_with_runtime_dependencies(/home/athena-uav/Athena/Athena-UAV/install/athena_bringup/share/colcon-core/packages/athena_bringup)
[28.967s] DEBUG:colcon.colcon_core.event_handler.log_command:Invoked command in '/home/athena-uav/Athena/Athena-UAV/build/athena_interfaces' returned '0': CMAKE_PREFIX_PATH=${CMAKE_PREFIX_PATH}:/opt/ros/jazzy DEBUGINFOD_URLS=https://debuginfod.ubuntu.com /usr/bin/cmake /home/athena-uav/Athena/Athena-UAV/src/athena_interfaces -DAMENT_CMAKE_SYMLINK_INSTALL=1 -DCMAKE_INSTALL_PREFIX=/home/athena-uav/Athena/Athena-UAV/install/athena_interfaces
[28.975s] DEBUG:colcon.colcon_core.event_handler.log_command:Invoking command in '/home/athena-uav/Athena/Athena-UAV/build/athena_interfaces': CMAKE_PREFIX_PATH=${CMAKE_PREFIX_PATH}:/opt/ros/jazzy DEBUGINFOD_URLS=https://debuginfod.ubuntu.com /usr/bin/cmake --build /home/athena-uav/Athena/Athena-UAV/build/athena_interfaces -- -j4 -l4
[79.546s] DEBUG:colcon.colcon_core.event_handler.log_command:Invoked command in '/home/athena-uav/Athena/Athena-UAV/build/athena_interfaces' returned '0': CMAKE_PREFIX_PATH=${CMAKE_PREFIX_PATH}:/opt/ros/jazzy DEBUGINFOD_URLS=https://debuginfod.ubuntu.com /usr/bin/cmake --build /home/athena-uav/Athena/Athena-UAV/build/athena_interfaces -- -j4 -l4
[79.597s] DEBUG:colcon.colcon_core.event_handler.log_command:Invoking command in '/home/athena-uav/Athena/Athena-UAV/build/athena_interfaces': CMAKE_PREFIX_PATH=${CMAKE_PREFIX_PATH}:/opt/ros/jazzy DEBUGINFOD_URLS=https://debuginfod.ubuntu.com /usr/bin/cmake --install /home/athena-uav/Athena/Athena-UAV/build/athena_interfaces
[86.340s] Level 1:colcon.colcon_core.environment:create_environment_scripts_only(athena_interfaces)
[86.341s] Level 1:colcon.colcon_core.environment:checking '/home/athena-uav/Athena/Athena-UAV/install/athena_interfaces' for CMake module files
[86.342s] DEBUG:colcon.colcon_core.event_handler.log_command:Invoked command in '/home/athena-uav/Athena/Athena-UAV/build/athena_interfaces' returned '0': CMAKE_PREFIX_PATH=${CMAKE_PREFIX_PATH}:/opt/ros/jazzy DEBUGINFOD_URLS=https://debuginfod.ubuntu.com /usr/bin/cmake --install /home/athena-uav/Athena/Athena-UAV/build/athena_interfaces
[86.346s] Level 1:colcon.colcon_core.environment:checking '/home/athena-uav/Athena/Athena-UAV/install/athena_interfaces' for CMake config files
[86.352s] Level 1:colcon.colcon_core.shell:create_environment_hook('athena_interfaces', 'cmake_prefix_path')
[86.353s] INFO:colcon.colcon_core.shell:Creating environment hook '/home/athena-uav/Athena/Athena-UAV/install/athena_interfaces/share/athena_interfaces/hook/cmake_prefix_path.ps1'
[86.356s] INFO:colcon.colcon_core.shell:Creating environment descriptor '/home/athena-uav/Athena/Athena-UAV/install/athena_interfaces/share/athena_interfaces/hook/cmake_prefix_path.dsv'
[86.358s] INFO:colcon.colcon_core.shell:Creating environment hook '/home/athena-uav/Athena/Athena-UAV/install/athena_interfaces/share/athena_interfaces/hook/cmake_prefix_path.sh'
[86.361s] Level 1:colcon.colcon_core.environment:checking '/home/athena-uav/Athena/Athena-UAV/install/athena_interfaces/lib'
[86.362s] Level 1:colcon.colcon_core.shell:create_environment_hook('athena_interfaces', 'ld_library_path_lib')
[86.362s] INFO:colcon.colcon_core.shell:Creating environment hook '/home/athena-uav/Athena/Athena-UAV/install/athena_interfaces/share/athena_interfaces/hook/ld_library_path_lib.ps1'
[86.364s] INFO:colcon.colcon_core.shell:Creating environment descriptor '/home/athena-uav/Athena/Athena-UAV/install/athena_interfaces/share/athena_interfaces/hook/ld_library_path_lib.dsv'
[86.366s] INFO:colcon.colcon_core.shell:Creating environment hook '/home/athena-uav/Athena/Athena-UAV/install/athena_interfaces/share/athena_interfaces/hook/ld_library_path_lib.sh'
[86.367s] Level 1:colcon.colcon_core.environment:checking '/home/athena-uav/Athena/Athena-UAV/install/athena_interfaces/bin'
[86.368s] Level 1:colcon.colcon_core.environment:checking '/home/athena-uav/Athena/Athena-UAV/install/athena_interfaces/lib/pkgconfig/athena_interfaces.pc'
[86.368s] Level 1:colcon.colcon_core.environment:checking '/home/athena-uav/Athena/Athena-UAV/install/athena_interfaces/lib/python3.12/site-packages'
[86.369s] Level 1:colcon.colcon_core.shell:create_environment_hook('athena_interfaces', 'pythonpath')
[86.370s] INFO:colcon.colcon_core.shell:Creating environment hook '/home/athena-uav/Athena/Athena-UAV/install/athena_interfaces/share/athena_interfaces/hook/pythonpath.ps1'
[86.372s] INFO:colcon.colcon_core.shell:Creating environment descriptor '/home/athena-uav/Athena/Athena-UAV/install/athena_interfaces/share/athena_interfaces/hook/pythonpath.dsv'
[86.373s] INFO:colcon.colcon_core.shell:Creating environment hook '/home/athena-uav/Athena/Athena-UAV/install/athena_interfaces/share/athena_interfaces/hook/pythonpath.sh'
[86.376s] Level 1:colcon.colcon_core.environment:checking '/home/athena-uav/Athena/Athena-UAV/install/athena_interfaces/bin'
[86.377s] INFO:colcon.colcon_core.shell:Creating package script '/home/athena-uav/Athena/Athena-UAV/install/athena_interfaces/share/athena_interfaces/package.ps1'
[86.381s] INFO:colcon.colcon_core.shell:Creating package descriptor '/home/athena-uav/Athena/Athena-UAV/install/athena_interfaces/share/athena_interfaces/package.dsv'
[86.383s] INFO:colcon.colcon_core.shell:Creating package script '/home/athena-uav/Athena/Athena-UAV/install/athena_interfaces/share/athena_interfaces/package.sh'
[86.386s] INFO:colcon.colcon_core.shell:Creating package script '/home/athena-uav/Athena/Athena-UAV/install/athena_interfaces/share/athena_interfaces/package.bash'
[86.388s] INFO:colcon.colcon_core.shell:Creating package script '/home/athena-uav/Athena/Athena-UAV/install/athena_interfaces/share/athena_interfaces/package.zsh'
[86.391s] Level 1:colcon.colcon_core.environment:create_file_with_runtime_dependencies(/home/athena-uav/Athena/Athena-UAV/install/athena_interfaces/share/colcon-core/packages/athena_interfaces)
[86.393s] Level 1:colcon.colcon_core.environment:create_environment_scripts_only(athena_interfaces)
[86.394s] Level 1:colcon.colcon_core.environment:checking '/home/athena-uav/Athena/Athena-UAV/install/athena_interfaces' for CMake module files
[86.399s] Level 1:colcon.colcon_core.environment:checking '/home/athena-uav/Athena/Athena-UAV/install/athena_interfaces' for CMake config files
[86.405s] Level 1:colcon.colcon_core.shell:create_environment_hook('athena_interfaces', 'cmake_prefix_path')
[86.406s] INFO:colcon.colcon_core.shell:Creating environment hook '/home/athena-uav/Athena/Athena-UAV/install/athena_interfaces/share/athena_interfaces/hook/cmake_prefix_path.ps1'
[86.408s] INFO:colcon.colcon_core.shell:Creating environment descriptor '/home/athena-uav/Athena/Athena-UAV/install/athena_interfaces/share/athena_interfaces/hook/cmake_prefix_path.dsv'
[86.409s] INFO:colcon.colcon_core.shell:Creating environment hook '/home/athena-uav/Athena/Athena-UAV/install/athena_interfaces/share/athena_interfaces/hook/cmake_prefix_path.sh'
[86.412s] Level 1:colcon.colcon_core.environment:checking '/home/athena-uav/Athena/Athena-UAV/install/athena_interfaces/lib'
[86.413s] Level 1:colcon.colcon_core.shell:create_environment_hook('athena_interfaces', 'ld_library_path_lib')
[86.413s] INFO:colcon.colcon_core.shell:Creating environment hook '/home/athena-uav/Athena/Athena-UAV/install/athena_interfaces/share/athena_interfaces/hook/ld_library_path_lib.ps1'
[86.415s] INFO:colcon.colcon_core.shell:Creating environment descriptor '/home/athena-uav/Athena/Athena-UAV/install/athena_interfaces/share/athena_interfaces/hook/ld_library_path_lib.dsv'
[86.417s] INFO:colcon.colcon_core.shell:Creating environment hook '/home/athena-uav/Athena/Athena-UAV/install/athena_interfaces/share/athena_interfaces/hook/ld_library_path_lib.sh'
[86.419s] Level 1:colcon.colcon_core.environment:checking '/home/athena-uav/Athena/Athena-UAV/install/athena_interfaces/bin'
[86.419s] Level 1:colcon.colcon_core.environment:checking '/home/athena-uav/Athena/Athena-UAV/install/athena_interfaces/lib/pkgconfig/athena_interfaces.pc'
[86.421s] Level 1:colcon.colcon_core.environment:checking '/home/athena-uav/Athena/Athena-UAV/install/athena_interfaces/lib/python3.12/site-packages'
[86.421s] Level 1:colcon.colcon_core.shell:create_environment_hook('athena_interfaces', 'pythonpath')
[86.422s] INFO:colcon.colcon_core.shell:Creating environment hook '/home/athena-uav/Athena/Athena-UAV/install/athena_interfaces/share/athena_interfaces/hook/pythonpath.ps1'
[86.425s] INFO:colcon.colcon_core.shell:Creating environment descriptor '/home/athena-uav/Athena/Athena-UAV/install/athena_interfaces/share/athena_interfaces/hook/pythonpath.dsv'
[86.427s] INFO:colcon.colcon_core.shell:Creating environment hook '/home/athena-uav/Athena/Athena-UAV/install/athena_interfaces/share/athena_interfaces/hook/pythonpath.sh'
[86.434s] Level 1:colcon.colcon_core.environment:checking '/home/athena-uav/Athena/Athena-UAV/install/athena_interfaces/bin'
[86.435s] INFO:colcon.colcon_core.shell:Creating package script '/home/athena-uav/Athena/Athena-UAV/install/athena_interfaces/share/athena_interfaces/package.ps1'
[86.438s] INFO:colcon.colcon_core.shell:Creating package descriptor '/home/athena-uav/Athena/Athena-UAV/install/athena_interfaces/share/athena_interfaces/package.dsv'
[86.441s] INFO:colcon.colcon_core.shell:Creating package script '/home/athena-uav/Athena/Athena-UAV/install/athena_interfaces/share/athena_interfaces/package.sh'
[86.444s] INFO:colcon.colcon_core.shell:Creating package script '/home/athena-uav/Athena/Athena-UAV/install/athena_interfaces/share/athena_interfaces/package.bash'
[86.445s] INFO:colcon.colcon_core.shell:Creating package script '/home/athena-uav/Athena/Athena-UAV/install/athena_interfaces/share/athena_interfaces/package.zsh'
[86.447s] Level 1:colcon.colcon_core.environment:create_file_with_runtime_dependencies(/home/athena-uav/Athena/Athena-UAV/install/athena_interfaces/share/colcon-core/packages/athena_interfaces)
[86.449s] INFO:colcon.colcon_ros.task.ament_python.build:Building ROS package in '/home/athena-uav/Athena/Athena-UAV/src/athena_core' with build type 'ament_python'
[86.450s] Level 1:colcon.colcon_core.shell:create_environment_hook('athena_core', 'ament_prefix_path')
[86.451s] INFO:colcon.colcon_core.shell:Creating environment hook '/home/athena-uav/Athena/Athena-UAV/install/athena_core/share/athena_core/hook/ament_prefix_path.ps1'
[86.455s] INFO:colcon.colcon_core.shell:Creating environment descriptor '/home/athena-uav/Athena/Athena-UAV/install/athena_core/share/athena_core/hook/ament_prefix_path.dsv'
[86.459s] INFO:colcon.colcon_core.shell:Creating environment hook '/home/athena-uav/Athena/Athena-UAV/install/athena_core/share/athena_core/hook/ament_prefix_path.sh'
[86.462s] INFO:colcon.colcon_core.shell:Skip shell extension 'powershell' for command environment: Not usable outside of PowerShell
[86.462s] DEBUG:colcon.colcon_core.shell:Skip shell extension 'dsv' for command environment
[86.483s] INFO:colcon.colcon_ros.task.ament_python.build:Building ROS package in '/home/athena-uav/Athena/Athena-UAV/src/athena_health_manager' with build type 'ament_python'
[86.484s] Level 1:colcon.colcon_core.shell:create_environment_hook('athena_health_manager', 'ament_prefix_path')
[86.485s] INFO:colcon.colcon_core.shell:Creating environment hook '/home/athena-uav/Athena/Athena-UAV/install/athena_health_manager/share/athena_health_manager/hook/ament_prefix_path.ps1'
[86.488s] INFO:colcon.colcon_core.shell:Creating environment descriptor '/home/athena-uav/Athena/Athena-UAV/install/athena_health_manager/share/athena_health_manager/hook/ament_prefix_path.dsv'
[86.490s] INFO:colcon.colcon_core.shell:Creating environment hook '/home/athena-uav/Athena/Athena-UAV/install/athena_health_manager/share/athena_health_manager/hook/ament_prefix_path.sh'
[86.493s] INFO:colcon.colcon_core.shell:Skip shell extension 'powershell' for command environment: Not usable outside of PowerShell
[86.493s] DEBUG:colcon.colcon_core.shell:Skip shell extension 'dsv' for command environment
[87.637s] INFO:colcon.colcon_core.task.python.build:Building Python package in '/home/athena-uav/Athena/Athena-UAV/src/athena_core'
[87.639s] INFO:colcon.colcon_core.shell:Skip shell extension 'powershell' for command environment: Not usable outside of PowerShell
[87.639s] DEBUG:colcon.colcon_core.shell:Skip shell extension 'dsv' for command environment
[88.707s] INFO:colcon.colcon_core.task.python.build:Building Python package in '/home/athena-uav/Athena/Athena-UAV/src/athena_health_manager'
[88.708s] INFO:colcon.colcon_core.shell:Skip shell extension 'powershell' for command environment: Not usable outside of PowerShell
[88.708s] DEBUG:colcon.colcon_core.shell:Skip shell extension 'dsv' for command environment
[92.189s] DEBUG:colcon.colcon_core.task.python.build:Available setuptools commands: build_ext, compile_catalog, setopt, editable_wheel, install_data, bdist_egg, sdist, bdist_dumb, test, upload_docs, install_headers, install_scripts, bdist_rpm, bdist_wheel, dist_info, egg_info, build_scripts, update_catalog, symlink_data, easy_install, install, extract_messages, check, install_egg_info, bdist, build_clib, install_lib, rotate, clean, alias, build, develop, build_py, init_catalog, register, upload, saveopts
[92.195s] DEBUG:colcon.colcon_core.task.python.build:Available setuptools commands: build_ext, compile_catalog, setopt, editable_wheel, install_data, bdist_egg, sdist, bdist_dumb, test, upload_docs, install_headers, install_scripts, bdist_rpm, bdist_wheel, dist_info, egg_info, build_scripts, update_catalog, symlink_data, easy_install, install, extract_messages, check, install_egg_info, bdist, build_clib, install_lib, rotate, clean, alias, build, develop, build_py, init_catalog, register, upload, saveopts
[94.172s] DEBUG:colcon.colcon_core.task.python.build:Available setuptools 'develop' options: --version, --allow-hosts, --site-dirs, --force-installation-into-system-dir, --no-find-links, --no-deps, --exclude-scripts, --upgrade, --local-snapshots-ok, --zip-ok, --find-links, --install-dir, --script-dir, --editable, --prefix, --help, --dry-run, --build-directory, --optimize, --always-unzip, --install-layout, --uninstall, --index-url, --multi-version, --record, --egg-path, --always-copy, --user, --quiet, --no-user-cfg, --verbose
[94.181s] DEBUG:colcon.colcon_core.event_handler.log_command:Invoking command in '/home/athena-uav/Athena/Athena-UAV/build/athena_core': AMENT_PREFIX_PATH=/home/athena-uav/Athena/Athena-UAV/install/athena_interfaces:${AMENT_PREFIX_PATH} CMAKE_PREFIX_PATH=/home/athena-uav/Athena/Athena-UAV/install/athena_interfaces:${CMAKE_PREFIX_PATH} DEBUGINFOD_URLS=https://debuginfod.ubuntu.com LD_LIBRARY_PATH=/home/athena-uav/Athena/Athena-UAV/install/athena_interfaces/lib:${LD_LIBRARY_PATH} PYTHONPATH=/home/athena-uav/Athena/Athena-UAV/build/athena_core/prefix_override:/usr/lib/python3/dist-packages/colcon_core/task/python/colcon_distutils_commands:/home/athena-uav/Athena/Athena-UAV/install/athena_core/lib/python3.12/site-packages:/home/athena-uav/Athena/Athena-UAV/install/athena_interfaces/lib/python3.12/site-packages:${PYTHONPATH} /usr/bin/python3 -W ignore:setup.py install is deprecated -W ignore:easy_install command is deprecated setup.py develop --editable --build-directory /home/athena-uav/Athena/Athena-UAV/build/athena_core/build --no-deps symlink_data
[94.182s] DEBUG:colcon.colcon_core.task.python.build:Available setuptools 'develop' options: --version, --allow-hosts, --site-dirs, --force-installation-into-system-dir, --no-find-links, --no-deps, --exclude-scripts, --upgrade, --local-snapshots-ok, --zip-ok, --find-links, --install-dir, --script-dir, --editable, --prefix, --help, --dry-run, --build-directory, --optimize, --always-unzip, --install-layout, --uninstall, --index-url, --multi-version, --record, --egg-path, --always-copy, --user, --quiet, --no-user-cfg, --verbose
[94.204s] DEBUG:colcon.colcon_core.event_handler.log_command:Invoking command in '/home/athena-uav/Athena/Athena-UAV/build/athena_health_manager': AMENT_PREFIX_PATH=/home/athena-uav/Athena/Athena-UAV/install/athena_interfaces:${AMENT_PREFIX_PATH} CMAKE_PREFIX_PATH=/home/athena-uav/Athena/Athena-UAV/install/athena_interfaces:${CMAKE_PREFIX_PATH} DEBUGINFOD_URLS=https://debuginfod.ubuntu.com LD_LIBRARY_PATH=/home/athena-uav/Athena/Athena-UAV/install/athena_interfaces/lib:${LD_LIBRARY_PATH} PYTHONPATH=/home/athena-uav/Athena/Athena-UAV/build/athena_health_manager/prefix_override:/usr/lib/python3/dist-packages/colcon_core/task/python/colcon_distutils_commands:/home/athena-uav/Athena/Athena-UAV/install/athena_health_manager/lib/python3.12/site-packages:/home/athena-uav/Athena/Athena-UAV/install/athena_interfaces/lib/python3.12/site-packages:${PYTHONPATH} /usr/bin/python3 -W ignore:setup.py install is deprecated -W ignore:easy_install command is deprecated setup.py develop --editable --build-directory /home/athena-uav/Athena/Athena-UAV/build/athena_health_manager/build --no-deps symlink_data
[98.580s] Level 1:colcon.colcon_core.shell:create_environment_hook('athena_health_manager', 'pythonpath_develop')
[98.581s] INFO:colcon.colcon_core.shell:Creating environment hook '/home/athena-uav/Athena/Athena-UAV/build/athena_health_manager/share/athena_health_manager/hook/pythonpath_develop.ps1'
[98.584s] DEBUG:colcon.colcon_core.event_handler.log_command:Invoked command in '/home/athena-uav/Athena/Athena-UAV/build/athena_health_manager' returned '0': AMENT_PREFIX_PATH=/home/athena-uav/Athena/Athena-UAV/install/athena_interfaces:${AMENT_PREFIX_PATH} CMAKE_PREFIX_PATH=/home/athena-uav/Athena/Athena-UAV/install/athena_interfaces:${CMAKE_PREFIX_PATH} DEBUGINFOD_URLS=https://debuginfod.ubuntu.com LD_LIBRARY_PATH=/home/athena-uav/Athena/Athena-UAV/install/athena_interfaces/lib:${LD_LIBRARY_PATH} PYTHONPATH=/home/athena-uav/Athena/Athena-UAV/build/athena_health_manager/prefix_override:/usr/lib/python3/dist-packages/colcon_core/task/python/colcon_distutils_commands:/home/athena-uav/Athena/Athena-UAV/install/athena_health_manager/lib/python3.12/site-packages:/home/athena-uav/Athena/Athena-UAV/install/athena_interfaces/lib/python3.12/site-packages:${PYTHONPATH} /usr/bin/python3 -W ignore:setup.py install is deprecated -W ignore:easy_install command is deprecated setup.py develop --editable --build-directory /home/athena-uav/Athena/Athena-UAV/build/athena_health_manager/build --no-deps symlink_data
[98.594s] INFO:colcon.colcon_core.shell:Creating environment descriptor '/home/athena-uav/Athena/Athena-UAV/build/athena_health_manager/share/athena_health_manager/hook/pythonpath_develop.dsv'
[98.599s] INFO:colcon.colcon_core.shell:Creating environment hook '/home/athena-uav/Athena/Athena-UAV/build/athena_health_manager/share/athena_health_manager/hook/pythonpath_develop.sh'
[98.605s] Level 1:colcon.colcon_core.environment:checking '/home/athena-uav/Athena/Athena-UAV/install/athena_health_manager' for CMake module files
[98.612s] Level 1:colcon.colcon_core.environment:checking '/home/athena-uav/Athena/Athena-UAV/install/athena_health_manager' for CMake config files
[98.620s] Level 1:colcon.colcon_core.environment:checking '/home/athena-uav/Athena/Athena-UAV/install/athena_health_manager/lib'
[98.621s] Level 1:colcon.colcon_core.environment:checking '/home/athena-uav/Athena/Athena-UAV/install/athena_health_manager/bin'
[98.622s] Level 1:colcon.colcon_core.environment:checking '/home/athena-uav/Athena/Athena-UAV/install/athena_health_manager/lib/pkgconfig/athena_health_manager.pc'
[98.624s] Level 1:colcon.colcon_core.environment:checking '/home/athena-uav/Athena/Athena-UAV/install/athena_health_manager/lib/python3.12/site-packages'
[98.625s] Level 1:colcon.colcon_core.shell:create_environment_hook('athena_health_manager', 'pythonpath')
[98.626s] INFO:colcon.colcon_core.shell:Creating environment hook '/home/athena-uav/Athena/Athena-UAV/install/athena_health_manager/share/athena_health_manager/hook/pythonpath.ps1'
[98.629s] INFO:colcon.colcon_core.shell:Creating environment descriptor '/home/athena-uav/Athena/Athena-UAV/install/athena_health_manager/share/athena_health_manager/hook/pythonpath.dsv'
[98.633s] INFO:colcon.colcon_core.shell:Creating environment hook '/home/athena-uav/Athena/Athena-UAV/install/athena_health_manager/share/athena_health_manager/hook/pythonpath.sh'
[98.639s] Level 1:colcon.colcon_core.environment:checking '/home/athena-uav/Athena/Athena-UAV/install/athena_health_manager/bin'
[98.640s] Level 1:colcon.colcon_core.environment:create_environment_scripts_only(athena_health_manager)
[98.642s] INFO:colcon.colcon_core.shell:Creating package script '/home/athena-uav/Athena/Athena-UAV/install/athena_health_manager/share/athena_health_manager/package.ps1'
[98.657s] INFO:colcon.colcon_core.shell:Creating package descriptor '/home/athena-uav/Athena/Athena-UAV/install/athena_health_manager/share/athena_health_manager/package.dsv'
[98.667s] INFO:colcon.colcon_core.shell:Creating package script '/home/athena-uav/Athena/Athena-UAV/install/athena_health_manager/share/athena_health_manager/package.sh'
[98.676s] INFO:colcon.colcon_core.shell:Creating package script '/home/athena-uav/Athena/Athena-UAV/install/athena_health_manager/share/athena_health_manager/package.bash'
[98.680s] INFO:colcon.colcon_core.shell:Creating package script '/home/athena-uav/Athena/Athena-UAV/install/athena_health_manager/share/athena_health_manager/package.zsh'
[98.684s] Level 1:colcon.colcon_core.environment:create_file_with_runtime_dependencies(/home/athena-uav/Athena/Athena-UAV/install/athena_health_manager/share/colcon-core/packages/athena_health_manager)
[98.759s] Level 1:colcon.colcon_core.shell:create_environment_hook('athena_core', 'pythonpath_develop')
[98.760s] INFO:colcon.colcon_core.shell:Creating environment hook '/home/athena-uav/Athena/Athena-UAV/build/athena_core/share/athena_core/hook/pythonpath_develop.ps1'
[98.761s] DEBUG:colcon.colcon_core.event_handler.log_command:Invoked command in '/home/athena-uav/Athena/Athena-UAV/build/athena_core' returned '0': AMENT_PREFIX_PATH=/home/athena-uav/Athena/Athena-UAV/install/athena_interfaces:${AMENT_PREFIX_PATH} CMAKE_PREFIX_PATH=/home/athena-uav/Athena/Athena-UAV/install/athena_interfaces:${CMAKE_PREFIX_PATH} DEBUGINFOD_URLS=https://debuginfod.ubuntu.com LD_LIBRARY_PATH=/home/athena-uav/Athena/Athena-UAV/install/athena_interfaces/lib:${LD_LIBRARY_PATH} PYTHONPATH=/home/athena-uav/Athena/Athena-UAV/build/athena_core/prefix_override:/usr/lib/python3/dist-packages/colcon_core/task/python/colcon_distutils_commands:/home/athena-uav/Athena/Athena-UAV/install/athena_core/lib/python3.12/site-packages:/home/athena-uav/Athena/Athena-UAV/install/athena_interfaces/lib/python3.12/site-packages:${PYTHONPATH} /usr/bin/python3 -W ignore:setup.py install is deprecated -W ignore:easy_install command is deprecated setup.py develop --editable --build-directory /home/athena-uav/Athena/Athena-UAV/build/athena_core/build --no-deps symlink_data
[98.764s] INFO:colcon.colcon_core.shell:Creating environment descriptor '/home/athena-uav/Athena/Athena-UAV/build/athena_core/share/athena_core/hook/pythonpath_develop.dsv'
[98.766s] INFO:colcon.colcon_core.shell:Creating environment hook '/home/athena-uav/Athena/Athena-UAV/build/athena_core/share/athena_core/hook/pythonpath_develop.sh'
[98.770s] Level 1:colcon.colcon_core.environment:checking '/home/athena-uav/Athena/Athena-UAV/install/athena_core' for CMake module files
[98.774s] Level 1:colcon.colcon_core.environment:checking '/home/athena-uav/Athena/Athena-UAV/install/athena_core' for CMake config files
[98.777s] Level 1:colcon.colcon_core.environment:checking '/home/athena-uav/Athena/Athena-UAV/install/athena_core/lib'
[98.778s] Level 1:colcon.colcon_core.environment:checking '/home/athena-uav/Athena/Athena-UAV/install/athena_core/bin'
[98.778s] Level 1:colcon.colcon_core.environment:checking '/home/athena-uav/Athena/Athena-UAV/install/athena_core/lib/pkgconfig/athena_core.pc'
[98.779s] Level 1:colcon.colcon_core.environment:checking '/home/athena-uav/Athena/Athena-UAV/install/athena_core/lib/python3.12/site-packages'
[98.780s] Level 1:colcon.colcon_core.shell:create_environment_hook('athena_core', 'pythonpath')
[98.781s] INFO:colcon.colcon_core.shell:Creating environment hook '/home/athena-uav/Athena/Athena-UAV/install/athena_core/share/athena_core/hook/pythonpath.ps1'
[98.784s] INFO:colcon.colcon_core.shell:Creating environment descriptor '/home/athena-uav/Athena/Athena-UAV/install/athena_core/share/athena_core/hook/pythonpath.dsv'
[98.787s] INFO:colcon.colcon_core.shell:Creating environment hook '/home/athena-uav/Athena/Athena-UAV/install/athena_core/share/athena_core/hook/pythonpath.sh'
[98.790s] Level 1:colcon.colcon_core.environment:checking '/home/athena-uav/Athena/Athena-UAV/install/athena_core/bin'
[98.791s] Level 1:colcon.colcon_core.environment:create_environment_scripts_only(athena_core)
[98.792s] INFO:colcon.colcon_core.shell:Creating package script '/home/athena-uav/Athena/Athena-UAV/install/athena_core/share/athena_core/package.ps1'
[98.796s] INFO:colcon.colcon_core.shell:Creating package descriptor '/home/athena-uav/Athena/Athena-UAV/install/athena_core/share/athena_core/package.dsv'
[98.798s] INFO:colcon.colcon_core.shell:Creating package script '/home/athena-uav/Athena/Athena-UAV/install/athena_core/share/athena_core/package.sh'
[98.801s] INFO:colcon.colcon_core.shell:Creating package script '/home/athena-uav/Athena/Athena-UAV/install/athena_core/share/athena_core/package.bash'
[98.803s] INFO:colcon.colcon_core.shell:Creating package script '/home/athena-uav/Athena/Athena-UAV/install/athena_core/share/athena_core/package.zsh'
[98.804s] Level 1:colcon.colcon_core.environment:create_file_with_runtime_dependencies(/home/athena-uav/Athena/Athena-UAV/install/athena_core/share/colcon-core/packages/athena_core)
[98.806s] DEBUG:colcon.colcon_parallel_executor.executor.parallel:closing loop
[98.807s] DEBUG:colcon.colcon_parallel_executor.executor.parallel:loop closed
[98.807s] DEBUG:colcon.colcon_parallel_executor.executor.parallel:run_until_complete finished with '0'
[98.807s] DEBUG:colcon.colcon_core.event_reactor:joining thread
[98.863s] INFO:colcon.colcon_core.plugin_system:Skipping extension 'colcon_notification.desktop_notification.terminal_notifier': Not used on non-Darwin systems
[98.863s] INFO:colcon.colcon_core.plugin_system:Skipping extension 'colcon_notification.desktop_notification.win32': Not used on non-Windows systems
[98.864s] INFO:colcon.colcon_notification.desktop_notification:Sending desktop notification using 'notify2'
[99.010s] DEBUG:colcon.colcon_core.event_reactor:joined thread
[99.011s] INFO:colcon.colcon_core.shell:Creating prefix script '/home/athena-uav/Athena/Athena-UAV/install/local_setup.ps1'
[99.018s] INFO:colcon.colcon_core.shell:Creating prefix util module '/home/athena-uav/Athena/Athena-UAV/install/_local_setup_util_ps1.py'
[99.024s] INFO:colcon.colcon_core.shell:Creating prefix chain script '/home/athena-uav/Athena/Athena-UAV/install/setup.ps1'
[99.030s] INFO:colcon.colcon_core.shell:Creating prefix script '/home/athena-uav/Athena/Athena-UAV/install/local_setup.sh'
[99.035s] INFO:colcon.colcon_core.shell:Creating prefix util module '/home/athena-uav/Athena/Athena-UAV/install/_local_setup_util_sh.py'
[99.038s] INFO:colcon.colcon_core.shell:Creating prefix chain script '/home/athena-uav/Athena/Athena-UAV/install/setup.sh'
[99.044s] INFO:colcon.colcon_core.shell:Creating prefix script '/home/athena-uav/Athena/Athena-UAV/install/local_setup.bash'
[99.048s] INFO:colcon.colcon_core.shell:Creating prefix chain script '/home/athena-uav/Athena/Athena-UAV/install/setup.bash'
[99.053s] INFO:colcon.colcon_core.shell:Creating prefix script '/home/athena-uav/Athena/Athena-UAV/install/local_setup.zsh'
[99.058s] INFO:colcon.colcon_core.shell:Creating prefix chain script '/home/athena-uav/Athena/Athena-UAV/install/setup.zsh'
